60.12.226.20 - - [05/May/2016:04:00:08 +0800] "\x00\x9C\x00\x01\x1A+<M\x00\x01\x00\x00\x01\x00\x00\x00\x00\x00\x00\x03\x00\x00\x00\x03\xFF\xFF\x00\x01local\x00\x00\x00\x00\x00\x00\x00\x00\x00\x00\x00\x00\x00\x00\x00\x00\x00\x00\x00\x00\x00\x00\x00\x00\x00\x00\x00\x00\x00\x00\x00\x00\x00\x00\x00\x00\x00\x00\x00\x00\x00\x00\x00\x00\x00\x00\x00\x00\x00\x00\x00\x00\x00\x00\x00\x00\x00\x00\x00cananian\x00\x00\x00\x00\x00\x00\x00\x00\x00\x00\x00\x00\x00\x00\x00\x00\x00\x00\x00\x00\x00\x00\x00\x00\x00\x00\x00\x00\x00\x00\x00\x00\x00\x00\x00\x00\x00\x00\x00\x00\x00\x00\x00\x00\x00\x00\x00\x00\x00\x00\x00\x00\x00\x00\x00\x00" 400 172 "-" "-"
106.184.3.122 - - [05/May/2016:04:19:41 +0800] "\x05\x02\x00\x02" 400 172 "-" "-"
106.184.3.122 - - [05/May/2016:04:19:47 +0800] "\x04\x01\x1F\x00\x00\x00\x00\x00\x00" 400 172 "-" "-"
150.70.173.10 - - [05/May/2016:04:34:21 +0800] "GET / HTTP/1.1" 200 623 "-" "Mozilla/4.0 (compatible; MSIE 8.0; Windows NT 5.1; Trident/4.0)"
213.246.45.128 - - [05/May/2016:04:43:59 +0800] "GET http://www.baidu.com/cache/global/img/gs.gif HTTP/1.1" 404 168 "-" "Mozilla"
150.70.188.171 - - [05/May/2016:04:46:12 +0800] "GET / HTTP/1.1" 200 623 "-" "Mozilla/4.0 (compatible; MSIE 8.0; Windows NT 5.1; Trident/4.0)"
115.230.124.164 - - [05/May/2016:04:49:05 +0800] "GET http://zc.qq.com/cgi-bin/common/attr?id=260714&r=0.5368000616626161 HTTP/1.1" 404 570 "-" "Mozilla/5.0 (compatible; MSIE 9.0; Windows NT 6.1; Trident/5.0; 360SE)"
114.119.40.120 - - [05/May/2016:05:23:07 +0800] "GET http://123.125.114.238/ HTTP/1.1" 200 623 "-" "Mozilla/4.0 (compatible; MSIE 6.0; Windows NT 5.1; SV1; .NET CLR 2.0.50727; .NET CLR 3.0.04506.648; .NET CLR 3.5.21022)"
112.124.20.21 - - [05/May/2016:05:35:19 +0800] "GET /manager/html HTTP/1.1" 404 570 "-" "Mozilla/5.0 (compatible; MSIE 10.0; Windows NT 6.2; WOW64; Trident/6.0)"
203.156.217.25 - - [05/May/2016:05:41:43 +0800] "GET /manager/html HTTP/1.1" 404 168 "-" "Mozilla/3.0 (compatible; Indy Library)"
115.230.124.164 - - [05/May/2016:07:17:26 +0800] "GET http://zc.qq.com/cgi-bin/common/attr?id=260714&r=0.0691800781472811 HTTP/1.1" 404 570 "-" "Mozilla/5.0 (compatible; MSIE 9.0; Windows NT 6.1; Trident/5.0; 360SE)"
94.102.48.195 - - [05/May/2016:08:15:41 +0800] "GET /robots.txt HTTP/1.0" 404 168 "-" "masscan/1.0 (https://github.com/robertdavidgraham/masscan)"
182.118.22.141 - - [05/May/2016:08:47:11 +0800] "GET /robots.txt HTTP/1.1" 404 570 "http://61.145.73.118/robots.txt" "Mozilla/5.0 (compatible; MSIE 9.0; Windows NT 6.1; Trident/5.0); 360Spider(compatible; HaosouSpider; http://www.haosou.com/help/help_3_2.html)"
120.236.64.196 - - [05/May/2016:08:55:13 +0800] "GET / HTTP/1.1" 304 0 "-" "Mozilla/5.0 (Windows NT 6.1; WOW64) AppleWebKit/537.36 (KHTML, like Gecko) Chrome/42.0.2311.90 Safari/537.36"
120.236.64.196 - - [05/May/2016:08:55:14 +0800] "GET /favicon.ico HTTP/1.1" 404 570 "http://fh.netbarmon.com/" "Mozilla/5.0 (Windows NT 6.1; WOW64) AppleWebKit/537.36 (KHTML, like Gecko) Chrome/42.0.2311.90 Safari/537.36"
120.236.64.196 - - [05/May/2016:08:56:13 +0800] "GET /WeiXin/tokenCheck.php HTTP/1.1" 200 293 "-" "Mozilla/5.0 (Windows NT 6.1; WOW64) AppleWebKit/537.36 (KHTML, like Gecko) Chrome/42.0.2311.90 Safari/537.36"
101.226.233.141 - - [05/May/2016:08:57:46 +0800] "POST /WeiXin/tokenCheck.php?signature=5ca74f2abdd087185d584a4d12ed1dcebbd000b4&timestamp=1462409865&nonce=111904773 HTTP/1.0" 200 458 "-" "Mozilla/4.0"
101.226.233.151 - - [05/May/2016:08:58:09 +0800] "POST /WeiXin/tokenCheck.php?signature=7633df59f24e088c136e9f54b151ff97c25bf4c3&timestamp=1462409889&nonce=1826523161 HTTP/1.0" 200 459 "-" "Mozilla/4.0"
101.226.233.146 - - [05/May/2016:08:58:20 +0800] "POST /WeiXin/tokenCheck.php?signature=8285b96cecc4d58283f93fb3b0f0633290abab99&timestamp=1462409900&nonce=1168888296 HTTP/1.0" 200 458 "-" "Mozilla/4.0"
101.226.233.156 - - [05/May/2016:08:59:34 +0800] "POST /WeiXin/tokenCheck.php?signature=2cb6398785df200b7957d2067132d7017e9c1ba5&timestamp=1462409974&nonce=2063214649 HTTP/1.0" 200 743 "-" "Mozilla/4.0"
101.226.233.156 - - [05/May/2016:09:00:38 +0800] "POST /WeiXin/tokenCheck.php?signature=61d74bf5f1abc2f6aa6f238697ac6bce39e81cbb&timestamp=1462410038&nonce=187054554 HTTP/1.0" 200 901 "-" "Mozilla/4.0"
101.226.233.156 - - [05/May/2016:09:03:44 +0800] "POST /WeiXin/tokenCheck.php?signature=4c3a9f439486e4c352cb8a8a6c5a35a80c9902d7&timestamp=1462410224&nonce=1952366560 HTTP/1.0" 200 908 "-" "Mozilla/4.0"
101.226.233.141 - - [05/May/2016:09:04:51 +0800] "POST /WeiXin/tokenCheck.php?signature=dd0896dfe0ed293c48c61665c967134b37ef7b6c&timestamp=1462410291&nonce=1567737183 HTTP/1.0" 200 743 "-" "Mozilla/4.0"
101.226.233.156 - - [05/May/2016:09:05:19 +0800] "POST /WeiXin/tokenCheck.php?signature=8337e116541d7e18f1fc420dc345b17c8f20fa05&timestamp=1462410319&nonce=312491864 HTTP/1.0" 200 743 "-" "Mozilla/4.0"
101.226.233.156 - - [05/May/2016:09:05:33 +0800] "POST /WeiXin/tokenCheck.php?signature=f590339f757fc78493a1a8760148bff742440631&timestamp=1462410333&nonce=799455926 HTTP/1.0" 200 743 "-" "Mozilla/4.0"
101.226.233.146 - - [05/May/2016:09:07:33 +0800] "POST /WeiXin/tokenCheck.php?signature=3dcb7ca34aca316ada12c9a6cb9db3c6e9ff9a87&timestamp=1462410453&nonce=710406842 HTTP/1.0" 200 901 "-" "Mozilla/4.0"
101.226.233.141 - - [05/May/2016:09:08:17 +0800] "POST /WeiXin/tokenCheck.php?signature=44f0306d957e920883863a1dc0379c5eb1a84258&timestamp=1462410497&nonce=125781159 HTTP/1.0" 200 901 "-" "Mozilla/4.0"
101.226.233.151 - - [05/May/2016:09:10:53 +0800] "POST /WeiXin/tokenCheck.php?signature=60c463d5d63332fd8ce47feedacd56d7e87d52e3&timestamp=1462410653&nonce=219852849 HTTP/1.0" 200 898 "-" "Mozilla/4.0"
101.226.233.156 - - [05/May/2016:09:13:35 +0800] "POST /WeiXin/tokenCheck.php?signature=4598e09f5316fbf15c34f111363e34e5dbbb4e3d&timestamp=1462410815&nonce=1959353838 HTTP/1.0" 200 898 "-" "Mozilla/4.0"
101.226.233.156 - - [05/May/2016:09:18:06 +0800] "POST /WeiXin/tokenCheck.php?signature=68f1388ab5812838dc92517ddbd50d2ae030b4f0&timestamp=1462411086&nonce=1012760778 HTTP/1.0" 200 898 "-" "Mozilla/4.0"
101.226.233.146 - - [05/May/2016:09:23:50 +0800] "POST /WeiXin/tokenCheck.php?signature=275418f451c727b3583a2693163743094ad2037f&timestamp=1462411430&nonce=1989846043 HTTP/1.0" 200 898 "-" "Mozilla/4.0"
106.38.241.147 - - [05/May/2016:09:29:51 +0800] "GET /404.html HTTP/1.1" 404 168 "-" "Sogou web spider/4.0(+http://www.sogou.com/docs/help/webmasters.htm#07)"
101.226.233.156 - - [05/May/2016:09:37:54 +0800] "POST /WeiXin/tokenCheck.php?signature=21ae8f5c52656164f9af7ee5160db482a7d57792&timestamp=1462412274&nonce=182594985 HTTP/1.0" 200 732 "-" "Mozilla/4.0"
101.226.233.156 - - [05/May/2016:09:40:03 +0800] "POST /WeiXin/tokenCheck.php?signature=de7e2046bfd953e172f234009a02133e3c493d33&timestamp=1462412403&nonce=380794110 HTTP/1.0" 200 730 "-" "Mozilla/4.0"
180.149.143.26 - - [05/May/2016:09:43:12 +0800] "GET http://www.baidu.com/duty/index.html HTTP/1.1" 404 570 "-" "Mozilla/5.0 (Windows; U; Windows NT 6.1; en-US) AppleWebKit/534.16 (KHTML, like Gecko) Chrome/10.0.648.151 Safari/534.16"
101.226.233.146 - - [05/May/2016:09:43:21 +0800] "POST /WeiXin/tokenCheck.php?signature=37565226cddadeab146a8a584df42f7a327848c6&timestamp=1462412601&nonce=495441041 HTTP/1.0" 200 732 "-" "Mozilla/4.0"
192.168.0.1 - - [05/May/2016:09:43:33 +0800] "GET /favicon.ico HTTP/1.1" 404 570 "-" "Mozilla/5.0 (Windows NT 10.0; WOW64) AppleWebKit/537.36 (KHTML, like Gecko) Chrome/47.0.2526.80 Safari/537.36 Core/1.47.210.400 QQBrowser/9.3.7743.400"
115.230.124.164 - - [05/May/2016:09:45:19 +0800] "GET http://zc.qq.com/cgi-bin/common/attr?id=260714&r=0.7258523174096161 HTTP/1.1" 404 570 "-" "Mozilla/5.0 (compatible; MSIE 9.0; Windows NT 6.1; Trident/5.0; 360SE)"
101.226.233.151 - - [05/May/2016:09:46:06 +0800] "POST /WeiXin/tokenCheck.php?signature=ccf0a4fb4dfc3052c06cebd8119ceda4f4fca722&timestamp=1462412766&nonce=408048307 HTTP/1.0" 200 730 "-" "Mozilla/4.0"
101.226.233.146 - - [05/May/2016:09:49:58 +0800] "POST /WeiXin/tokenCheck.php?signature=d71ee296f2e97230be057057160a4408c80d6a1c&timestamp=1462412998&nonce=1709817110 HTTP/1.0" 200 730 "-" "Mozilla/4.0"
101.226.233.146 - - [05/May/2016:09:50:24 +0800] "POST /WeiXin/tokenCheck.php?signature=275b112e951b15d9b911e45d8a612f12a5b51857&timestamp=1462413025&nonce=2031675598 HTTP/1.0" 200 730 "-" "Mozilla/4.0"
101.226.233.141 - - [05/May/2016:09:53:09 +0800] "POST /WeiXin/tokenCheck.php?signature=be215f1f97c914c7cb27fdf82aaff627a7740f26&timestamp=1462413189&nonce=1411846657 HTTP/1.0" 200 772 "-" "Mozilla/4.0"
101.226.233.146 - - [05/May/2016:09:53:31 +0800] "POST /WeiXin/tokenCheck.php?signature=da159b26947be24bb8ede536138a8bae7c6cf6f8&timestamp=1462413211&nonce=987345383 HTTP/1.0" 200 772 "-" "Mozilla/4.0"
101.226.233.153 - - [05/May/2016:09:58:51 +0800] "POST /WeiXin/tokenCheck.php?signature=c85a475124260965e01abf0eb4e11eebb3c9d1d9&timestamp=1462413532&nonce=498832401 HTTP/1.0" 200 736 "-" "Mozilla/4.0"
101.226.233.155 - - [05/May/2016:10:19:07 +0800] "POST /WeiXin/tokenCheck.php?signature=fa4c4ad244713aea316f64b1a02f5a4b352bac89&timestamp=1462414747&nonce=2078616578 HTTP/1.0" 200 730 "-" "Mozilla/4.0"
101.226.233.150 - - [05/May/2016:10:19:34 +0800] "POST /WeiXin/tokenCheck.php?signature=fe70c737d86b7141451c9f729886126e520a2f66&timestamp=1462414774&nonce=2096414006 HTTP/1.0" 200 743 "-" "Mozilla/4.0"
123.57.10.148 - - [05/May/2016:10:32:45 +0800] "GET /download/ HTTP/1.1" 408 0 "-" "-"
101.226.233.156 - - [05/May/2016:11:18:32 +0800] "POST /WeiXin/tokenCheck.php?signature=b4c5b76ea63fbd2611b0f6374a3fd4c79c9f76d0&timestamp=1462418313&nonce=1728743519 HTTP/1.0" 200 878 "-" "Mozilla/4.0"
101.226.233.141 - - [05/May/2016:11:21:49 +0800] "POST /WeiXin/tokenCheck.php?signature=92342908ae56a2fd1dd7de2beb6eca75e53eaee7&timestamp=1462418509&nonce=1044363887 HTTP/1.0" 200 881 "-" "Mozilla/4.0"
101.226.233.151 - - [05/May/2016:11:23:12 +0800] "POST /WeiXin/tokenCheck.php?signature=82bd7e1682a6d287b03d42ac2ac2612aaa464658&timestamp=1462418593&nonce=135732929 HTTP/1.0" 200 878 "-" "Mozilla/4.0"
119.127.230.216 - - [05/May/2016:11:23:15 +0800] "GET / HTTP/1.1" 200 623 "-" "Mozilla/5.0 (iPhone; CPU iPhone OS 7_0_4 like Mac OS X) AppleWebKit/537.51.1 (KHTML, like Gecko) Mobile/11B554a MicroMessenger/6.3.16 NetType/WIFI Language/zh_CN"
114.119.40.120 - - [05/May/2016:11:53:17 +0800] "GET http://123.125.114.238/ HTTP/1.1" 200 623 "-" "Mozilla/4.0 (compatible; MSIE 6.0; Windows NT 5.1; SV1; .NET CLR 2.0.50727; .NET CLR 3.0.04506.648; .NET CLR 3.5.21022)"
101.226.233.151 - - [05/May/2016:12:14:55 +0800] "POST /WeiXin/tokenCheck.php?signature=96ecd3df18f98ededcf95e7d320015a19a01db35&timestamp=1462421696&nonce=1020902464 HTTP/1.0" 200 743 "-" "Mozilla/4.0"
101.226.233.151 - - [05/May/2016:12:56:42 +0800] "POST /WeiXin/tokenCheck.php?signature=308a02782994e64406f8af1f024923b4ddc77855&timestamp=1462424203&nonce=199794060 HTTP/1.0" 200 743 "-" "Mozilla/4.0"
123.151.42.61 - - [05/May/2016:13:12:43 +0800] "GET http://www.baidu.com/ HTTP/1.1" 200 623 "-" "-"
140.250.240.229 - - [05/May/2016:13:13:40 +0800] "GET /favicon.ico HTTP/1.1" 404 570 "-" "Mozilla/5.0 (Windows NT 5.1) AppleWebKit/537.36 (KHTML, like Gecko) Chrome/45.0.2454.101 Safari/537.36"
119.167.227.55 - - [05/May/2016:13:16:52 +0800] "GET /manager/html HTTP/1.1" 404 168 "-" "Mozilla/3.0 (compatible; Indy Library)"
119.127.230.216 - - [05/May/2016:13:43:45 +0800] "GET / HTTP/1.1" 200 623 "-" "Mozilla/5.0 (Linux; U; Android 4.1.1; zh-cn; MI 2S Build/JRO03L) AppleWebKit/537.36 (KHTML, like Gecko) Version/4.0 Mobile Safari/537.36 XiaoMi/MiuiBrowser/2.0.1"
119.127.230.216 - - [05/May/2016:13:43:45 +0800] "GET /favicon.ico HTTP/1.1" 404 168 "-" "Mozilla/5.0 (Linux; Android 4.1.1; MI 2 Build/JRO03L) AppleWebKit/537.36 (KHTML, like Gecko) Version/4.0 Mobile Safari/537.36"
119.127.230.216 - - [05/May/2016:14:01:14 +0800] "GET / HTTP/1.1" 200 623 "-" "Mozilla/5.0 (Windows NT 6.1; WOW64) AppleWebKit/537.36 (KHTML, like Gecko) Chrome/42.0.2311.90 Safari/537.36"
119.127.230.216 - - [05/May/2016:14:06:48 +0800] "GET /bangze/images/icon_android.png HTTP/1.1" 404 168 "http://fh.netbarmon.com/bangze/index.html" "Mozilla/5.0 (Linux; U; Android 4.1.1; zh-cn; MI 2S Build/JRO03L) AppleWebKit/537.36 (KHTML, like Gecko) Version/4.0 Mobile Safari/537.36 XiaoMi/MiuiBrowser/2.0.1"
119.127.230.216 - - [05/May/2016:14:06:48 +0800] "GET /bangze/images/short-arrow.png HTTP/1.1" 404 168 "http://fh.netbarmon.com/bangze/index.html" "Mozilla/5.0 (Linux; U; Android 4.1.1; zh-cn; MI 2S Build/JRO03L) AppleWebKit/537.36 (KHTML, like Gecko) Version/4.0 Mobile Safari/537.36 XiaoMi/MiuiBrowser/2.0.1"
119.127.230.216 - - [05/May/2016:14:06:48 +0800] "GET /bangze/images/loading.gif HTTP/1.1" 200 6425 "http://fh.netbarmon.com/bangze/index.html" "Mozilla/5.0 (Linux; U; Android 4.1.1; zh-cn; MI 2S Build/JRO03L) AppleWebKit/537.36 (KHTML, like Gecko) Version/4.0 Mobile Safari/537.36 XiaoMi/MiuiBrowser/2.0.1"
119.127.230.216 - - [05/May/2016:14:06:48 +0800] "GET /bangze/images/down-arrow.png HTTP/1.1" 404 168 "http://fh.netbarmon.com/bangze/index.html" "Mozilla/5.0 (Linux; U; Android 4.1.1; zh-cn; MI 2S Build/JRO03L) AppleWebKit/537.36 (KHTML, like Gecko) Version/4.0 Mobile Safari/537.36 XiaoMi/MiuiBrowser/2.0.1"
119.127.230.216 - - [05/May/2016:14:06:48 +0800] "GET /bangze/images/workspace/global_state_zh-CN.png HTTP/1.1" 404 168 "http://fh.netbarmon.com/bangze/index.html" "Mozilla/5.0 (Linux; U; Android 4.1.1; zh-cn; MI 2S Build/JRO03L) AppleWebKit/537.36 (KHTML, like Gecko) Version/4.0 Mobile Safari/537.36 XiaoMi/MiuiBrowser/2.0.1"
119.127.230.216 - - [05/May/2016:14:06:49 +0800] "GET /bangze/css/font-awesome.min.css HTTP/1.1" 200 27466 "http://fh.netbarmon.com/bangze/index.html" "Mozilla/5.0 (Linux; U; Android 4.1.1; zh-cn; MI 2S Build/JRO03L) AppleWebKit/537.36 (KHTML, like Gecko) Version/4.0 Mobile Safari/537.36 XiaoMi/MiuiBrowser/2.0.1"
119.127.230.216 - - [05/May/2016:14:07:01 +0800] "GET /bangze/assets/sharing-a8ca3a73f2815584415ab40593cb9092.css HTTP/1.1" 200 114166 "http://fh.netbarmon.com/bangze/index.html" "Mozilla/5.0 (Linux; U; Android 4.1.1; zh-cn; MI 2S Build/JRO03L) AppleWebKit/537.36 (KHTML, like Gecko) Version/4.0 Mobile Safari/537.36 XiaoMi/MiuiBrowser/2.0.1"
119.127.230.216 - - [05/May/2016:14:07:10 +0800] "GET /bangze/fonts/fontawesome-webfont.woff?v=4.5.0 HTTP/1.1" 200 83588 "http://fh.netbarmon.com/bangze/index.html" "Mozilla/5.0 (Linux; U; Android 4.1.1; zh-cn; MI 2S Build/JRO03L) AppleWebKit/537.36 (KHTML, like Gecko) Version/4.0 Mobile Safari/537.36 XiaoMi/MiuiBrowser/2.0.1"
119.127.230.216 - - [05/May/2016:14:07:29 +0800] "GET /bangze/index.html HTTP/1.1" 200 463321 "-" "Mozilla/5.0 (Linux; U; Android 4.1.1; zh-cn; MI 2S Build/JRO03L) AppleWebKit/537.36 (KHTML, like Gecko) Version/4.0 Mobile Safari/537.36 XiaoMi/MiuiBrowser/2.0.1"
120.236.64.196 - - [05/May/2016:14:07:33 +0800] "GET /bangze/images/icon_android.png HTTP/1.1" 404 570 "http://fh.netbarmon.com/bangze/index.html" "Mozilla/5.0 (Windows NT 6.1; WOW64) AppleWebKit/537.36 (KHTML, like Gecko) Chrome/42.0.2311.90 Safari/537.36"
120.236.64.196 - - [05/May/2016:14:07:33 +0800] "GET /bangze/images/short-arrow.png HTTP/1.1" 404 570 "http://fh.netbarmon.com/bangze/index.html" "Mozilla/5.0 (Windows NT 6.1; WOW64) AppleWebKit/537.36 (KHTML, like Gecko) Chrome/42.0.2311.90 Safari/537.36"
120.236.64.196 - - [05/May/2016:14:07:33 +0800] "GET /bangze/images/down-arrow.png HTTP/1.1" 404 570 "http://fh.netbarmon.com/bangze/index.html" "Mozilla/5.0 (Windows NT 6.1; WOW64) AppleWebKit/537.36 (KHTML, like Gecko) Chrome/42.0.2311.90 Safari/537.36"
120.236.64.196 - - [05/May/2016:14:07:33 +0800] "GET /bangze/images/loading.gif HTTP/1.1" 200 6425 "http://fh.netbarmon.com/bangze/index.html" "Mozilla/5.0 (Windows NT 6.1; WOW64) AppleWebKit/537.36 (KHTML, like Gecko) Chrome/42.0.2311.90 Safari/537.36"
120.236.64.196 - - [05/May/2016:14:07:33 +0800] "GET /bangze/images/workspace/global_state_zh-CN.png HTTP/1.1" 404 570 "http://fh.netbarmon.com/bangze/index.html" "Mozilla/5.0 (Windows NT 6.1; WOW64) AppleWebKit/537.36 (KHTML, like Gecko) Chrome/42.0.2311.90 Safari/537.36"
120.236.64.196 - - [05/May/2016:14:07:33 +0800] "GET /bangze/css/font-awesome.min.css HTTP/1.1" 200 27466 "http://fh.netbarmon.com/bangze/index.html" "Mozilla/5.0 (Windows NT 6.1; WOW64) AppleWebKit/537.36 (KHTML, like Gecko) Chrome/42.0.2311.90 Safari/537.36"
120.236.64.196 - - [05/May/2016:14:07:33 +0800] "GET /bangze/assets/sharing-a8ca3a73f2815584415ab40593cb9092.css HTTP/1.1" 200 114166 "http://fh.netbarmon.com/bangze/index.html" "Mozilla/5.0 (Windows NT 6.1; WOW64) AppleWebKit/537.36 (KHTML, like Gecko) Chrome/42.0.2311.90 Safari/537.36"
120.236.64.196 - - [05/May/2016:14:07:34 +0800] "GET /bangze/fonts/fontawesome-webfont.woff2?v=4.5.0 HTTP/1.1" 404 570 "http://fh.netbarmon.com/bangze/css/font-awesome.min.css" "Mozilla/5.0 (Windows NT 6.1; WOW64) AppleWebKit/537.36 (KHTML, like Gecko) Chrome/42.0.2311.90 Safari/537.36"
120.236.64.196 - - [05/May/2016:14:07:34 +0800] "GET /bangze/fonts/fontawesome-webfont.woff?v=4.5.0 HTTP/1.1" 200 83588 "http://fh.netbarmon.com/bangze/css/font-awesome.min.css" "Mozilla/5.0 (Windows NT 6.1; WOW64) AppleWebKit/537.36 (KHTML, like Gecko) Chrome/42.0.2311.90 Safari/537.36"
120.236.64.196 - - [05/May/2016:14:07:34 +0800] "GET /bangze/index.html HTTP/1.1" 200 463321 "-" "Mozilla/5.0 (Windows NT 6.1; WOW64) AppleWebKit/537.36 (KHTML, like Gecko) Chrome/42.0.2311.90 Safari/537.36"
120.236.64.196 - - [05/May/2016:14:07:35 +0800] "GET /bangze/assets/sharing-f33ca9e0ff1d4844e0c08851009fe46c.js HTTP/1.1" 200 549555 "http://fh.netbarmon.com/bangze/index.html" "Mozilla/5.0 (Windows NT 6.1; WOW64) AppleWebKit/537.36 (KHTML, like Gecko) Chrome/42.0.2311.90 Safari/537.36"
120.236.64.196 - - [05/May/2016:14:07:35 +0800] "GET /bangze/images/icon_android.png HTTP/1.1" 404 570 "http://fh.netbarmon.com/bangze/index.html" "Mozilla/5.0 (Windows NT 6.1; WOW64) AppleWebKit/537.36 (KHTML, like Gecko) Chrome/42.0.2311.90 Safari/537.36"
119.127.230.216 - - [05/May/2016:14:07:35 +0800] "GET /bangze/assets/sharing-f33ca9e0ff1d4844e0c08851009fe46c.js HTTP/1.1" 200 549555 "http://fh.netbarmon.com/bangze/index.html" "Mozilla/5.0 (Linux; U; Android 4.1.1; zh-cn; MI 2S Build/JRO03L) AppleWebKit/537.36 (KHTML, like Gecko) Version/4.0 Mobile Safari/537.36 XiaoMi/MiuiBrowser/2.0.1"
120.236.64.196 - - [05/May/2016:14:07:36 +0800] "GET /bangze/images/splash.png HTTP/1.1" 200 24357 "http://fh.netbarmon.com/bangze/index.html" "Mozilla/5.0 (Windows NT 6.1; WOW64) AppleWebKit/537.36 (KHTML, like Gecko) Chrome/42.0.2311.90 Safari/537.36"
120.236.64.196 - - [05/May/2016:14:07:36 +0800] "GET /bangze/images/workspace/staticmap_zh-CN.png HTTP/1.1" 200 132594 "http://fh.netbarmon.com/bangze/index.html" "Mozilla/5.0 (Windows NT 6.1; WOW64) AppleWebKit/537.36 (KHTML, like Gecko) Chrome/42.0.2311.90 Safari/537.36"
120.236.64.196 - - [05/May/2016:14:07:36 +0800] "GET /bangze/images/3101146/raw_1461592831.jpeg HTTP/1.1" 200 582765 "http://fh.netbarmon.com/bangze/index.html" "Mozilla/5.0 (Windows NT 6.1; WOW64) AppleWebKit/537.36 (KHTML, like Gecko) Chrome/42.0.2311.90 Safari/537.36"
120.236.64.196 - - [05/May/2016:14:07:37 +0800] "GET /bangze/images/3101479/raw_1461596682.jpeg HTTP/1.1" 200 309953 "http://fh.netbarmon.com/bangze/index.html" "Mozilla/5.0 (Windows NT 6.1; WOW64) AppleWebKit/537.36 (KHTML, like Gecko) Chrome/42.0.2311.90 Safari/537.36"
120.236.64.196 - - [05/May/2016:14:07:37 +0800] "GET /bangze/images/3101475/raw_1461596656.jpeg HTTP/1.1" 200 352919 "http://fh.netbarmon.com/bangze/index.html" "Mozilla/5.0 (Windows NT 6.1; WOW64) AppleWebKit/537.36 (KHTML, like Gecko) Chrome/42.0.2311.90 Safari/537.36"
120.236.64.196 - - [05/May/2016:14:07:38 +0800] "GET /bangze/images/3101476/raw_1461596669.jpeg HTTP/1.1" 200 324297 "http://fh.netbarmon.com/bangze/index.html" "Mozilla/5.0 (Windows NT 6.1; WOW64) AppleWebKit/537.36 (KHTML, like Gecko) Chrome/42.0.2311.90 Safari/537.36"
120.236.64.196 - - [05/May/2016:14:07:39 +0800] "GET /bangze/images/1738926/raw_1449675839.png HTTP/1.1" 200 26214 "http://fh.netbarmon.com/bangze/index.html" "Mozilla/5.0 (Windows NT 6.1; WOW64) AppleWebKit/537.36 (KHTML, like Gecko) Chrome/42.0.2311.90 Safari/537.36"
120.236.64.196 - - [05/May/2016:14:07:39 +0800] "GET /bangze/images/2191445/raw_1453203449.png HTTP/1.1" 200 4141 "http://fh.netbarmon.com/bangze/index.html" "Mozilla/5.0 (Windows NT 6.1; WOW64) AppleWebKit/537.36 (KHTML, like Gecko) Chrome/42.0.2311.90 Safari/537.36"
120.236.64.196 - - [05/May/2016:14:07:39 +0800] "GET /bangze/images/2191452/raw_1453203516.png HTTP/1.1" 200 3521 "http://fh.netbarmon.com/bangze/index.html" "Mozilla/5.0 (Windows NT 6.1; WOW64) AppleWebKit/537.36 (KHTML, like Gecko) Chrome/42.0.2311.90 Safari/537.36"
120.236.64.196 - - [05/May/2016:14:07:39 +0800] "GET /bangze/images/2191439/raw_1453203402.png HTTP/1.1" 200 4273 "http://fh.netbarmon.com/bangze/index.html" "Mozilla/5.0 (Windows NT 6.1; WOW64) AppleWebKit/537.36 (KHTML, like Gecko) Chrome/42.0.2311.90 Safari/537.36"
120.236.64.196 - - [05/May/2016:14:07:39 +0800] "GET /bangze/images/1976012/raw_1451455211.jpeg HTTP/1.1" 200 6531 "http://fh.netbarmon.com/bangze/index.html" "Mozilla/5.0 (Windows NT 6.1; WOW64) AppleWebKit/537.36 (KHTML, like Gecko) Chrome/42.0.2311.90 Safari/537.36"
120.236.64.196 - - [05/May/2016:14:07:39 +0800] "GET /bangze/images/2191468/raw_1453203577.png HTTP/1.1" 200 3670 "http://fh.netbarmon.com/bangze/index.html" "Mozilla/5.0 (Windows NT 6.1; WOW64) AppleWebKit/537.36 (KHTML, like Gecko) Chrome/42.0.2311.90 Safari/537.36"
119.127.230.216 - - [05/May/2016:14:07:39 +0800] "GET /bangze/images/splash.png HTTP/1.1" 200 24357 "http://fh.netbarmon.com/bangze/index.html" "Mozilla/5.0 (Linux; U; Android 4.1.1; zh-cn; MI 2S Build/JRO03L) AppleWebKit/537.36 (KHTML, like Gecko) Version/4.0 Mobile Safari/537.36 XiaoMi/MiuiBrowser/2.0.1"
120.236.64.196 - - [05/May/2016:14:07:39 +0800] "GET /bangze/images/3101748/raw_1461599507.jpeg HTTP/1.1" 200 165190 "http://fh.netbarmon.com/bangze/index.html" "Mozilla/5.0 (Windows NT 6.1; WOW64) AppleWebKit/537.36 (KHTML, like Gecko) Chrome/42.0.2311.90 Safari/537.36"
120.236.64.196 - - [05/May/2016:14:07:44 +0800] "GET /bangze/images/keyboards/iphone_r_portrait.png HTTP/1.1" 200 25139 "http://fh.netbarmon.com/bangze/index.html" "Mozilla/5.0 (Windows NT 6.1; WOW64) AppleWebKit/537.36 (KHTML, like Gecko) Chrome/42.0.2311.90 Safari/537.36"
120.236.64.196 - - [05/May/2016:14:07:45 +0800] "GET /bangze/images/1739394/raw_1449695300.jpeg HTTP/1.1" 200 5438 "http://fh.netbarmon.com/bangze/index.html" "Mozilla/5.0 (Windows NT 6.1; WOW64) AppleWebKit/537.36 (KHTML, like Gecko) Chrome/42.0.2311.90 Safari/537.36"
120.236.64.196 - - [05/May/2016:14:07:46 +0800] "GET /bangze/images/3101918/raw_1461602002.png HTTP/1.1" 200 93014 "http://fh.netbarmon.com/bangze/index.html" "Mozilla/5.0 (Windows NT 6.1; WOW64) AppleWebKit/537.36 (KHTML, like Gecko) Chrome/42.0.2311.90 Safari/537.36"
120.236.64.196 - - [05/May/2016:14:07:46 +0800] "GET /bangze/images/3101823/raw_1461600130.png HTTP/1.1" 200 160571 "http://fh.netbarmon.com/bangze/index.html" "Mozilla/5.0 (Windows NT 6.1; WOW64) AppleWebKit/537.36 (KHTML, like Gecko) Chrome/42.0.2311.90 Safari/537.36"
120.236.64.196 - - [05/May/2016:14:07:46 +0800] "GET /bangze/images/3101886/raw_1461601371.png HTTP/1.1" 200 96243 "http://fh.netbarmon.com/bangze/index.html" "Mozilla/5.0 (Windows NT 6.1; WOW64) AppleWebKit/537.36 (KHTML, like Gecko) Chrome/42.0.2311.90 Safari/537.36"
120.236.64.196 - - [05/May/2016:14:07:46 +0800] "GET /bangze/images/3101839/raw_1461600538.png HTTP/1.1" 200 112274 "http://fh.netbarmon.com/bangze/index.html" "Mozilla/5.0 (Windows NT 6.1; WOW64) AppleWebKit/537.36 (KHTML, like Gecko) Chrome/42.0.2311.90 Safari/537.36"
119.127.230.216 - - [05/May/2016:14:07:49 +0800] "GET /bangze/images/icon_ipad.png HTTP/1.1" 404 168 "-" "Mozilla/5.0 (Linux; U; Android 4.1.1; zh-cn; MI 2S Build/JRO03L) AppleWebKit/537.36 (KHTML, like Gecko) Version/4.0 Mobile Safari/537.36 XiaoMi/MiuiBrowser/2.0.1"
119.127.230.216 - - [05/May/2016:14:07:58 +0800] "GET /bangze/images/workspace/staticmap_zh-CN.png HTTP/1.1" 200 132594 "http://fh.netbarmon.com/bangze/index.html" "Mozilla/5.0 (Linux; U; Android 4.1.1; zh-cn; MI 2S Build/JRO03L) AppleWebKit/537.36 (KHTML, like Gecko) Version/4.0 Mobile Safari/537.36 XiaoMi/MiuiBrowser/2.0.1"
119.127.230.216 - - [05/May/2016:14:08:26 +0800] "GET /bangze/images/3101479/raw_1461596682.jpeg HTTP/1.1" 200 309953 "http://fh.netbarmon.com/bangze/index.html" "Mozilla/5.0 (Linux; U; Android 4.1.1; zh-cn; MI 2S Build/JRO03L) AppleWebKit/537.36 (KHTML, like Gecko) Version/4.0 Mobile Safari/537.36 XiaoMi/MiuiBrowser/2.0.1"
119.127.230.216 - - [05/May/2016:14:08:27 +0800] "GET /bangze/images/3101475/raw_1461596656.jpeg HTTP/1.1" 200 352919 "http://fh.netbarmon.com/bangze/index.html" "Mozilla/5.0 (Linux; U; Android 4.1.1; zh-cn; MI 2S Build/JRO03L) AppleWebKit/537.36 (KHTML, like Gecko) Version/4.0 Mobile Safari/537.36 XiaoMi/MiuiBrowser/2.0.1"
119.127.230.216 - - [05/May/2016:14:08:29 +0800] "GET /bangze/images/1738926/raw_1449675839.png HTTP/1.1" 200 26214 "http://fh.netbarmon.com/bangze/index.html" "Mozilla/5.0 (Linux; U; Android 4.1.1; zh-cn; MI 2S Build/JRO03L) AppleWebKit/537.36 (KHTML, like Gecko) Version/4.0 Mobile Safari/537.36 XiaoMi/MiuiBrowser/2.0.1"
119.127.230.216 - - [05/May/2016:14:08:30 +0800] "GET /bangze/images/1976012/raw_1451455211.jpeg HTTP/1.1" 200 6531 "http://fh.netbarmon.com/bangze/index.html" "Mozilla/5.0 (Linux; U; Android 4.1.1; zh-cn; MI 2S Build/JRO03L) AppleWebKit/537.36 (KHTML, like Gecko) Version/4.0 Mobile Safari/537.36 XiaoMi/MiuiBrowser/2.0.1"
119.127.230.216 - - [05/May/2016:14:08:30 +0800] "GET /bangze/images/2191439/raw_1453203402.png HTTP/1.1" 200 4273 "http://fh.netbarmon.com/bangze/index.html" "Mozilla/5.0 (Linux; U; Android 4.1.1; zh-cn; MI 2S Build/JRO03L) AppleWebKit/537.36 (KHTML, like Gecko) Version/4.0 Mobile Safari/537.36 XiaoMi/MiuiBrowser/2.0.1"
119.127.230.216 - - [05/May/2016:14:08:30 +0800] "GET /bangze/images/3101476/raw_1461596669.jpeg HTTP/1.1" 200 324297 "http://fh.netbarmon.com/bangze/index.html" "Mozilla/5.0 (Linux; U; Android 4.1.1; zh-cn; MI 2S Build/JRO03L) AppleWebKit/537.36 (KHTML, like Gecko) Version/4.0 Mobile Safari/537.36 XiaoMi/MiuiBrowser/2.0.1"
119.127.230.216 - - [05/May/2016:14:08:31 +0800] "GET /bangze/images/2191445/raw_1453203449.png HTTP/1.1" 200 4141 "http://fh.netbarmon.com/bangze/index.html" "Mozilla/5.0 (Linux; U; Android 4.1.1; zh-cn; MI 2S Build/JRO03L) AppleWebKit/537.36 (KHTML, like Gecko) Version/4.0 Mobile Safari/537.36 XiaoMi/MiuiBrowser/2.0.1"
119.127.230.216 - - [05/May/2016:14:08:31 +0800] "GET /bangze/images/2191452/raw_1453203516.png HTTP/1.1" 200 3521 "http://fh.netbarmon.com/bangze/index.html" "Mozilla/5.0 (Linux; U; Android 4.1.1; zh-cn; MI 2S Build/JRO03L) AppleWebKit/537.36 (KHTML, like Gecko) Version/4.0 Mobile Safari/537.36 XiaoMi/MiuiBrowser/2.0.1"
119.127.230.216 - - [05/May/2016:14:08:32 +0800] "GET /bangze/images/2191468/raw_1453203577.png HTTP/1.1" 200 3670 "http://fh.netbarmon.com/bangze/index.html" "Mozilla/5.0 (Linux; U; Android 4.1.1; zh-cn; MI 2S Build/JRO03L) AppleWebKit/537.36 (KHTML, like Gecko) Version/4.0 Mobile Safari/537.36 XiaoMi/MiuiBrowser/2.0.1"
119.127.230.216 - - [05/May/2016:14:08:32 +0800] "GET /bangze/images/keyboards/iphone_r_portrait.png HTTP/1.1" 200 25139 "http://fh.netbarmon.com/bangze/index.html" "Mozilla/5.0 (Linux; U; Android 4.1.1; zh-cn; MI 2S Build/JRO03L) AppleWebKit/537.36 (KHTML, like Gecko) Version/4.0 Mobile Safari/537.36 XiaoMi/MiuiBrowser/2.0.1"
119.127.230.216 - - [05/May/2016:14:08:35 +0800] "GET /bangze/images/1739394/raw_1449695300.jpeg HTTP/1.1" 200 5438 "http://fh.netbarmon.com/bangze/index.html" "Mozilla/5.0 (Linux; U; Android 4.1.1; zh-cn; MI 2S Build/JRO03L) AppleWebKit/537.36 (KHTML, like Gecko) Version/4.0 Mobile Safari/537.36 XiaoMi/MiuiBrowser/2.0.1"
119.127.230.216 - - [05/May/2016:14:08:43 +0800] "GET /bangze/images/3101918/raw_1461602002.png HTTP/1.1" 200 93014 "http://fh.netbarmon.com/bangze/index.html" "Mozilla/5.0 (Linux; U; Android 4.1.1; zh-cn; MI 2S Build/JRO03L) AppleWebKit/537.36 (KHTML, like Gecko) Version/4.0 Mobile Safari/537.36 XiaoMi/MiuiBrowser/2.0.1"
119.127.230.216 - - [05/May/2016:14:08:46 +0800] "GET /bangze/images/3101886/raw_1461601371.png HTTP/1.1" 200 96243 "http://fh.netbarmon.com/bangze/index.html" "Mozilla/5.0 (Linux; U; Android 4.1.1; zh-cn; MI 2S Build/JRO03L) AppleWebKit/537.36 (KHTML, like Gecko) Version/4.0 Mobile Safari/537.36 XiaoMi/MiuiBrowser/2.0.1"
119.127.230.216 - - [05/May/2016:14:08:48 +0800] "GET /bangze/images/2192572/raw_1453212196.jpeg HTTP/1.1" 200 30207 "http://fh.netbarmon.com/bangze/index.html" "Mozilla/5.0 (Linux; U; Android 4.1.1; zh-cn; MI 2S Build/JRO03L) AppleWebKit/537.36 (KHTML, like Gecko) Version/4.0 Mobile Safari/537.36 XiaoMi/MiuiBrowser/2.0.1"
119.127.230.216 - - [05/May/2016:14:08:52 +0800] "GET /bangze/images/3101839/raw_1461600538.png HTTP/1.1" 200 112274 "http://fh.netbarmon.com/bangze/index.html" "Mozilla/5.0 (Linux; U; Android 4.1.1; zh-cn; MI 2S Build/JRO03L) AppleWebKit/537.36 (KHTML, like Gecko) Version/4.0 Mobile Safari/537.36 XiaoMi/MiuiBrowser/2.0.1"
119.127.230.216 - - [05/May/2016:14:08:52 +0800] "GET /bangze/images/2192827/raw_1453215037.png HTTP/1.1" 200 8152 "http://fh.netbarmon.com/bangze/index.html" "Mozilla/5.0 (Linux; U; Android 4.1.1; zh-cn; MI 2S Build/JRO03L) AppleWebKit/537.36 (KHTML, like Gecko) Version/4.0 Mobile Safari/537.36 XiaoMi/MiuiBrowser/2.0.1"
119.127.230.216 - - [05/May/2016:14:08:53 +0800] "GET /bangze/images/3129378/raw_1461750158.png HTTP/1.1" 200 3019 "http://fh.netbarmon.com/bangze/index.html" "Mozilla/5.0 (Linux; U; Android 4.1.1; zh-cn; MI 2S Build/JRO03L) AppleWebKit/537.36 (KHTML, like Gecko) Version/4.0 Mobile Safari/537.36 XiaoMi/MiuiBrowser/2.0.1"
119.127.230.216 - - [05/May/2016:14:08:54 +0800] "GET /bangze/images/3129600/raw_1461750709.png HTTP/1.1" 200 5911 "http://fh.netbarmon.com/bangze/index.html" "Mozilla/5.0 (Linux; U; Android 4.1.1; zh-cn; MI 2S Build/JRO03L) AppleWebKit/537.36 (KHTML, like Gecko) Version/4.0 Mobile Safari/537.36 XiaoMi/MiuiBrowser/2.0.1"
119.127.230.216 - - [05/May/2016:14:08:58 +0800] "GET /bangze/images/3101146/raw_1461592831.jpeg HTTP/1.1" 200 582765 "http://fh.netbarmon.com/bangze/index.html" "Mozilla/5.0 (Linux; U; Android 4.1.1; zh-cn; MI 2S Build/JRO03L) AppleWebKit/537.36 (KHTML, like Gecko) Version/4.0 Mobile Safari/537.36 XiaoMi/MiuiBrowser/2.0.1"
119.127.230.216 - - [05/May/2016:14:09:00 +0800] "GET /bangze/images/3101823/raw_1461600130.png HTTP/1.1" 200 160571 "http://fh.netbarmon.com/bangze/index.html" "Mozilla/5.0 (Linux; U; Android 4.1.1; zh-cn; MI 2S Build/JRO03L) AppleWebKit/537.36 (KHTML, like Gecko) Version/4.0 Mobile Safari/537.36 XiaoMi/MiuiBrowser/2.0.1"
119.127.230.216 - - [05/May/2016:14:09:01 +0800] "GET /bangze/images/3101748/raw_1461599507.jpeg HTTP/1.1" 200 165190 "http://fh.netbarmon.com/bangze/index.html" "Mozilla/5.0 (Linux; U; Android 4.1.1; zh-cn; MI 2S Build/JRO03L) AppleWebKit/537.36 (KHTML, like Gecko) Version/4.0 Mobile Safari/537.36 XiaoMi/MiuiBrowser/2.0.1"
119.127.230.216 - - [05/May/2016:14:09:02 +0800] "GET /bangze/images/1738876/raw_1449675400.jpeg HTTP/1.1" 200 107390 "http://fh.netbarmon.com/bangze/index.html" "Mozilla/5.0 (Linux; U; Android 4.1.1; zh-cn; MI 2S Build/JRO03L) AppleWebKit/537.36 (KHTML, like Gecko) Version/4.0 Mobile Safari/537.36 XiaoMi/MiuiBrowser/2.0.1"
101.226.233.151 - - [05/May/2016:14:27:24 +0800] "POST /WeiXin/tokenCheck.php?signature=7273a4383e4f494a7a7930dd83c03efd4721daea&timestamp=1462429644&nonce=1751022130 HTTP/1.0" 200 793 "-" "Mozilla/4.0"
101.226.233.155 - - [05/May/2016:14:28:53 +0800] "POST /WeiXin/tokenCheck.php?signature=a05a2f27376ada124bfde0577eca67c0427e8d36&timestamp=1462429734&nonce=1209301066 HTTP/1.0" 200 793 "-" "Mozilla/4.0"
183.232.118.13 - - [05/May/2016:14:28:54 +0800] "GET / HTTP/1.1" 200 623 "-" "Mozilla/5.0 (Windows; U; Windows NT 5.1; zh-CN; rv:1.9b4) Gecko/2008030317 Firefox/3.0b4"
163.177.93.243 - - [05/May/2016:14:28:54 +0800] "GET / HTTP/1.1" 200 623 "-" "Mozilla/5.0 (Windows; U; Windows NT 5.1; zh-CN; rv:1.9b4) Gecko/2008030317 Firefox/3.0b4"
119.127.230.216 - - [05/May/2016:14:28:54 +0800] "GET /bangze/index.html HTTP/1.1" 200 463321 "-" "Mozilla/5.0 (iPhone; CPU iPhone OS 7_0_4 like Mac OS X) AppleWebKit/537.51.1 (KHTML, like Gecko) Mobile/11B554a MicroMessenger/6.3.16 NetType/WIFI Language/zh_CN"
119.127.230.216 - - [05/May/2016:14:28:54 +0800] "GET /bangze/css/font-awesome.min.css HTTP/1.1" 200 27466 "http://fh.netbarmon.com/bangze/index.html" "Mozilla/5.0 (iPhone; CPU iPhone OS 7_0_4 like Mac OS X) AppleWebKit/537.51.1 (KHTML, like Gecko) Mobile/11B554a MicroMessenger/6.3.16 NetType/WIFI Language/zh_CN"
119.127.230.216 - - [05/May/2016:14:29:00 +0800] "GET /bangze/assets/sharing-a8ca3a73f2815584415ab40593cb9092.css HTTP/1.1" 200 114166 "http://fh.netbarmon.com/bangze/index.html" "Mozilla/5.0 (iPhone; CPU iPhone OS 7_0_4 like Mac OS X) AppleWebKit/537.51.1 (KHTML, like Gecko) Mobile/11B554a MicroMessenger/6.3.16 NetType/WIFI Language/zh_CN"
119.127.230.216 - - [05/May/2016:14:29:07 +0800] "GET /bangze/fonts/fontawesome-webfont.woff?v=4.5.0 HTTP/1.1" 200 83588 "http://fh.netbarmon.com/bangze/index.html" "Mozilla/5.0 (iPhone; CPU iPhone OS 7_0_4 like Mac OS X) AppleWebKit/537.51.1 (KHTML, like Gecko) Mobile/11B554a MicroMessenger/6.3.16 NetType/WIFI Language/zh_CN"
119.127.230.216 - - [05/May/2016:14:29:25 +0800] "GET /bangze/images/loading.gif HTTP/1.1" 200 6425 "http://fh.netbarmon.com/bangze/index.html" "Mozilla/5.0 (Linux; U; Android 4.1.1; zh-cn; MI 2S Build/JRO03L) AppleWebKit/533.1 (KHTML, like Gecko)Version/4.0 MQQBrowser/5.4 TBS/025489 Mobile Safari/533.1 MicroMessenger/6.3.16.49_r03ae324.780 NetType/WIFI Language/zh_CN"
119.127.230.216 - - [05/May/2016:14:29:26 +0800] "GET /bangze/images/icon_android.png HTTP/1.1" 404 168 "http://fh.netbarmon.com/bangze/index.html" "Mozilla/5.0 (Linux; U; Android 4.1.1; zh-cn; MI 2S Build/JRO03L) AppleWebKit/533.1 (KHTML, like Gecko)Version/4.0 MQQBrowser/5.4 TBS/025489 Mobile Safari/533.1 MicroMessenger/6.3.16.49_r03ae324.780 NetType/WIFI Language/zh_CN"
119.127.230.216 - - [05/May/2016:14:29:26 +0800] "GET /bangze/images/short-arrow.png HTTP/1.1" 404 168 "http://fh.netbarmon.com/bangze/index.html" "Mozilla/5.0 (Linux; U; Android 4.1.1; zh-cn; MI 2S Build/JRO03L) AppleWebKit/533.1 (KHTML, like Gecko)Version/4.0 MQQBrowser/5.4 TBS/025489 Mobile Safari/533.1 MicroMessenger/6.3.16.49_r03ae324.780 NetType/WIFI Language/zh_CN"
119.127.230.216 - - [05/May/2016:14:29:26 +0800] "GET /bangze/images/down-arrow.png HTTP/1.1" 404 168 "http://fh.netbarmon.com/bangze/index.html" "Mozilla/5.0 (Linux; U; Android 4.1.1; zh-cn; MI 2S Build/JRO03L) AppleWebKit/533.1 (KHTML, like Gecko)Version/4.0 MQQBrowser/5.4 TBS/025489 Mobile Safari/533.1 MicroMessenger/6.3.16.49_r03ae324.780 NetType/WIFI Language/zh_CN"
119.127.230.216 - - [05/May/2016:14:29:26 +0800] "GET /bangze/images/workspace/global_state_zh-CN.png HTTP/1.1" 404 168 "http://fh.netbarmon.com/bangze/index.html" "Mozilla/5.0 (Linux; U; Android 4.1.1; zh-cn; MI 2S Build/JRO03L) AppleWebKit/533.1 (KHTML, like Gecko)Version/4.0 MQQBrowser/5.4 TBS/025489 Mobile Safari/533.1 MicroMessenger/6.3.16.49_r03ae324.780 NetType/WIFI Language/zh_CN"
119.127.230.216 - - [05/May/2016:14:29:27 +0800] "GET /bangze/css/font-awesome.min.css HTTP/1.1" 200 27466 "http://fh.netbarmon.com/bangze/index.html" "Mozilla/5.0 (Linux; U; Android 4.1.1; zh-cn; MI 2S Build/JRO03L) AppleWebKit/533.1 (KHTML, like Gecko)Version/4.0 MQQBrowser/5.4 TBS/025489 Mobile Safari/533.1 MicroMessenger/6.3.16.49_r03ae324.780 NetType/WIFI Language/zh_CN"
119.127.230.216 - - [05/May/2016:14:29:49 +0800] "GET /bangze/assets/sharing-a8ca3a73f2815584415ab40593cb9092.css HTTP/1.1" 200 114166 "http://fh.netbarmon.com/bangze/index.html" "Mozilla/5.0 (Linux; U; Android 4.1.1; zh-cn; MI 2S Build/JRO03L) AppleWebKit/533.1 (KHTML, like Gecko)Version/4.0 MQQBrowser/5.4 TBS/025489 Mobile Safari/533.1 MicroMessenger/6.3.16.49_r03ae324.780 NetType/WIFI Language/zh_CN"
119.127.230.216 - - [05/May/2016:14:29:55 +0800] "GET /bangze/assets/sharing-f33ca9e0ff1d4844e0c08851009fe46c.js HTTP/1.1" 200 524288 "http://fh.netbarmon.com/bangze/index.html" "Mozilla/5.0 (iPhone; CPU iPhone OS 7_0_4 like Mac OS X) AppleWebKit/537.51.1 (KHTML, like Gecko) Mobile/11B554a MicroMessenger/6.3.16 NetType/WIFI Language/zh_CN"
119.127.230.216 - - [05/May/2016:14:30:02 +0800] "GET /bangze/fonts/fontawesome-webfont.woff?v=4.5.0 HTTP/1.1" 200 83588 "http://fh.netbarmon.com/bangze/index.html" "Mozilla/5.0 (Linux; U; Android 4.1.1; zh-cn; MI 2S Build/JRO03L) AppleWebKit/533.1 (KHTML, like Gecko)Version/4.0 MQQBrowser/5.4 TBS/025489 Mobile Safari/533.1 MicroMessenger/6.3.16.49_r03ae324.780 NetType/WIFI Language/zh_CN"
119.127.230.216 - - [05/May/2016:14:30:31 +0800] "GET /bangze/index.html HTTP/1.1" 200 463321 "-" "Mozilla/5.0 (Linux; U; Android 4.1.1; zh-cn; MI 2S Build/JRO03L) AppleWebKit/533.1 (KHTML, like Gecko)Version/4.0 MQQBrowser/5.4 TBS/025489 Mobile Safari/533.1 MicroMessenger/6.3.16.49_r03ae324.780 NetType/WIFI Language/zh_CN"
119.127.230.216 - - [05/May/2016:14:30:47 +0800] "GET /bangze/assets/sharing-f33ca9e0ff1d4844e0c08851009fe46c.js HTTP/1.1" 200 549555 "http://fh.netbarmon.com/bangze/index.html" "Mozilla/5.0 (Linux; U; Android 4.1.1; zh-cn; MI 2S Build/JRO03L) AppleWebKit/533.1 (KHTML, like Gecko)Version/4.0 MQQBrowser/5.4 TBS/025489 Mobile Safari/533.1 MicroMessenger/6.3.16.49_r03ae324.780 NetType/WIFI Language/zh_CN"
119.127.230.216 - - [05/May/2016:14:31:11 +0800] "GET /bangze/images/splash.png HTTP/1.1" 200 24357 "http://fh.netbarmon.com/bangze/index.html" "Mozilla/5.0 (Linux; U; Android 4.1.1; zh-cn; MI 2S Build/JRO03L) AppleWebKit/533.1 (KHTML, like Gecko)Version/4.0 MQQBrowser/5.4 TBS/025489 Mobile Safari/533.1 MicroMessenger/6.3.16.49_r03ae324.780 NetType/WIFI Language/zh_CN"
119.127.230.216 - - [05/May/2016:14:31:51 +0800] "GET /bangze/images/workspace/staticmap_zh-CN.png HTTP/1.1" 200 132594 "http://fh.netbarmon.com/bangze/index.html" "Mozilla/5.0 (Linux; U; Android 4.1.1; zh-cn; MI 2S Build/JRO03L) AppleWebKit/533.1 (KHTML, like Gecko)Version/4.0 MQQBrowser/5.4 TBS/025489 Mobile Safari/533.1 MicroMessenger/6.3.16.49_r03ae324.780 NetType/WIFI Language/zh_CN"
119.127.230.216 - - [05/May/2016:14:32:19 +0800] "GET /bangze/images/3101479/raw_1461596682.jpeg HTTP/1.1" 200 309953 "http://fh.netbarmon.com/bangze/index.html" "Mozilla/5.0 (Linux; U; Android 4.1.1; zh-cn; MI 2S Build/JRO03L) AppleWebKit/533.1 (KHTML, like Gecko)Version/4.0 MQQBrowser/5.4 TBS/025489 Mobile Safari/533.1 MicroMessenger/6.3.16.49_r03ae324.780 NetType/WIFI Language/zh_CN"
119.127.230.216 - - [05/May/2016:14:32:28 +0800] "GET /bangze/images/3101476/raw_1461596669.jpeg HTTP/1.1" 200 324297 "http://fh.netbarmon.com/bangze/index.html" "Mozilla/5.0 (Linux; U; Android 4.1.1; zh-cn; MI 2S Build/JRO03L) AppleWebKit/533.1 (KHTML, like Gecko)Version/4.0 MQQBrowser/5.4 TBS/025489 Mobile Safari/533.1 MicroMessenger/6.3.16.49_r03ae324.780 NetType/WIFI Language/zh_CN"
119.127.230.216 - - [05/May/2016:14:32:38 +0800] "GET /bangze/images/3101475/raw_1461596656.jpeg HTTP/1.1" 200 352919 "http://fh.netbarmon.com/bangze/index.html" "Mozilla/5.0 (Linux; U; Android 4.1.1; zh-cn; MI 2S Build/JRO03L) AppleWebKit/533.1 (KHTML, like Gecko)Version/4.0 MQQBrowser/5.4 TBS/025489 Mobile Safari/533.1 MicroMessenger/6.3.16.49_r03ae324.780 NetType/WIFI Language/zh_CN"
119.127.230.216 - - [05/May/2016:14:32:49 +0800] "GET /bangze/images/3101146/raw_1461592831.jpeg HTTP/1.1" 200 582765 "http://fh.netbarmon.com/bangze/index.html" "Mozilla/5.0 (Linux; U; Android 4.1.1; zh-cn; MI 2S Build/JRO03L) AppleWebKit/533.1 (KHTML, like Gecko)Version/4.0 MQQBrowser/5.4 TBS/025489 Mobile Safari/533.1 MicroMessenger/6.3.16.49_r03ae324.780 NetType/WIFI Language/zh_CN"
40.77.167.53 - - [05/May/2016:14:34:27 +0800] "GET /robots.txt HTTP/1.1" 404 168 "-" "Mozilla/5.0 (compatible; bingbot/2.0; +http://www.bing.com/bingbot.htm)"
40.77.167.53 - - [05/May/2016:14:34:31 +0800] "GET / HTTP/1.1" 200 623 "-" "Mozilla/5.0 (compatible; bingbot/2.0; +http://www.bing.com/bingbot.htm)"
120.236.64.196 - - [05/May/2016:14:45:29 +0800] "GET /pic/Gary.bmp HTTP/1.1" 200 20216 "-" "Mozilla/5.0 (Windows NT 6.1; WOW64) AppleWebKit/537.36 (KHTML, like Gecko) Chrome/42.0.2311.90 Safari/537.36"
120.236.64.196 - - [05/May/2016:14:45:42 +0800] "GET /pic/Gary.bmp HTTP/1.1" 304 0 "-" "Mozilla/5.0 (Windows NT 6.1; WOW64) AppleWebKit/537.36 (KHTML, like Gecko) Chrome/42.0.2311.90 Safari/537.36"
101.226.233.140 - - [05/May/2016:14:49:51 +0800] "POST /WeiXin/tokenCheck.php?signature=082b3743141de8dbd83d772ee933c20cc47b8111&timestamp=1462430991&nonce=1650605768 HTTP/1.0" 200 732 "-" "Mozilla/4.0"
101.226.233.155 - - [05/May/2016:14:50:22 +0800] "POST /WeiXin/tokenCheck.php?signature=a0a6efdc604e911228764b4e6e35c9a8d64c4966&timestamp=1462431023&nonce=1752339805 HTTP/1.0" 200 946 "-" "Mozilla/4.0"
119.127.230.216 - - [05/May/2016:14:50:24 +0800] "GET /pic/Gary.bmp HTTP/1.1" 200 20216 "-" "Dalvik/1.6.0 (Linux; U; Android 4.1.1; MI 2S MIUI/JLB49.0)"
119.127.230.216 - - [05/May/2016:14:50:34 +0800] "GET /pic/Gary.bmp HTTP/1.1" 200 20216 "-" "Dalvik/1.6.0 (Linux; U; Android 4.1.1; MI 2S MIUI/JLB49.0)"
163.177.69.107 - - [05/May/2016:14:50:36 +0800] "GET / HTTP/1.1" 200 623 "-" "Mozilla/5.0 (Windows; U; Windows NT 5.1; zh-CN; rv:1.9b4) Gecko/2008030317 Firefox/3.0b4"
14.17.37.145 - - [05/May/2016:14:50:36 +0800] "GET / HTTP/1.1" 200 623 "-" "Mozilla/5.0 (Linux; U; Android 4.1.1; zh-cn; MI 2S Build/JRO03L) AppleWebKit/533.1 (KHTML, like Gecko)Version/4.0 MQQBrowser/5.4 TBS/025489 Mobile Safari/533.1 MicroMessenger/6.3.16.49_r03ae324.780 NetType/WIFI Language/zh_CN"
183.232.118.15 - - [05/May/2016:14:50:47 +0800] "GET / HTTP/1.1" 200 623 "-" "Mozilla/5.0 (Windows; U; Windows NT 5.1; zh-CN; rv:1.9b4) Gecko/2008030317 Firefox/3.0b4"
60.11.125.190 - - [05/May/2016:14:50:53 +0800] "POST /login.action HTTP/1.1" 404 168 "-" "Mozilla/5.0"
101.226.233.152 - - [05/May/2016:15:00:27 +0800] "POST /WeiXin/tokenCheck.php?signature=e9477d0c34eb1eb34588ac86fb0f4592d5788a26&timestamp=1462431627&nonce=537752878 HTTP/1.0" 200 793 "-" "Mozilla/4.0"
113.105.158.21 - - [05/May/2016:15:00:33 +0800] "GET /bangze/images/loading.gif HTTP/1.1" 200 6425 "http://fh.netbarmon.com/bangze/index.html" "Mozilla/5.0 (iPhone; CPU iPhone OS 7_0_4 like Mac OS X) AppleWebKit/537.51.1 (KHTML, like Gecko) Mobile/11B554a MicroMessenger/6.3.16 NetType/2G Language/zh_CN"
113.105.158.21 - - [05/May/2016:15:00:35 +0800] "GET /bangze/images/icon_android.png HTTP/1.1" 404 168 "http://fh.netbarmon.com/bangze/index.html" "Mozilla/5.0 (iPhone; CPU iPhone OS 7_0_4 like Mac OS X) AppleWebKit/537.51.1 (KHTML, like Gecko) Mobile/11B554a MicroMessenger/6.3.16 NetType/2G Language/zh_CN"
113.105.158.18 - - [05/May/2016:15:00:38 +0800] "GET /bangze/images/short-arrow.png HTTP/1.1" 404 168 "http://fh.netbarmon.com/bangze/index.html" "Mozilla/5.0 (iPhone; CPU iPhone OS 7_0_4 like Mac OS X) AppleWebKit/537.51.1 (KHTML, like Gecko) Mobile/11B554a MicroMessenger/6.3.16 NetType/2G Language/zh_CN"
113.105.158.18 - - [05/May/2016:15:00:38 +0800] "GET /bangze/images/down-arrow.png HTTP/1.1" 404 168 "http://fh.netbarmon.com/bangze/index.html" "Mozilla/5.0 (iPhone; CPU iPhone OS 7_0_4 like Mac OS X) AppleWebKit/537.51.1 (KHTML, like Gecko) Mobile/11B554a MicroMessenger/6.3.16 NetType/2G Language/zh_CN"
101.226.233.140 - - [05/May/2016:15:35:19 +0800] "POST /WeiXin/tokenCheck.php?signature=80e037382f8a72446a4bdaca5b4b4e57b239be89&timestamp=1462433719&nonce=1889233980 HTTP/1.0" 200 1318 "-" "Mozilla/4.0"
119.127.230.216 - - [05/May/2016:15:35:59 +0800] "GET / HTTP/1.1" 200 623 "-" "Mozilla/5.0 (Linux; Android 4.1.1; MI 2 Build/JRO03L) AppleWebKit/537.36 (KHTML, like Gecko) Version/4.0 Chrome/37.0.0.0 Mobile MQQBrowser/6.2 TBS/036215 Safari/537.36 MicroMessenger/6.3.16.49_r03ae324.780 NetType/WIFI Language/zh_CN"
119.127.230.216 - - [05/May/2016:15:36:00 +0800] "GET /favicon.ico HTTP/1.1" 404 570 "-" "Mozilla/5.0 (Linux; Android 4.1.1; MI 2 Build/JRO03L) AppleWebKit/537.36 (KHTML, like Gecko) Version/4.0 Chrome/37.0.0.0 Mobile MQQBrowser/6.2 TBS/036215 Safari/537.36 MicroMessenger/6.3.16.49_r03ae324.780 NetType/WIFI Language/zh_CN"
101.226.233.140 - - [05/May/2016:15:47:01 +0800] "POST /WeiXin/tokenCheck.php?signature=f4fa067c093ffb6bc4ab32f47124a2177d585a6b&timestamp=1462434422&nonce=8822432 HTTP/1.0" 200 465 "-" "Mozilla/4.0"
101.226.233.150 - - [05/May/2016:15:47:20 +0800] "POST /WeiXin/tokenCheck.php?signature=712d87f523d1082fcd6c4b06ff9fd4f799a34c68&timestamp=1462434441&nonce=592092356 HTTP/1.0" 200 465 "-" "Mozilla/4.0"
101.226.233.155 - - [05/May/2016:15:47:36 +0800] "POST /WeiXin/tokenCheck.php?signature=9ef5d0f1086b9615a65aff6201bb350e88acac78&timestamp=1462434456&nonce=527410514 HTTP/1.0" 200 464 "-" "Mozilla/4.0"
101.226.233.155 - - [05/May/2016:15:47:49 +0800] "POST /WeiXin/tokenCheck.php?signature=a89753c5ac6f11f22f25eb709ec5609bdfda79b0&timestamp=1462434469&nonce=1443099003 HTTP/1.0" 200 463 "-" "Mozilla/4.0"
101.226.233.150 - - [05/May/2016:15:48:47 +0800] "POST /WeiXin/tokenCheck.php?signature=29f1a3f0a562846a00e2b1b3395db9afa1231405&timestamp=1462434528&nonce=2134818412 HTTP/1.0" 200 868 "-" "Mozilla/4.0"
101.226.233.150 - - [05/May/2016:15:49:24 +0800] "POST /WeiXin/tokenCheck.php?signature=cbff6ad31d0c7984223ee531e09131360e76b3c3&timestamp=1462434565&nonce=1414081128 HTTP/1.0" 200 1344 "-" "Mozilla/4.0"
101.226.233.141 - - [05/May/2016:15:50:42 +0800] "POST /WeiXin/tokenCheck.php?signature=7dc6fab7bbf6b1b7023b48f20754ae2545dff222&timestamp=1462434643&nonce=2082644541 HTTP/1.0" 200 1196 "-" "Mozilla/4.0"
101.226.233.145 - - [05/May/2016:15:52:39 +0800] "POST /WeiXin/tokenCheck.php?signature=e33c7dfeba7df07528b158906a66a0c51030bdd8&timestamp=1462434760&nonce=1058678539 HTTP/1.0" 200 1206 "-" "Mozilla/4.0"
101.226.233.140 - - [05/May/2016:15:54:50 +0800] "POST /WeiXin/tokenCheck.php?signature=03a6f3e62e3bd712a3997d40ac4e0817e1caf25f&timestamp=1462434891&nonce=854205843 HTTP/1.0" 200 1207 "-" "Mozilla/4.0"
101.226.233.155 - - [05/May/2016:15:55:18 +0800] "POST /WeiXin/tokenCheck.php?signature=c412cf3e87a50d63706e194dced5593584ad0e7f&timestamp=1462434918&nonce=1660819372 HTTP/1.0" 200 1241 "-" "Mozilla/4.0"
14.17.37.145 - - [05/May/2016:15:55:22 +0800] "GET /favicon.ico HTTP/1.1" 404 570 "-" "Mozilla/5.0 (Linux; Android 4.1.1; MI 2 Build/JRO03L) AppleWebKit/537.36 (KHTML, like Gecko) Version/4.0 Chrome/37.0.0.0 Mobile MQQBrowser/6.2 TBS/036215 Safari/537.36 MicroMessenger/6.3.16.49_r03ae324.780 NetType/WIFI Language/zh_CN"
183.232.90.36 - - [05/May/2016:15:55:22 +0800] "GET / HTTP/1.1" 200 623 "-" "Mozilla/5.0 (Windows; U; Windows NT 5.1; zh-CN; rv:1.9b4) Gecko/2008030317 Firefox/3.0b4"
163.177.69.13 - - [05/May/2016:15:55:22 +0800] "GET / HTTP/1.1" 200 623 "-" "Mozilla/5.0 (Windows; U; Windows NT 5.1; zh-CN; rv:1.9b4) Gecko/2008030317 Firefox/3.0b4"
101.226.233.155 - - [05/May/2016:15:56:17 +0800] "POST /WeiXin/tokenCheck.php?signature=9c016e5a5cff16513b97f7765b1c7d99350e2649&timestamp=1462434977&nonce=1281110597 HTTP/1.0" 200 1251 "-" "Mozilla/4.0"
101.226.233.145 - - [05/May/2016:15:57:51 +0800] "POST /WeiXin/tokenCheck.php?signature=d035e6b0f755c72a68601adfd5cb45f5d5defcf9&timestamp=1462435072&nonce=784713709 HTTP/1.0" 200 1243 "-" "Mozilla/4.0"
101.226.233.150 - - [05/May/2016:15:59:45 +0800] "POST /WeiXin/tokenCheck.php?signature=cf104a63130fb60bb12bc5cfad9d2842c826b20d&timestamp=1462435186&nonce=1488423640 HTTP/1.0" 200 1244 "-" "Mozilla/4.0"
101.226.233.145 - - [05/May/2016:16:00:07 +0800] "POST /WeiXin/tokenCheck.php?signature=fc19307bd1ce8d8e1d1fabeac5c175713168f304&timestamp=1462435207&nonce=1523818424 HTTP/1.0" 200 793 "-" "Mozilla/4.0"
14.17.37.145 - - [05/May/2016:16:00:07 +0800] "GET /bangze/index.html HTTP/1.1" 200 463321 "-" "Mozilla/5.0 (Linux; Android 4.1.1; MI 2 Build/JRO03L) AppleWebKit/537.36 (KHTML, like Gecko) Version/4.0 Chrome/37.0.0.0 Mobile MQQBrowser/6.2 TBS/036215 Safari/537.36 MicroMessenger/6.3.16.49_r03ae324.780 NetType/WIFI Language/zh_CN"
119.127.230.216 - - [05/May/2016:16:00:08 +0800] "GET /bangze/images/icon_android.png HTTP/1.1" 404 570 "http://fh.netbarmon.com/bangze/index.html" "Mozilla/5.0 (Linux; Android 4.1.1; MI 2 Build/JRO03L) AppleWebKit/537.36 (KHTML, like Gecko) Version/4.0 Chrome/37.0.0.0 Mobile MQQBrowser/6.2 TBS/036215 Safari/537.36 MicroMessenger/6.3.16.49_r03ae324.780 NetType/WIFI Language/zh_CN"
119.127.230.216 - - [05/May/2016:16:00:08 +0800] "GET /bangze/images/short-arrow.png HTTP/1.1" 404 570 "http://fh.netbarmon.com/bangze/index.html" "Mozilla/5.0 (Linux; Android 4.1.1; MI 2 Build/JRO03L) AppleWebKit/537.36 (KHTML, like Gecko) Version/4.0 Chrome/37.0.0.0 Mobile MQQBrowser/6.2 TBS/036215 Safari/537.36 MicroMessenger/6.3.16.49_r03ae324.780 NetType/WIFI Language/zh_CN"
119.127.230.216 - - [05/May/2016:16:00:08 +0800] "GET /bangze/images/down-arrow.png HTTP/1.1" 404 570 "http://fh.netbarmon.com/bangze/index.html" "Mozilla/5.0 (Linux; Android 4.1.1; MI 2 Build/JRO03L) AppleWebKit/537.36 (KHTML, like Gecko) Version/4.0 Chrome/37.0.0.0 Mobile MQQBrowser/6.2 TBS/036215 Safari/537.36 MicroMessenger/6.3.16.49_r03ae324.780 NetType/WIFI Language/zh_CN"
119.127.230.216 - - [05/May/2016:16:00:08 +0800] "GET /bangze/images/loading.gif HTTP/1.1" 200 6425 "http://fh.netbarmon.com/bangze/index.html" "Mozilla/5.0 (Linux; Android 4.1.1; MI 2 Build/JRO03L) AppleWebKit/537.36 (KHTML, like Gecko) Version/4.0 Chrome/37.0.0.0 Mobile MQQBrowser/6.2 TBS/036215 Safari/537.36 MicroMessenger/6.3.16.49_r03ae324.780 NetType/WIFI Language/zh_CN"
