163.172.173.62 - - [04/Aug/2016:01:24:03 +0800] "GET http://www.baidu.com/cache/global/img/gs.gif HTTP/1.1" 404 168 "-" "Mozilla"
115.239.228.202 - - [04/Aug/2016:01:48:33 +0800] "GET http://zc.qq.com/cgi-bin/common/attr?id=260714&r=0.4802180312483997 HTTP/1.1" 404 570 "-" "Mozilla/5.0 (compatible; MSIE 9.0; Windows NT 6.1; Trident/5.0; 360SE)"
87.106.189.34 - - [04/Aug/2016:02:58:54 +0800] "GET //jmx-console/HtmlAdaptor HTTP/1.1" 404 570 "-" "Mozilla/4.0 (compatible; MSIE 6.0; Windows 98)"
115.239.228.202 - - [04/Aug/2016:03:02:38 +0800] "GET http://zc.qq.com/cgi-bin/common/attr?id=260714&r=0.2276122684186843 HTTP/1.1" 404 570 "-" "Mozilla/5.0 (compatible; MSIE 9.0; Windows NT 6.1; Trident/5.0; 360SE)"
61.216.2.13 - - [04/Aug/2016:03:03:00 +0800] "POST /404 HTTP/1.1" 404 168 "-" "apache"
222.186.134.8 - tomcat [04/Aug/2016:03:14:04 +0800] "GET /manager/html HTTP/1.1" 404 570 "-" "Mozilla/4.0 (compatible; MSIE 8.0; Windows NT 5.1; Trident/4.0; .NET CLR 1.1.4322; .NET CLR 2.0.50727; .NET4.0C; .NET4.0E; .NET CLR 3.0.4506.2152; .NET CLR 3.5.30729)"
222.186.134.8 - tomcat [04/Aug/2016:03:14:10 +0800] "GET /manager/html HTTP/1.1" 404 570 "-" "Mozilla/4.0 (compatible; MSIE 8.0; Windows NT 5.1; Trident/4.0; .NET CLR 1.1.4322; .NET CLR 2.0.50727; .NET4.0C; .NET4.0E; .NET CLR 3.0.4506.2152; .NET CLR 3.5.30729)"
222.186.134.8 - tomcat [04/Aug/2016:03:14:15 +0800] "GET /manager/html HTTP/1.1" 404 570 "-" "Mozilla/4.0 (compatible; MSIE 8.0; Windows NT 5.1; Trident/4.0; .NET CLR 1.1.4322; .NET CLR 2.0.50727; .NET4.0C; .NET4.0E; .NET CLR 3.0.4506.2152; .NET CLR 3.5.30729)"
222.186.134.8 - tomcat [04/Aug/2016:03:14:21 +0800] "GET /manager/html HTTP/1.1" 404 570 "-" "Mozilla/4.0 (compatible; MSIE 8.0; Windows NT 5.1; Trident/4.0; .NET CLR 1.1.4322; .NET CLR 2.0.50727; .NET4.0C; .NET4.0E; .NET CLR 3.0.4506.2152; .NET CLR 3.5.30729)"
222.186.134.8 - tomcat [04/Aug/2016:03:14:29 +0800] "GET /manager/html HTTP/1.1" 404 570 "-" "Mozilla/4.0 (compatible; MSIE 8.0; Windows NT 5.1; Trident/4.0; .NET CLR 1.1.4322; .NET CLR 2.0.50727; .NET4.0C; .NET4.0E; .NET CLR 3.0.4506.2152; .NET CLR 3.5.30729)"
222.186.134.8 - tomcat [04/Aug/2016:03:14:32 +0800] "GET /manager/html HTTP/1.1" 404 570 "-" "Mozilla/4.0 (compatible; MSIE 8.0; Windows NT 5.1; Trident/4.0; .NET CLR 1.1.4322; .NET CLR 2.0.50727; .NET4.0C; .NET4.0E; .NET CLR 3.0.4506.2152; .NET CLR 3.5.30729)"
222.186.134.8 - tomcat [04/Aug/2016:03:14:40 +0800] "GET /manager/html HTTP/1.1" 404 570 "-" "Mozilla/4.0 (compatible; MSIE 8.0; Windows NT 5.1; Trident/4.0; .NET CLR 1.1.4322; .NET CLR 2.0.50727; .NET4.0C; .NET4.0E; .NET CLR 3.0.4506.2152; .NET CLR 3.5.30729)"
222.186.134.8 - tomcat [04/Aug/2016:03:14:43 +0800] "GET /manager/html HTTP/1.1" 404 570 "-" "Mozilla/4.0 (compatible; MSIE 8.0; Windows NT 5.1; Trident/4.0; .NET CLR 1.1.4322; .NET CLR 2.0.50727; .NET4.0C; .NET4.0E; .NET CLR 3.0.4506.2152; .NET CLR 3.5.30729)"
222.186.134.8 - tomcat [04/Aug/2016:03:14:50 +0800] "GET /manager/html HTTP/1.1" 404 570 "-" "Mozilla/4.0 (compatible; MSIE 8.0; Windows NT 5.1; Trident/4.0; .NET CLR 1.1.4322; .NET CLR 2.0.50727; .NET4.0C; .NET4.0E; .NET CLR 3.0.4506.2152; .NET CLR 3.5.30729)"
222.186.134.8 - tomcat [04/Aug/2016:03:14:54 +0800] "GET /manager/html HTTP/1.1" 404 570 "-" "Mozilla/4.0 (compatible; MSIE 8.0; Windows NT 5.1; Trident/4.0; .NET CLR 1.1.4322; .NET CLR 2.0.50727; .NET4.0C; .NET4.0E; .NET CLR 3.0.4506.2152; .NET CLR 3.5.30729)"
222.186.134.8 - tomcat [04/Aug/2016:03:15:01 +0800] "GET /manager/html HTTP/1.1" 404 570 "-" "Mozilla/4.0 (compatible; MSIE 8.0; Windows NT 5.1; Trident/4.0; .NET CLR 1.1.4322; .NET CLR 2.0.50727; .NET4.0C; .NET4.0E; .NET CLR 3.0.4506.2152; .NET CLR 3.5.30729)"
222.186.134.8 - admin [04/Aug/2016:03:15:04 +0800] "GET /manager/html HTTP/1.1" 404 570 "-" "Mozilla/4.0 (compatible; MSIE 8.0; Windows NT 5.1; Trident/4.0; .NET CLR 1.1.4322; .NET CLR 2.0.50727; .NET4.0C; .NET4.0E; .NET CLR 3.0.4506.2152; .NET CLR 3.5.30729)"
222.186.134.8 - admin [04/Aug/2016:03:15:15 +0800] "GET /manager/html HTTP/1.1" 404 570 "-" "Mozilla/4.0 (compatible; MSIE 8.0; Windows NT 5.1; Trident/4.0; .NET CLR 1.1.4322; .NET CLR 2.0.50727; .NET4.0C; .NET4.0E; .NET CLR 3.0.4506.2152; .NET CLR 3.5.30729)"
222.186.134.8 - admin [04/Aug/2016:03:15:26 +0800] "GET /manager/html HTTP/1.1" 404 570 "-" "Mozilla/4.0 (compatible; MSIE 8.0; Windows NT 5.1; Trident/4.0; .NET CLR 1.1.4322; .NET CLR 2.0.50727; .NET4.0C; .NET4.0E; .NET CLR 3.0.4506.2152; .NET CLR 3.5.30729)"
222.186.134.8 - admin [04/Aug/2016:03:15:37 +0800] "GET /manager/html HTTP/1.1" 404 570 "-" "Mozilla/4.0 (compatible; MSIE 8.0; Windows NT 5.1; Trident/4.0; .NET CLR 1.1.4322; .NET CLR 2.0.50727; .NET4.0C; .NET4.0E; .NET CLR 3.0.4506.2152; .NET CLR 3.5.30729)"
222.186.134.8 - admin [04/Aug/2016:03:15:48 +0800] "GET /manager/html HTTP/1.1" 404 570 "-" "Mozilla/4.0 (compatible; MSIE 8.0; Windows NT 5.1; Trident/4.0; .NET CLR 1.1.4322; .NET CLR 2.0.50727; .NET4.0C; .NET4.0E; .NET CLR 3.0.4506.2152; .NET CLR 3.5.30729)"
115.239.228.202 - - [04/Aug/2016:04:15:27 +0800] "GET http://zc.qq.com/cgi-bin/common/attr?id=260714&r=0.8831170956527791 HTTP/1.1" 404 570 "-" "Mozilla/5.0 (compatible; MSIE 9.0; Windows NT 6.1; Trident/5.0; 360SE)"
94.102.49.174 - - [04/Aug/2016:04:15:42 +0800] "GET http://www.baidu.com/cache/global/img/gs.gif HTTP/1.1" 404 168 "-" "Mozilla"
96.228.211.79 - - [04/Aug/2016:04:19:41 +0800] "\x00" 400 172 "-" "-"
96.228.211.79 - - [04/Aug/2016:04:19:46 +0800] "GET http://httpheader.net/ HTTP/1.1" 200 623 "-" "Mozilla/5.0 (Windows; U; Windows NT 6.1; en-US; rv:1.9.2.28) Gecko/20120306 Firefox/3.6.28 (.NET CLR 3.5.30729)"
96.228.211.79 - - [04/Aug/2016:04:19:46 +0800] "\x04\x01\x00P\xC0c\xF660\x00" 400 172 "-" "-"
96.228.211.79 - - [04/Aug/2016:04:19:47 +0800] "\x04\x01\x00P\xC0c\xF660\x00" 400 172 "-" "-"
96.228.211.79 - - [04/Aug/2016:04:19:47 +0800] "\x05\x01\x00" 400 172 "-" "-"
115.239.228.202 - - [04/Aug/2016:05:28:35 +0800] "GET http://zc.qq.com/cgi-bin/common/attr?id=260714&r=0.0753776478196371 HTTP/1.1" 404 570 "-" "Mozilla/5.0 (compatible; MSIE 9.0; Windows NT 6.1; Trident/5.0; 360SE)"
185.49.14.190 - - [04/Aug/2016:05:31:44 +0800] "GET http://testp4.pospr.waw.pl/testproxy.php HTTP/1.1" 499 0 "-" "Mozilla/5.0 (Windows NT 5.1; rv:32.0) Gecko/20100101 Firefox/31.0"
118.193.198.92 - - [04/Aug/2016:07:27:27 +0800] "GET /manager/html HTTP/1.1" 404 570 "-" "Mozilla/5.0 (compatible; MSIE 10.0; Windows NT 6.2; WOW64; Trident/6.0)"
60.191.52.254 - - [04/Aug/2016:07:39:49 +0800] "HEAD http://wap.ip138.com/ HTTP/1.1" 200 0 "-" "Java/1.8.0_77"
115.239.228.202 - - [04/Aug/2016:07:55:29 +0800] "GET http://zc.qq.com/cgi-bin/common/attr?id=260714&r=0.3301455252064267 HTTP/1.1" 404 570 "-" "Mozilla/5.0 (compatible; MSIE 9.0; Windows NT 6.1; Trident/5.0; 360SE)"
96.228.211.79 - - [04/Aug/2016:08:53:49 +0800] "\x00" 400 172 "-" "-"
96.228.211.79 - - [04/Aug/2016:08:54:01 +0800] "GET http://httpheader.net/ HTTP/1.1" 200 623 "-" "Mozilla/5.0 (Windows; U; Windows NT 6.1; en-US; rv:1.9.2.28) Gecko/20120306 Firefox/3.6.28 (.NET CLR 3.5.30729)"
96.228.211.79 - - [04/Aug/2016:08:54:02 +0800] "\x04\x01\x00P\xC0c\xF660\x00" 400 172 "-" "-"
96.228.211.79 - - [04/Aug/2016:08:54:02 +0800] "\x04\x01\x00P\xC0c\xF660\x00" 400 172 "-" "-"
96.228.211.79 - - [04/Aug/2016:08:54:02 +0800] "\x05\x01\x00" 400 172 "-" "-"
115.239.228.202 - - [04/Aug/2016:10:21:44 +0800] "GET http://zc.qq.com/cgi-bin/common/attr?id=260714&r=0.4977764324239755 HTTP/1.1" 404 570 "-" "Mozilla/5.0 (compatible; MSIE 9.0; Windows NT 6.1; Trident/5.0; 360SE)"
115.230.124.174 - - [04/Aug/2016:10:37:25 +0800] "GET http://zc.qq.com/cgi-bin/common/attr?id=260714&r=0.8064276234967094 HTTP/1.1" 404 570 "-" "Mozilla/5.0 (compatible; MSIE 9.0; Windows NT 6.1; Trident/5.0; 360SE)"
80.82.78.38 - - [04/Aug/2016:11:08:58 +0800] "GET http://www.baidu.com/cache/global/img/gs.gif HTTP/1.1" 404 168 "-" "Mozilla"
115.239.228.202 - - [04/Aug/2016:11:34:57 +0800] "GET http://zc.qq.com/cgi-bin/common/attr?id=260714&r=0.5786105539491042 HTTP/1.1" 404 570 "-" "Mozilla/5.0 (compatible; MSIE 9.0; Windows NT 6.1; Trident/5.0; 360SE)"
123.151.42.61 - - [04/Aug/2016:12:39:50 +0800] "GET http://www.baidu.com/ HTTP/1.1" 200 623 "-" "-"
182.254.154.72 - - [04/Aug/2016:13:46:33 +0800] "GET http://115.159.79.85/check_proxy.php HTTP/1.1" 499 0 "-" "Java/1.8.0_51"
115.239.228.202 - - [04/Aug/2016:14:02:02 +0800] "GET http://zc.qq.com/cgi-bin/common/attr?id=260714&r=0.2125832052151375 HTTP/1.1" 404 570 "-" "Mozilla/5.0 (compatible; MSIE 9.0; Windows NT 6.1; Trident/5.0; 360SE)"
180.97.106.161 - - [04/Aug/2016:14:15:15 +0800] "\x04\x01\x00P\xB4\xA3qR\x00" 400 172 "-" "-"
113.121.54.2 - - [04/Aug/2016:15:06:21 +0800] "GET /webseed?info_hash=(%b6c%a3%a4%e0%c4%e5%9cq%ec%06%d5%f2%f0%99%2c%7c%a0%ac&?info_hash=(%b6c%a3%a4%e0%c4%e5%9cq%ec%06%d5%f2%f0%99%2c%7c%a0%ac&piece=1713&ranges=0-16383 HTTP/1.1" 404 168 "-" "Xfplay 9.9.1"
113.121.54.2 - - [04/Aug/2016:15:06:21 +0800] "GET /webseed?info_hash=(%b6c%a3%a4%e0%c4%e5%9cq%ec%06%d5%f2%f0%99%2c%7c%a0%ac&?info_hash=(%b6c%a3%a4%e0%c4%e5%9cq%ec%06%d5%f2%f0%99%2c%7c%a0%ac&piece=1713&ranges=16384-32767 HTTP/1.1" 404 168 "-" "-"
113.121.54.2 - - [04/Aug/2016:15:11:22 +0800] "GET /webseed?info_hash=(%b6c%a3%a4%e0%c4%e5%9cq%ec%06%d5%f2%f0%99%2c%7c%a0%ac&?info_hash=(%b6c%a3%a4%e0%c4%e5%9cq%ec%06%d5%f2%f0%99%2c%7c%a0%ac&piece=3&ranges=49152-65535 HTTP/1.1" 404 168 "-" "Xfplay 9.9.1"
115.239.228.202 - - [04/Aug/2016:15:15:12 +0800] "GET http://zc.qq.com/cgi-bin/common/attr?id=260714&r=0.9910022877580198 HTTP/1.1" 404 570 "-" "Mozilla/5.0 (compatible; MSIE 9.0; Windows NT 6.1; Trident/5.0; 360SE)"
113.121.54.2 - - [04/Aug/2016:15:16:23 +0800] "GET /webseed?info_hash=(%b6c%a3%a4%e0%c4%e5%9cq%ec%06%d5%f2%f0%99%2c%7c%a0%ac&?info_hash=(%b6c%a3%a4%e0%c4%e5%9cq%ec%06%d5%f2%f0%99%2c%7c%a0%ac&piece=3&ranges=49152-65535 HTTP/1.1" 404 168 "-" "Xfplay 9.9.1"
113.121.54.2 - - [04/Aug/2016:15:16:23 +0800] "GET /webseed?info_hash=(%b6c%a3%a4%e0%c4%e5%9cq%ec%06%d5%f2%f0%99%2c%7c%a0%ac&?info_hash=(%b6c%a3%a4%e0%c4%e5%9cq%ec%06%d5%f2%f0%99%2c%7c%a0%ac&piece=3&ranges=65536-81919 HTTP/1.1" 404 168 "-" "-"
113.121.54.2 - - [04/Aug/2016:15:21:23 +0800] "GET /webseed?info_hash=(%b6c%a3%a4%e0%c4%e5%9cq%ec%06%d5%f2%f0%99%2c%7c%a0%ac&?info_hash=(%b6c%a3%a4%e0%c4%e5%9cq%ec%06%d5%f2%f0%99%2c%7c%a0%ac&piece=5&ranges=65536-81919 HTTP/1.1" 404 168 "-" "Xfplay 9.9.1"
113.121.54.2 - - [04/Aug/2016:15:21:23 +0800] "GET /webseed?info_hash=(%b6c%a3%a4%e0%c4%e5%9cq%ec%06%d5%f2%f0%99%2c%7c%a0%ac&?info_hash=(%b6c%a3%a4%e0%c4%e5%9cq%ec%06%d5%f2%f0%99%2c%7c%a0%ac&piece=5&ranges=81920-98303 HTTP/1.1" 404 168 "-" "-"
14.215.61.67 - - [04/Aug/2016:15:56:20 +0800] "GET / HTTP/1.1" 200 623 "-" "Mozilla/5.0 (Linux; U; Android 5.1; zh-CN; m2 note Build/LMY47D) AppleWebKit/534.30 (KHTML, like Gecko) Version/4.0 UCBrowser/10.10.8.822 U3/0.8.0 Mobile Safari/534.30"
14.215.61.67 - - [04/Aug/2016:15:56:20 +0800] "GET /favicon.ico HTTP/1.1" 404 168 "http://61.145.73.118:8080/" "Mozilla/5.0 (Linux; U; Android 5.1; zh-CN; m2 note Build/LMY47D) AppleWebKit/534.30 (KHTML, like Gecko) Version/4.0 UCBrowser/10.10.8.822 U3/0.8.0 Mobile Safari/534.30"
113.121.54.2 - - [04/Aug/2016:16:05:42 +0800] "GET /webseed?info_hash=(%b6c%a3%a4%e0%c4%e5%9cq%ec%06%d5%f2%f0%99%2c%7c%a0%ac&?info_hash=(%b6c%a3%a4%e0%c4%e5%9cq%ec%06%d5%f2%f0%99%2c%7c%a0%ac&piece=18&ranges=65536-81919 HTTP/1.1" 404 168 "-" "Xfplay 9.9.1"
113.121.54.2 - - [04/Aug/2016:16:10:43 +0800] "GET /webseed?info_hash=(%b6c%a3%a4%e0%c4%e5%9cq%ec%06%d5%f2%f0%99%2c%7c%a0%ac&?info_hash=(%b6c%a3%a4%e0%c4%e5%9cq%ec%06%d5%f2%f0%99%2c%7c%a0%ac&piece=21&ranges=507904-524287 HTTP/1.1" 404 168 "-" "Xfplay 9.9.1"
113.121.54.2 - - [04/Aug/2016:16:15:44 +0800] "GET /webseed?info_hash=(%b6c%a3%a4%e0%c4%e5%9cq%ec%06%d5%f2%f0%99%2c%7c%a0%ac&?info_hash=(%b6c%a3%a4%e0%c4%e5%9cq%ec%06%d5%f2%f0%99%2c%7c%a0%ac&piece=35&ranges=98304-114687 HTTP/1.1" 404 168 "-" "Xfplay 9.9.1"
113.121.54.2 - - [04/Aug/2016:16:15:44 +0800] "GET /webseed?info_hash=(%b6c%a3%a4%e0%c4%e5%9cq%ec%06%d5%f2%f0%99%2c%7c%a0%ac&?info_hash=(%b6c%a3%a4%e0%c4%e5%9cq%ec%06%d5%f2%f0%99%2c%7c%a0%ac&piece=35&ranges=114688-131071 HTTP/1.1" 404 168 "-" "-"
113.121.54.2 - - [04/Aug/2016:16:20:45 +0800] "GET /webseed?info_hash=(%b6c%a3%a4%e0%c4%e5%9cq%ec%06%d5%f2%f0%99%2c%7c%a0%ac&?info_hash=(%b6c%a3%a4%e0%c4%e5%9cq%ec%06%d5%f2%f0%99%2c%7c%a0%ac&piece=70&ranges=0-16383 HTTP/1.1" 404 168 "-" "Xfplay 9.9.1"
113.121.54.2 - - [04/Aug/2016:16:20:45 +0800] "GET /webseed?info_hash=(%b6c%a3%a4%e0%c4%e5%9cq%ec%06%d5%f2%f0%99%2c%7c%a0%ac&?info_hash=(%b6c%a3%a4%e0%c4%e5%9cq%ec%06%d5%f2%f0%99%2c%7c%a0%ac&piece=70&ranges=16384-32767 HTTP/1.1" 404 168 "-" "-"
113.121.54.2 - - [04/Aug/2016:16:25:45 +0800] "GET /webseed?info_hash=(%b6c%a3%a4%e0%c4%e5%9cq%ec%06%d5%f2%f0%99%2c%7c%a0%ac&?info_hash=(%b6c%a3%a4%e0%c4%e5%9cq%ec%06%d5%f2%f0%99%2c%7c%a0%ac&piece=81&ranges=278528-294911 HTTP/1.1" 404 168 "-" "Xfplay 9.9.1"
115.239.228.202 - - [04/Aug/2016:16:28:47 +0800] "GET http://zc.qq.com/cgi-bin/common/attr?id=260714&r=0.8360891333848552 HTTP/1.1" 404 570 "-" "Mozilla/5.0 (compatible; MSIE 9.0; Windows NT 6.1; Trident/5.0; 360SE)"
113.121.54.2 - - [04/Aug/2016:16:30:46 +0800] "GET /webseed?info_hash=(%b6c%a3%a4%e0%c4%e5%9cq%ec%06%d5%f2%f0%99%2c%7c%a0%ac&?info_hash=(%b6c%a3%a4%e0%c4%e5%9cq%ec%06%d5%f2%f0%99%2c%7c%a0%ac&piece=95&ranges=32768-49151 HTTP/1.1" 404 168 "-" "Xfplay 9.9.1"
113.121.54.2 - - [04/Aug/2016:16:30:46 +0800] "GET /webseed?info_hash=(%b6c%a3%a4%e0%c4%e5%9cq%ec%06%d5%f2%f0%99%2c%7c%a0%ac&?info_hash=(%b6c%a3%a4%e0%c4%e5%9cq%ec%06%d5%f2%f0%99%2c%7c%a0%ac&piece=95&ranges=49152-65535 HTTP/1.1" 404 168 "-" "-"
115.239.228.202 - - [04/Aug/2016:17:41:32 +0800] "GET http://zc.qq.com/cgi-bin/common/attr?id=260714&r=0.7570364415820640 HTTP/1.1" 404 570 "-" "Mozilla/5.0 (compatible; MSIE 9.0; Windows NT 6.1; Trident/5.0; 360SE)"
187.161.79.9 - - [04/Aug/2016:18:34:22 +0800] "GET /cgi/common.cgi HTTP/1.0" 404 168 "-" "Wget(linux)"
187.161.79.9 - - [04/Aug/2016:18:34:22 +0800] "GET /stssys.htm HTTP/1.0" 404 168 "-" "Wget(linux)"
187.161.79.9 - - [04/Aug/2016:18:34:24 +0800] "GET / HTTP/1.0" 200 623 "-" "Wget(linux)"
187.161.79.9 - - [04/Aug/2016:18:34:30 +0800] "POST /command.php HTTP/1.0" 499 0 "-" "Wget(linux)"
103.24.2.83 - - [04/Aug/2016:18:50:34 +0800] "GET /http-req HTTP/1.1" 404 168 "-" "Mozilla/5.0 zgrab/0.x"
115.239.228.202 - - [04/Aug/2016:18:54:34 +0800] "GET http://zc.qq.com/cgi-bin/common/attr?id=260714&r=0.8196550423321303 HTTP/1.1" 404 570 "-" "Mozilla/5.0 (compatible; MSIE 9.0; Windows NT 6.1; Trident/5.0; 360SE)"
118.193.198.92 - - [04/Aug/2016:19:22:01 +0800] "GET /manager/html HTTP/1.1" 404 570 "-" "Mozilla/5.0 (compatible; MSIE 10.0; Windows NT 6.2; WOW64; Trident/6.0)"
115.239.228.202 - - [04/Aug/2016:20:07:34 +0800] "GET http://zc.qq.com/cgi-bin/common/attr?id=260714&r=0.4072750231510566 HTTP/1.1" 404 570 "-" "Mozilla/5.0 (compatible; MSIE 9.0; Windows NT 6.1; Trident/5.0; 360SE)"
61.216.2.13 - - [04/Aug/2016:20:18:03 +0800] "POST /404 HTTP/1.1" 404 168 "-" "apache"
61.160.195.222 - - [04/Aug/2016:20:19:08 +0800] "GET http://119.90.40.16:8090/ HTTP/1.1" 200 623 "-" "Mozilla/5.0 (Windows NT 5.1) AppleWebKit/537.13 (KHTML, like Gecko) Chrome/24.0.1290.1 Safari/537.13"
182.254.154.72 - - [04/Aug/2016:20:39:29 +0800] "GET http://115.159.79.85/check_proxy.php HTTP/1.1" 499 0 "-" "Java/1.8.0_51"
115.239.228.202 - - [04/Aug/2016:21:20:49 +0800] "GET http://zc.qq.com/cgi-bin/common/attr?id=260714&r=0.1479083066335324 HTTP/1.1" 404 570 "-" "Mozilla/5.0 (compatible; MSIE 9.0; Windows NT 6.1; Trident/5.0; 360SE)"
101.227.251.119 - - [04/Aug/2016:21:52:44 +0800] "GET //script HTTP/1.1" 404 168 "-" "python-requests/2.7.0 CPython/2.7.0 Windows/2003Server"
115.230.124.174 - - [04/Aug/2016:22:21:18 +0800] "GET http://zc.qq.com/cgi-bin/common/attr?id=260714&r=0.5737439380144210 HTTP/1.1" 404 570 "-" "Mozilla/5.0 (compatible; MSIE 9.0; Windows NT 6.1; Trident/5.0; 360SE)"
222.78.196.15 - - [04/Aug/2016:22:29:47 +0800] "GET /manager/html HTTP/1.1" 404 570 "-" "Mozilla/5.0 (compatible; MSIE 10.0; Windows NT 6.2; WOW64; Trident/6.0)"
115.239.228.202 - - [04/Aug/2016:22:34:10 +0800] "GET http://zc.qq.com/cgi-bin/common/attr?id=260714&r=0.9560455529764378 HTTP/1.1" 404 570 "-" "Mozilla/5.0 (compatible; MSIE 9.0; Windows NT 6.1; Trident/5.0; 360SE)"
115.239.228.202 - - [04/Aug/2016:23:47:38 +0800] "GET http://zc.qq.com/cgi-bin/common/attr?id=260714&r=0.4011008135322883 HTTP/1.1" 404 570 "-" "Mozilla/5.0 (compatible; MSIE 9.0; Windows NT 6.1; Trident/5.0; 360SE)"
93.174.93.136 - - [05/Aug/2016:00:29:27 +0800] "GET http://www.baidu.com/cache/global/img/gs.gif HTTP/1.1" 404 168 "-" "Mozilla"
115.239.228.202 - - [05/Aug/2016:01:01:01 +0800] "GET http://zc.qq.com/cgi-bin/common/attr?id=260714&r=0.9388219760855002 HTTP/1.1" 404 570 "-" "Mozilla/5.0 (compatible; MSIE 9.0; Windows NT 6.1; Trident/5.0; 360SE)"
96.228.211.79 - - [05/Aug/2016:01:02:24 +0800] "\x00" 400 172 "-" "-"
96.228.211.79 - - [05/Aug/2016:01:02:35 +0800] "GET http://httpheader.net/ HTTP/1.1" 200 623 "-" "Mozilla/5.0 (Windows; U; Windows NT 6.1; en-US; rv:1.9.2.28) Gecko/20120306 Firefox/3.6.28 (.NET CLR 3.5.30729)"
96.228.211.79 - - [05/Aug/2016:01:02:36 +0800] "\x04\x01\x00P\xC0c\xF660\x00" 400 172 "-" "-"
96.228.211.79 - - [05/Aug/2016:01:02:37 +0800] "\x04\x01\x00P\xC0c\xF660\x00" 400 172 "-" "-"
96.228.211.79 - - [05/Aug/2016:01:02:37 +0800] "\x05\x01\x00" 400 172 "-" "-"
180.97.106.37 - - [05/Aug/2016:01:33:36 +0800] "GET http://180.163.113.82/check_proxy HTTP/1.1" 404 168 "-" "-"
115.239.228.202 - - [05/Aug/2016:02:14:02 +0800] "GET http://zc.qq.com/cgi-bin/common/attr?id=260714&r=0.8603461367691166 HTTP/1.1" 404 570 "-" "Mozilla/5.0 (compatible; MSIE 9.0; Windows NT 6.1; Trident/5.0; 360SE)"
115.239.228.202 - - [05/Aug/2016:03:26:53 +0800] "GET http://zc.qq.com/cgi-bin/common/attr?id=260714&r=0.9251270699269897 HTTP/1.1" 404 570 "-" "Mozilla/5.0 (compatible; MSIE 9.0; Windows NT 6.1; Trident/5.0; 360SE)"
96.228.211.79 - - [05/Aug/2016:03:35:26 +0800] "\x00" 400 172 "-" "-"
96.228.211.79 - - [05/Aug/2016:03:36:34 +0800] "GET http://httpheader.net/ HTTP/1.1" 200 623 "-" "Mozilla/5.0 (Windows; U; Windows NT 6.1; en-US; rv:1.9.2.28) Gecko/20120306 Firefox/3.6.28 (.NET CLR 3.5.30729)"
96.228.211.79 - - [05/Aug/2016:03:36:35 +0800] "\x04\x01\x00P\xC0c\xF660\x00" 400 172 "-" "-"
96.228.211.79 - - [05/Aug/2016:03:36:35 +0800] "\x04\x01\x00P\xC0c\xF660\x00" 400 172 "-" "-"
96.228.211.79 - - [05/Aug/2016:03:36:35 +0800] "\x05\x01\x00" 400 172 "-" "-"
115.239.228.202 - - [05/Aug/2016:04:39:46 +0800] "GET http://zc.qq.com/cgi-bin/common/attr?id=260714&r=0.1499249489204463 HTTP/1.1" 404 570 "-" "Mozilla/5.0 (compatible; MSIE 9.0; Windows NT 6.1; Trident/5.0; 360SE)"
96.228.211.79 - - [05/Aug/2016:05:11:33 +0800] "\x00" 400 172 "-" "-"
96.228.211.79 - - [05/Aug/2016:05:12:52 +0800] "GET http://httpheader.net/ HTTP/1.1" 200 623 "-" "Mozilla/5.0 (Windows; U; Windows NT 6.1; en-US; rv:1.9.2.28) Gecko/20120306 Firefox/3.6.28 (.NET CLR 3.5.30729)"
96.228.211.79 - - [05/Aug/2016:05:12:53 +0800] "\x04\x01\x00P\xC0c\xF660\x00" 400 172 "-" "-"
96.228.211.79 - - [05/Aug/2016:05:12:53 +0800] "\x04\x01\x00P\xC0c\xF660\x00" 400 172 "-" "-"
96.228.211.79 - - [05/Aug/2016:05:12:54 +0800] "\x05\x01\x00" 400 172 "-" "-"
123.151.42.61 - - [05/Aug/2016:05:19:21 +0800] "GET http://www.baidu.com/ HTTP/1.1" 200 623 "-" "-"
115.239.228.202 - - [05/Aug/2016:05:52:59 +0800] "GET http://zc.qq.com/cgi-bin/common/attr?id=260714&r=0.4936715267676673 HTTP/1.1" 404 570 "-" "Mozilla/5.0 (compatible; MSIE 9.0; Windows NT 6.1; Trident/5.0; 360SE)"
122.224.153.106 - - [05/Aug/2016:06:18:51 +0800] "GET / HTTP/1.0" 200 623 "-" "-"
96.228.211.79 - - [05/Aug/2016:06:46:32 +0800] "\x00" 400 172 "-" "-"
96.228.211.79 - - [05/Aug/2016:06:46:50 +0800] "GET http://httpheader.net/ HTTP/1.1" 200 623 "-" "Mozilla/5.0 (Windows; U; Windows NT 6.1; en-US; rv:1.9.2.28) Gecko/20120306 Firefox/3.6.28 (.NET CLR 3.5.30729)"
96.228.211.79 - - [05/Aug/2016:06:46:51 +0800] "\x04\x01\x00P\xC0c\xF660\x00" 400 172 "-" "-"
96.228.211.79 - - [05/Aug/2016:06:46:52 +0800] "\x04\x01\x00P\xC0c\xF660\x00" 400 172 "-" "-"
96.228.211.79 - - [05/Aug/2016:06:46:52 +0800] "\x05\x01\x00" 400 172 "-" "-"
185.25.151.159 - - [05/Aug/2016:06:49:14 +0800] "GET http://testp4.pospr.waw.pl/testproxy.php HTTP/1.1" 499 0 "-" "Mozilla/5.0 (Windows NT 5.1; rv:32.0) Gecko/20100101 Firefox/31.0"
115.239.228.202 - - [05/Aug/2016:07:05:57 +0800] "GET http://zc.qq.com/cgi-bin/common/attr?id=260714&r=0.2864038946771023 HTTP/1.1" 404 570 "-" "Mozilla/5.0 (compatible; MSIE 9.0; Windows NT 6.1; Trident/5.0; 360SE)"
115.239.228.202 - - [05/Aug/2016:08:19:01 +0800] "GET http://zc.qq.com/cgi-bin/common/attr?id=260714&r=0.0724490133978708 HTTP/1.1" 404 570 "-" "Mozilla/5.0 (compatible; MSIE 9.0; Windows NT 6.1; Trident/5.0; 360SE)"
222.186.56.88 - - [05/Aug/2016:08:45:28 +0800] "GET / HTTP/1.1" 200 623 "-" "Mozilla/4.0 (compatible; MSIE 6.0; Windows NT 5.1"
96.228.211.79 - - [05/Aug/2016:09:06:09 +0800] "\x00" 400 172 "-" "-"
96.228.211.79 - - [05/Aug/2016:09:07:48 +0800] "GET http://httpheader.net/ HTTP/1.1" 200 623 "-" "Mozilla/5.0 (Windows; U; Windows NT 6.1; en-US; rv:1.9.2.28) Gecko/20120306 Firefox/3.6.28 (.NET CLR 3.5.30729)"
96.228.211.79 - - [05/Aug/2016:09:07:49 +0800] "\x04\x01\x00P\xC0c\xF660\x00" 400 172 "-" "-"
96.228.211.79 - - [05/Aug/2016:09:07:49 +0800] "\x04\x01\x00P\xC0c\xF660\x00" 400 172 "-" "-"
96.228.211.79 - - [05/Aug/2016:09:07:50 +0800] "\x05\x01\x00" 400 172 "-" "-"
115.239.248.50 - - [05/Aug/2016:09:16:50 +0800] "GET /manager/html HTTP/1.1" 404 570 "-" "Mozilla/5.0 (compatible; MSIE 10.0; Windows NT 6.2; WOW64; Trident/6.0)"
80.82.78.38 - - [05/Aug/2016:09:32:03 +0800] "GET http://www.baidu.com/cache/global/img/gs.gif HTTP/1.1" 404 168 "-" "Mozilla"
115.239.228.202 - - [05/Aug/2016:09:32:14 +0800] "GET http://zc.qq.com/cgi-bin/common/attr?id=260714&r=0.0926834821823522 HTTP/1.1" 404 570 "-" "Mozilla/5.0 (compatible; MSIE 9.0; Windows NT 6.1; Trident/5.0; 360SE)"
202.88.253.82 - - [05/Aug/2016:10:37:42 +0800] "GET /manager/html HTTP/1.1" 404 168 "-" "Mozilla/5.0 (Windows NT 5.1; rv:5.0) Gecko/20100101 Firefox/5.0"
115.239.228.202 - - [05/Aug/2016:10:45:17 +0800] "GET http://zc.qq.com/cgi-bin/common/attr?id=260714&r=0.2087919042224879 HTTP/1.1" 404 570 "-" "Mozilla/5.0 (compatible; MSIE 9.0; Windows NT 6.1; Trident/5.0; 360SE)"
106.75.29.120 - - [05/Aug/2016:10:56:14 +0800] "CONNECT 106.75.29.120:44444 HTTP/1.1" 400 172 "-" "-"
155.94.142.74 - - [05/Aug/2016:11:21:55 +0800] "GET /manager/html HTTP/1.1" 404 168 "-" "Mozilla/3.0 (compatible; Indy Library)"
222.186.21.56 - - [05/Aug/2016:11:58:00 +0800] "GET /script/ HTTP/1.1" 404 570 "-" "Mozilla/4.0 (compatible; MSIE 6.0; Windows NT 5.1"
115.239.228.202 - - [05/Aug/2016:11:58:30 +0800] "GET http://zc.qq.com/cgi-bin/common/attr?id=260714&r=0.9798366656189601 HTTP/1.1" 404 570 "-" "Mozilla/5.0 (compatible; MSIE 9.0; Windows NT 6.1; Trident/5.0; 360SE)"
124.227.8.157 - - [05/Aug/2016:12:09:21 +0800] "GET / HTTP/1.1" 200 623 "http://61.145.73.118:8080/" "Mozilla/4.0 (compatible; MSIE 9.0; Windows NT 6.1)"
115.239.228.202 - - [05/Aug/2016:13:11:30 +0800] "GET http://zc.qq.com/cgi-bin/common/attr?id=260714&r=0.0225404543769067 HTTP/1.1" 404 570 "-" "Mozilla/5.0 (compatible; MSIE 9.0; Windows NT 6.1; Trident/5.0; 360SE)"
116.255.177.118 - - [05/Aug/2016:13:38:36 +0800] "GET / HTTP/1.1" 200 623 "-" "Mozilla/4.0 (compatible; MSIE 6.0; Windows NT 5.0)"
117.21.191.211 - - [05/Aug/2016:14:29:38 +0800] "GET /phpMyAdmin/ HTTP/1.1" 404 168 "-" "python-requests/2.9.1"
117.21.191.211 - - [05/Aug/2016:14:29:48 +0800] "GET /web-console/ServerInfo.jsp HTTP/1.1" 404 168 "-" "python-requests/2.9.1"
220.194.62.230 - - [05/Aug/2016:15:00:21 +0800] "GET /script HTTP/1.1" 404 168 "-" "python-requests/2.7.0 CPython/2.7.9 Windows/2003Server"
96.228.211.79 - - [05/Aug/2016:15:38:23 +0800] "\x00" 400 172 "-" "-"
115.239.228.202 - - [05/Aug/2016:15:39:11 +0800] "GET http://zc.qq.com/cgi-bin/common/attr?id=260714&r=0.7556248221792845 HTTP/1.1" 404 570 "-" "Mozilla/5.0 (compatible; MSIE 9.0; Windows NT 6.1; Trident/5.0; 360SE)"
96.228.211.79 - - [05/Aug/2016:15:39:35 +0800] "GET http://httpheader.net/ HTTP/1.1" 200 623 "-" "Mozilla/5.0 (Windows; U; Windows NT 6.1; en-US; rv:1.9.2.28) Gecko/20120306 Firefox/3.6.28 (.NET CLR 3.5.30729)"
96.228.211.79 - - [05/Aug/2016:15:39:36 +0800] "\x04\x01\x00P\xC0c\xF660\x00" 400 172 "-" "-"
96.228.211.79 - - [05/Aug/2016:15:39:36 +0800] "\x04\x01\x00P\xC0c\xF660\x00" 400 172 "-" "-"
96.228.211.79 - - [05/Aug/2016:15:39:37 +0800] "\x05\x01\x00" 400 172 "-" "-"
171.118.62.112 - - [05/Aug/2016:15:45:09 +0800] "\x05\x01\x00" 400 172 "-" "-"
103.240.16.119 - - [05/Aug/2016:16:10:07 +0800] "GET http://www.example.com/ HTTP/1.1" 200 623 "-" "Mozilla/5.0 (Windows NT 6.1)"
123.151.42.61 - - [05/Aug/2016:17:19:18 +0800] "GET http://www.baidu.com/ HTTP/1.1" 200 623 "-" "-"
115.239.228.202 - - [05/Aug/2016:19:19:18 +0800] "GET http://zc.qq.com/cgi-bin/common/attr?id=260714&r=0.4955386449681175 HTTP/1.1" 404 570 "-" "Mozilla/5.0 (compatible; MSIE 9.0; Windows NT 6.1; Trident/5.0; 360SE)"
222.186.56.88 - - [05/Aug/2016:20:04:20 +0800] "GET / HTTP/1.1" 200 623 "-" "Mozilla/4.0 (compatible; MSIE 6.0; Windows NT 5.1"
140.205.145.187 - - [05/Aug/2016:20:12:54 +0800] "GET http://www.baidu.com HTTP/1.1" 200 623 "-" "-"
115.239.228.202 - - [05/Aug/2016:20:32:11 +0800] "GET http://zc.qq.com/cgi-bin/common/attr?id=260714&r=0.6345410474986733 HTTP/1.1" 404 570 "-" "Mozilla/5.0 (compatible; MSIE 9.0; Windows NT 6.1; Trident/5.0; 360SE)"
94.102.49.174 - - [05/Aug/2016:20:35:22 +0800] "GET http://www.baidu.com/cache/global/img/gs.gif HTTP/1.1" 404 168 "-" "Mozilla"
211.155.229.15 - - [05/Aug/2016:21:18:02 +0800] "GET /script HTTP/1.1" 404 168 "-" "python-requests/2.7.0 CPython/2.7.9 Windows/2003Server"
123.249.0.33 - - [05/Aug/2016:21:44:45 +0800] "GET /manager/html HTTP/1.1" 404 570 "-" "Mozilla/5.0 (compatible; MSIE 10.0; Windows NT 6.2; WOW64; Trident/6.0)"
115.239.228.202 - - [05/Aug/2016:21:45:47 +0800] "GET http://zc.qq.com/cgi-bin/common/attr?id=260714&r=0.3107590180338252 HTTP/1.1" 404 570 "-" "Mozilla/5.0 (compatible; MSIE 9.0; Windows NT 6.1; Trident/5.0; 360SE)"
96.228.211.79 - - [05/Aug/2016:21:55:51 +0800] "\x00" 400 172 "-" "-"
96.228.211.79 - - [05/Aug/2016:21:55:58 +0800] "GET http://httpheader.net/ HTTP/1.1" 200 623 "-" "Mozilla/5.0 (Windows; U; Windows NT 6.1; en-US; rv:1.9.2.28) Gecko/20120306 Firefox/3.6.28 (.NET CLR 3.5.30729)"
96.228.211.79 - - [05/Aug/2016:21:55:59 +0800] "\x04\x01\x00P\xC0c\xF660\x00" 400 172 "-" "-"
96.228.211.79 - - [05/Aug/2016:21:55:59 +0800] "\x04\x01\x00P\xC0c\xF660\x00" 400 172 "-" "-"
96.228.211.79 - - [05/Aug/2016:21:56:00 +0800] "\x05\x01\x00" 400 172 "-" "-"
222.186.56.88 - - [05/Aug/2016:22:18:18 +0800] "GET / HTTP/1.1" 200 623 "-" "Mozilla/4.0 (compatible; MSIE 6.0; Windows NT 5.1"
222.218.130.218 - - [05/Aug/2016:22:20:43 +0800] "GET /manager/html HTTP/1.1" 404 570 "-" "Mozilla/5.0 (compatible; MSIE 10.0; Windows NT 6.2; WOW64; Trident/6.0)"
115.239.228.202 - - [05/Aug/2016:22:59:05 +0800] "GET http://zc.qq.com/cgi-bin/common/attr?id=260714&r=0.8604218748071824 HTTP/1.1" 404 570 "-" "Mozilla/5.0 (compatible; MSIE 9.0; Windows NT 6.1; Trident/5.0; 360SE)"
123.59.69.15 - - [05/Aug/2016:23:24:25 +0800] "GET http://www.baidu.com/favicon.ico HTTP/1.1" 404 168 "-" "python-requests/2.10.0"
173.12.115.229 - - [05/Aug/2016:23:34:30 +0800] "GET /manager/html HTTP/1.1" 404 168 "-" "Mozilla/5.0 (Windows NT 5.1; rv:5.0) Gecko/20100101 Firefox/5.0"
61.177.147.41 - - [05/Aug/2016:23:37:28 +0800] "GET /manager/html HTTP/1.1" 404 570 "-" "Mozilla/5.0 (compatible; MSIE 10.0; Windows NT 6.2; WOW64; Trident/6.0)"
182.254.154.72 - - [05/Aug/2016:23:57:57 +0800] "GET http://115.159.79.85/check_proxy.php HTTP/1.1" 499 0 "-" "Java/1.8.0_51"
115.239.228.202 - - [06/Aug/2016:00:12:25 +0800] "GET http://zc.qq.com/cgi-bin/common/attr?id=260714&r=0.2986315450672157 HTTP/1.1" 404 570 "-" "Mozilla/5.0 (compatible; MSIE 9.0; Windows NT 6.1; Trident/5.0; 360SE)"
220.166.229.140 - - [06/Aug/2016:00:43:53 +0800] "GET / HTTP/1.1" 200 623 "-" "Mozilla/4.0 (compatible; MSIE 6.0; Windows NT 5.0)"
220.166.229.140 - - [06/Aug/2016:00:47:18 +0800] "GET / HTTP/1.1" 200 623 "-" "Mozilla/4.0 (compatible; MSIE 6.0; Windows NT 5.0)"
106.3.132.140 - - [06/Aug/2016:01:25:51 +0800] "GET /script HTTP/1.1" 404 168 "-" "python-requests/2.7.0 CPython/2.7.9 Windows/2003Server"
59.58.203.230 - - [06/Aug/2016:02:13:51 +0800] "GET /axis2 HTTP/1.1" 404 168 "-" "python-requests/2.7.0 CPython/2.7.9 Windows/7"
115.239.228.202 - - [06/Aug/2016:02:38:27 +0800] "GET http://zc.qq.com/cgi-bin/common/attr?id=260714&r=0.9756904671202120 HTTP/1.1" 404 570 "-" "Mozilla/5.0 (compatible; MSIE 9.0; Windows NT 6.1; Trident/5.0; 360SE)"
182.254.154.72 - - [06/Aug/2016:04:58:10 +0800] "GET http://115.159.79.85/check_proxy.php HTTP/1.1" 499 0 "-" "Java/1.8.0_51"
115.239.228.202 - - [06/Aug/2016:05:05:16 +0800] "GET http://zc.qq.com/cgi-bin/common/attr?id=260714&r=0.6521073682942253 HTTP/1.1" 404 570 "-" "Mozilla/5.0 (compatible; MSIE 9.0; Windows NT 6.1; Trident/5.0; 360SE)"
93.174.93.136 - - [06/Aug/2016:05:05:16 +0800] "GET http://www.baidu.com/cache/global/img/gs.gif HTTP/1.1" 404 168 "-" "Mozilla"
123.151.42.61 - - [06/Aug/2016:05:39:18 +0800] "GET http://www.baidu.com/ HTTP/1.1" 200 623 "-" "-"
222.186.56.88 - - [06/Aug/2016:06:02:59 +0800] "GET / HTTP/1.1" 200 623 "-" "Mozilla/4.0 (compatible; MSIE 6.0; Windows NT 5.1"
115.239.228.202 - - [06/Aug/2016:06:18:21 +0800] "GET http://zc.qq.com/cgi-bin/common/attr?id=260714&r=0.5707305959558160 HTTP/1.1" 404 570 "-" "Mozilla/5.0 (compatible; MSIE 9.0; Windows NT 6.1; Trident/5.0; 360SE)"
91.236.75.4 - - [06/Aug/2016:06:27:08 +0800] "GET http://www.google.com/reader/about/ HTTP/1.1" 404 570 "-" "Mozilla/4.0 (compatible; MSIE 6.0; Windows NT 5.1)"
106.3.132.140 - - [06/Aug/2016:07:14:43 +0800] "GET /computer/ HTTP/1.1" 404 570 "http://61.145.73.118:8080/computer/" "Mozilla/4.0 (compatible; MSIE 9.0; Windows NT 6.1)"
222.218.130.218 - - [06/Aug/2016:07:34:32 +0800] "GET /manager/html HTTP/1.1" 404 570 "-" "Mozilla/5.0 (compatible; MSIE 10.0; Windows NT 6.2; WOW64; Trident/6.0)"
222.186.56.88 - - [06/Aug/2016:07:36:42 +0800] "GET /script HTTP/1.1" 404 168 "-" "python-requests/2.10.0"
113.107.189.69 - - [06/Aug/2016:07:48:33 +0800] "GET /webseed?info_hash=%1etT%c0%15A*%86r%b2%c4%26A%ac%f7%9d%00%84k%3f&?info_hash=%1etT%c0%15A*%86r%b2%c4%26A%ac%f7%9d%00%84k%3f&piece=2025&ranges=65536-81919 HTTP/1.1" 404 168 "-" "Xfplay Android 4.9.9.2"
113.107.189.69 - - [06/Aug/2016:07:48:33 +0800] "GET /webseed?info_hash=%1etT%c0%15A*%86r%b2%c4%26A%ac%f7%9d%00%84k%3f&?info_hash=%1etT%c0%15A*%86r%b2%c4%26A%ac%f7%9d%00%84k%3f&piece=2025&ranges=81920-98303 HTTP/1.1" 404 168 "-" "-"
113.107.189.77 - - [06/Aug/2016:07:53:33 +0800] "GET /webseed?info_hash=%1etT%c0%15A*%86r%b2%c4%26A%ac%f7%9d%00%84k%3f&?info_hash=%1etT%c0%15A*%86r%b2%c4%26A%ac%f7%9d%00%84k%3f&piece=564&ranges=98304-114687 HTTP/1.1" 404 168 "-" "Xfplay Android 4.9.9.2"
113.107.189.77 - - [06/Aug/2016:07:53:33 +0800] "GET /webseed?info_hash=%1etT%c0%15A*%86r%b2%c4%26A%ac%f7%9d%00%84k%3f&?info_hash=%1etT%c0%15A*%86r%b2%c4%26A%ac%f7%9d%00%84k%3f&piece=564&ranges=114688-131071 HTTP/1.1" 404 168 "-" "-"
113.107.189.69 - - [06/Aug/2016:07:59:10 +0800] "GET /webseed?info_hash=%1etT%c0%15A*%86r%b2%c4%26A%ac%f7%9d%00%84k%3f&?info_hash=%1etT%c0%15A*%86r%b2%c4%26A%ac%f7%9d%00%84k%3f&piece=1004&ranges=65536-81919 HTTP/1.1" 404 168 "-" "Xfplay Android 4.9.9.2"
113.107.189.69 - - [06/Aug/2016:07:59:10 +0800] "GET /webseed?info_hash=%1etT%c0%15A*%86r%b2%c4%26A%ac%f7%9d%00%84k%3f&?info_hash=%1etT%c0%15A*%86r%b2%c4%26A%ac%f7%9d%00%84k%3f&piece=1004&ranges=81920-98303 HTTP/1.1" 404 168 "-" "-"
113.107.189.77 - - [06/Aug/2016:08:06:27 +0800] "GET /webseed?info_hash=%1etT%c0%15A*%86r%b2%c4%26A%ac%f7%9d%00%84k%3f&?info_hash=%1etT%c0%15A*%86r%b2%c4%26A%ac%f7%9d%00%84k%3f&piece=1060&ranges=212992-229375 HTTP/1.1" 404 168 "-" "Xfplay Android 4.9.9.2"
113.107.189.77 - - [06/Aug/2016:08:06:27 +0800] "GET /webseed?info_hash=%1etT%c0%15A*%86r%b2%c4%26A%ac%f7%9d%00%84k%3f&?info_hash=%1etT%c0%15A*%86r%b2%c4%26A%ac%f7%9d%00%84k%3f&piece=1060&ranges=229376-245759 HTTP/1.1" 404 168 "-" "-"
113.107.189.77 - - [06/Aug/2016:08:14:32 +0800] "GET /webseed?info_hash=%1etT%c0%15A*%86r%b2%c4%26A%ac%f7%9d%00%84k%3f&?info_hash=%1etT%c0%15A*%86r%b2%c4%26A%ac%f7%9d%00%84k%3f&piece=1069&ranges=147456-163839 HTTP/1.1" 404 168 "-" "Xfplay Android 4.9.9.2"
113.107.189.77 - - [06/Aug/2016:08:14:32 +0800] "GET /webseed?info_hash=%1etT%c0%15A*%86r%b2%c4%26A%ac%f7%9d%00%84k%3f&?info_hash=%1etT%c0%15A*%86r%b2%c4%26A%ac%f7%9d%00%84k%3f&piece=1069&ranges=163840-180223 HTTP/1.1" 404 168 "-" "-"
113.107.189.77 - - [06/Aug/2016:08:20:54 +0800] "GET /webseed?info_hash=%1etT%c0%15A*%86r%b2%c4%26A%ac%f7%9d%00%84k%3f&?info_hash=%1etT%c0%15A*%86r%b2%c4%26A%ac%f7%9d%00%84k%3f&piece=1078&ranges=0-16383 HTTP/1.1" 404 168 "-" "Xfplay Android 4.9.9.2"
113.107.189.77 - - [06/Aug/2016:08:20:54 +0800] "GET /webseed?info_hash=%1etT%c0%15A*%86r%b2%c4%26A%ac%f7%9d%00%84k%3f&?info_hash=%1etT%c0%15A*%86r%b2%c4%26A%ac%f7%9d%00%84k%3f&piece=1078&ranges=16384-32767 HTTP/1.1" 404 168 "-" "-"
185.25.151.159 - - [06/Aug/2016:08:24:37 +0800] "GET http://testp4.pospr.waw.pl/testproxy.php HTTP/1.1" 499 0 "-" "Mozilla/5.0 (Windows NT 5.1; rv:32.0) Gecko/20100101 Firefox/31.0"
113.107.189.77 - - [06/Aug/2016:08:26:43 +0800] "GET /webseed?info_hash=%1etT%c0%15A*%86r%b2%c4%26A%ac%f7%9d%00%84k%3f&?info_hash=%1etT%c0%15A*%86r%b2%c4%26A%ac%f7%9d%00%84k%3f&piece=1086&ranges=49152-65535 HTTP/1.1" 404 168 "-" "Xfplay Android 4.9.9.2"
113.107.189.77 - - [06/Aug/2016:08:26:43 +0800] "GET /webseed?info_hash=%1etT%c0%15A*%86r%b2%c4%26A%ac%f7%9d%00%84k%3f&?info_hash=%1etT%c0%15A*%86r%b2%c4%26A%ac%f7%9d%00%84k%3f&piece=1086&ranges=65536-81919 HTTP/1.1" 404 168 "-" "-"
103.44.205.54 - - [06/Aug/2016:08:33:43 +0800] "GET /webseed?info_hash=%1etT%c0%15A*%86r%b2%c4%26A%ac%f7%9d%00%84k%3f&?info_hash=%1etT%c0%15A*%86r%b2%c4%26A%ac%f7%9d%00%84k%3f&piece=1095&ranges=81920-98303 HTTP/1.1" 404 168 "-" "Xfplay Android 4.9.9.2"
96.228.211.79 - - [06/Aug/2016:08:37:56 +0800] "\x00" 400 172 "-" "-"
96.228.211.79 - - [06/Aug/2016:08:39:06 +0800] "GET http://httpheader.net/ HTTP/1.1" 200 623 "-" "Mozilla/5.0 (Windows; U; Windows NT 6.1; en-US; rv:1.9.2.28) Gecko/20120306 Firefox/3.6.28 (.NET CLR 3.5.30729)"
96.228.211.79 - - [06/Aug/2016:08:39:07 +0800] "\x04\x01\x00P\xC0c\xF660\x00" 400 172 "-" "-"
96.228.211.79 - - [06/Aug/2016:08:39:07 +0800] "\x04\x01\x00P\xC0c\xF660\x00" 400 172 "-" "-"
96.228.211.79 - - [06/Aug/2016:08:39:08 +0800] "\x05\x01\x00" 400 172 "-" "-"
115.239.228.202 - - [06/Aug/2016:08:44:00 +0800] "GET http://zc.qq.com/cgi-bin/common/attr?id=260714&r=0.5078395084372068 HTTP/1.1" 404 570 "-" "Mozilla/5.0 (compatible; MSIE 9.0; Windows NT 6.1; Trident/5.0; 360SE)"
103.44.205.54 - - [06/Aug/2016:08:47:07 +0800] "GET /webseed?info_hash=%1etT%c0%15A*%86r%b2%c4%26A%ac%f7%9d%00%84k%3f&?info_hash=%1etT%c0%15A*%86r%b2%c4%26A%ac%f7%9d%00%84k%3f&piece=1106&ranges=147456-163839 HTTP/1.1" 404 168 "-" "Xfplay Android 4.9.9.2"
103.44.205.54 - - [06/Aug/2016:08:47:07 +0800] "GET /webseed?info_hash=%1etT%c0%15A*%86r%b2%c4%26A%ac%f7%9d%00%84k%3f&?info_hash=%1etT%c0%15A*%86r%b2%c4%26A%ac%f7%9d%00%84k%3f&piece=1106&ranges=163840-180223 HTTP/1.1" 404 168 "-" "-"
103.44.205.54 - - [06/Aug/2016:08:53:55 +0800] "GET /webseed?info_hash=%1etT%c0%15A*%86r%b2%c4%26A%ac%f7%9d%00%84k%3f&?info_hash=%1etT%c0%15A*%86r%b2%c4%26A%ac%f7%9d%00%84k%3f&piece=1116&ranges=245760-262143 HTTP/1.1" 404 168 "-" "Xfplay Android 4.9.9.2"
182.243.61.191 - - [06/Aug/2016:08:54:42 +0800] "GET http://www.google.com/intl/zh-CN/ HTTP/1.1" 404 168 "-" "HttpClient"
182.243.61.191 - - [06/Aug/2016:08:55:12 +0800] "GET /manager/html HTTP/1.1" 404 168 "-" "Mozilla/3.0 (compatible; Indy Library)"
103.44.205.54 - - [06/Aug/2016:08:59:53 +0800] "GET /webseed?info_hash=%1etT%c0%15A*%86r%b2%c4%26A%ac%f7%9d%00%84k%3f&?info_hash=%1etT%c0%15A*%86r%b2%c4%26A%ac%f7%9d%00%84k%3f&piece=1127&ranges=114688-131071 HTTP/1.1" 404 168 "-" "Xfplay Android 4.9.9.2"
103.44.205.54 - - [06/Aug/2016:08:59:53 +0800] "GET /webseed?info_hash=%1etT%c0%15A*%86r%b2%c4%26A%ac%f7%9d%00%84k%3f&?info_hash=%1etT%c0%15A*%86r%b2%c4%26A%ac%f7%9d%00%84k%3f&piece=1127&ranges=131072-147455 HTTP/1.1" 404 168 "-" "-"
103.44.205.54 - - [06/Aug/2016:09:13:33 +0800] "GET /webseed?info_hash=%1etT%c0%15A*%86r%b2%c4%26A%ac%f7%9d%00%84k%3f&?info_hash=%1etT%c0%15A*%86r%b2%c4%26A%ac%f7%9d%00%84k%3f&piece=1135&ranges=229376-245759 HTTP/1.1" 404 168 "-" "Xfplay Android 4.9.9.2"
103.44.205.54 - - [06/Aug/2016:09:13:33 +0800] "GET /webseed?info_hash=%1etT%c0%15A*%86r%b2%c4%26A%ac%f7%9d%00%84k%3f&?info_hash=%1etT%c0%15A*%86r%b2%c4%26A%ac%f7%9d%00%84k%3f&piece=1135&ranges=245760-262143 HTTP/1.1" 404 168 "-" "-"
218.93.208.170 - - [06/Aug/2016:09:20:34 +0800] "GET /manager/html HTTP/1.1" 404 168 "-" "Mozilla/3.0 (compatible; Indy Library)"
115.230.124.174 - - [06/Aug/2016:09:32:55 +0800] "GET http://zc.qq.com/cgi-bin/common/attr?id=260714&r=0.1829458541005348 HTTP/1.1" 404 570 "-" "Mozilla/5.0 (compatible; MSIE 9.0; Windows NT 6.1; Trident/5.0; 360SE)"
115.239.228.202 - - [06/Aug/2016:09:57:07 +0800] "GET http://zc.qq.com/cgi-bin/common/attr?id=260714&r=0.6243092702571581 HTTP/1.1" 404 570 "-" "Mozilla/5.0 (compatible; MSIE 9.0; Windows NT 6.1; Trident/5.0; 360SE)"
103.44.205.54 - - [06/Aug/2016:10:05:14 +0800] "GET /webseed?info_hash=%1etT%c0%15A*%86r%b2%c4%26A%ac%f7%9d%00%84k%3f&?info_hash=%1etT%c0%15A*%86r%b2%c4%26A%ac%f7%9d%00%84k%3f&piece=1141&ranges=131072-147455 HTTP/1.1" 404 168 "-" "Xfplay Android 4.9.9.2"
103.44.205.54 - - [06/Aug/2016:10:05:14 +0800] "GET /webseed?info_hash=%1etT%c0%15A*%86r%b2%c4%26A%ac%f7%9d%00%84k%3f&?info_hash=%1etT%c0%15A*%86r%b2%c4%26A%ac%f7%9d%00%84k%3f&piece=1141&ranges=147456-163839 HTTP/1.1" 404 168 "-" "-"
103.44.205.54 - - [06/Aug/2016:10:10:17 +0800] "GET /webseed?info_hash=%1etT%c0%15A*%86r%b2%c4%26A%ac%f7%9d%00%84k%3f&?info_hash=%1etT%c0%15A*%86r%b2%c4%26A%ac%f7%9d%00%84k%3f&piece=1145&ranges=163840-180223 HTTP/1.1" 404 168 "-" "Xfplay Android 4.9.9.2"
103.44.205.54 - - [06/Aug/2016:10:10:17 +0800] "GET /webseed?info_hash=%1etT%c0%15A*%86r%b2%c4%26A%ac%f7%9d%00%84k%3f&?info_hash=%1etT%c0%15A*%86r%b2%c4%26A%ac%f7%9d%00%84k%3f&piece=1145&ranges=180224-196607 HTTP/1.1" 404 168 "-" "-"
222.186.56.88 - - [06/Aug/2016:10:35:22 +0800] "GET / HTTP/1.1" 200 623 "-" "Mozilla/4.0 (compatible; MSIE 6.0; Windows NT 5.1"
117.92.54.115 - - [06/Aug/2016:11:02:39 +0800] "GET /webseed?info_hash=%1etT%c0%15A*%86r%b2%c4%26A%ac%f7%9d%00%84k%3f&?info_hash=%1etT%c0%15A*%86r%b2%c4%26A%ac%f7%9d%00%84k%3f&piece=2024&ranges=81920-98303 HTTP/1.1" 404 168 "-" "Xfplay Android 4.9.9.2"
117.92.54.115 - - [06/Aug/2016:11:02:39 +0800] "GET /webseed?info_hash=%1etT%c0%15A*%86r%b2%c4%26A%ac%f7%9d%00%84k%3f&?info_hash=%1etT%c0%15A*%86r%b2%c4%26A%ac%f7%9d%00%84k%3f&piece=2024&ranges=98304-114687 HTTP/1.1" 404 168 "-" "-"
117.92.54.115 - - [06/Aug/2016:11:07:39 +0800] "GET /webseed?info_hash=%1etT%c0%15A*%86r%b2%c4%26A%ac%f7%9d%00%84k%3f&?info_hash=%1etT%c0%15A*%86r%b2%c4%26A%ac%f7%9d%00%84k%3f&piece=203&ranges=65536-81919 HTTP/1.1" 404 168 "-" "Xfplay Android 4.9.9.2"
117.92.54.115 - - [06/Aug/2016:11:07:39 +0800] "GET /webseed?info_hash=%1etT%c0%15A*%86r%b2%c4%26A%ac%f7%9d%00%84k%3f&?info_hash=%1etT%c0%15A*%86r%b2%c4%26A%ac%f7%9d%00%84k%3f&piece=203&ranges=81920-98303 HTTP/1.1" 404 168 "-" "-"
115.239.228.202 - - [06/Aug/2016:11:10:41 +0800] "GET http://zc.qq.com/cgi-bin/common/attr?id=260714&r=0.3484120866491395 HTTP/1.1" 404 570 "-" "Mozilla/5.0 (compatible; MSIE 9.0; Windows NT 6.1; Trident/5.0; 360SE)"
117.92.54.115 - - [06/Aug/2016:11:12:40 +0800] "GET /webseed?info_hash=%1etT%c0%15A*%86r%b2%c4%26A%ac%f7%9d%00%84k%3f&?info_hash=%1etT%c0%15A*%86r%b2%c4%26A%ac%f7%9d%00%84k%3f&piece=295&ranges=245760-262143 HTTP/1.1" 404 168 "-" "Xfplay Android 4.9.9.2"
117.92.54.115 - - [06/Aug/2016:11:12:40 +0800] "GET /webseed?info_hash=%1etT%c0%15A*%86r%b2%c4%26A%ac%f7%9d%00%84k%3f&?info_hash=%1etT%c0%15A*%86r%b2%c4%26A%ac%f7%9d%00%84k%3f&piece=296&ranges=0-16383 HTTP/1.1" 404 168 "-" "-"
117.92.54.115 - - [06/Aug/2016:11:17:42 +0800] "GET /webseed?info_hash=%1etT%c0%15A*%86r%b2%c4%26A%ac%f7%9d%00%84k%3f&?info_hash=%1etT%c0%15A*%86r%b2%c4%26A%ac%f7%9d%00%84k%3f&piece=371&ranges=212992-229375 HTTP/1.1" 404 168 "-" "Xfplay Android 4.9.9.2"
117.92.54.115 - - [06/Aug/2016:11:17:42 +0800] "GET /webseed?info_hash=%1etT%c0%15A*%86r%b2%c4%26A%ac%f7%9d%00%84k%3f&?info_hash=%1etT%c0%15A*%86r%b2%c4%26A%ac%f7%9d%00%84k%3f&piece=371&ranges=229376-245759 HTTP/1.1" 404 168 "-" "-"
117.92.54.115 - - [06/Aug/2016:11:22:44 +0800] "GET /webseed?info_hash=%1etT%c0%15A*%86r%b2%c4%26A%ac%f7%9d%00%84k%3f&?info_hash=%1etT%c0%15A*%86r%b2%c4%26A%ac%f7%9d%00%84k%3f&piece=445&ranges=131072-147455 HTTP/1.1" 404 168 "-" "Xfplay Android 4.9.9.2"
117.92.54.115 - - [06/Aug/2016:11:22:44 +0800] "GET /webseed?info_hash=%1etT%c0%15A*%86r%b2%c4%26A%ac%f7%9d%00%84k%3f&?info_hash=%1etT%c0%15A*%86r%b2%c4%26A%ac%f7%9d%00%84k%3f&piece=445&ranges=147456-163839 HTTP/1.1" 404 168 "-" "-"
60.191.52.254 - - [06/Aug/2016:11:22:56 +0800] "HEAD http://www.baidu.com/ HTTP/1.1" 200 0 "-" "Java/1.8.0_77"
117.92.54.115 - - [06/Aug/2016:11:26:00 +0800] "GET /webseed?info_hash=%1etT%c0%15A*%86r%b2%c4%26A%ac%f7%9d%00%84k%3f&?info_hash=%1etT%c0%15A*%86r%b2%c4%26A%ac%f7%9d%00%84k%3f&piece=483&ranges=65536-81919 HTTP/1.1" 404 168 "-" "Xfplay Android 4.9.9.2"
117.92.54.115 - - [06/Aug/2016:11:26:00 +0800] "GET /webseed?info_hash=%1etT%c0%15A*%86r%b2%c4%26A%ac%f7%9d%00%84k%3f&?info_hash=%1etT%c0%15A*%86r%b2%c4%26A%ac%f7%9d%00%84k%3f&piece=483&ranges=81920-98303 HTTP/1.1" 404 168 "-" "-"
91.236.75.4 - - [06/Aug/2016:11:26:34 +0800] "GET http://www.google.com/reader/about/ HTTP/1.1" 404 570 "-" "Mozilla/4.0 (compatible; MSIE 6.0; Windows NT 5.1)"
117.92.54.115 - - [06/Aug/2016:11:31:00 +0800] "GET /webseed?info_hash=%1etT%c0%15A*%86r%b2%c4%26A%ac%f7%9d%00%84k%3f&?info_hash=%1etT%c0%15A*%86r%b2%c4%26A%ac%f7%9d%00%84k%3f&piece=532&ranges=245760-262143 HTTP/1.1" 404 168 "-" "Xfplay Android 4.9.9.2"
117.92.54.115 - - [06/Aug/2016:11:31:00 +0800] "GET /webseed?info_hash=%1etT%c0%15A*%86r%b2%c4%26A%ac%f7%9d%00%84k%3f&?info_hash=%1etT%c0%15A*%86r%b2%c4%26A%ac%f7%9d%00%84k%3f&piece=533&ranges=0-16383 HTTP/1.1" 404 168 "-" "-"
117.92.54.115 - - [06/Aug/2016:11:36:03 +0800] "GET /webseed?info_hash=%1etT%c0%15A*%86r%b2%c4%26A%ac%f7%9d%00%84k%3f&?info_hash=%1etT%c0%15A*%86r%b2%c4%26A%ac%f7%9d%00%84k%3f&piece=629&ranges=196608-212991 HTTP/1.1" 404 168 "-" "Xfplay Android 4.9.9.2"
117.92.54.115 - - [06/Aug/2016:11:36:03 +0800] "GET /webseed?info_hash=%1etT%c0%15A*%86r%b2%c4%26A%ac%f7%9d%00%84k%3f&?info_hash=%1etT%c0%15A*%86r%b2%c4%26A%ac%f7%9d%00%84k%3f&piece=629&ranges=212992-229375 HTTP/1.1" 404 168 "-" "-"
117.92.54.115 - - [06/Aug/2016:11:41:04 +0800] "GET /webseed?info_hash=%1etT%c0%15A*%86r%b2%c4%26A%ac%f7%9d%00%84k%3f&?info_hash=%1etT%c0%15A*%86r%b2%c4%26A%ac%f7%9d%00%84k%3f&piece=718&ranges=212992-229375 HTTP/1.1" 404 168 "-" "Xfplay Android 4.9.9.2"
117.92.54.115 - - [06/Aug/2016:11:41:04 +0800] "GET /webseed?info_hash=%1etT%c0%15A*%86r%b2%c4%26A%ac%f7%9d%00%84k%3f&?info_hash=%1etT%c0%15A*%86r%b2%c4%26A%ac%f7%9d%00%84k%3f&piece=718&ranges=229376-245759 HTTP/1.1" 404 168 "-" "-"
117.92.54.115 - - [06/Aug/2016:11:46:06 +0800] "GET /webseed?info_hash=%1etT%c0%15A*%86r%b2%c4%26A%ac%f7%9d%00%84k%3f&?info_hash=%1etT%c0%15A*%86r%b2%c4%26A%ac%f7%9d%00%84k%3f&piece=772&ranges=16384-32767 HTTP/1.1" 404 168 "-" "Xfplay Android 4.9.9.2"
117.92.54.115 - - [06/Aug/2016:11:46:06 +0800] "GET /webseed?info_hash=%1etT%c0%15A*%86r%b2%c4%26A%ac%f7%9d%00%84k%3f&?info_hash=%1etT%c0%15A*%86r%b2%c4%26A%ac%f7%9d%00%84k%3f&piece=772&ranges=32768-49151 HTTP/1.1" 404 168 "-" "-"
117.92.54.115 - - [06/Aug/2016:11:51:07 +0800] "GET /webseed?info_hash=%1etT%c0%15A*%86r%b2%c4%26A%ac%f7%9d%00%84k%3f&?info_hash=%1etT%c0%15A*%86r%b2%c4%26A%ac%f7%9d%00%84k%3f&piece=924&ranges=229376-245759 HTTP/1.1" 404 168 "-" "Xfplay Android 4.9.9.2"
117.92.54.115 - - [06/Aug/2016:11:51:07 +0800] "GET /webseed?info_hash=%1etT%c0%15A*%86r%b2%c4%26A%ac%f7%9d%00%84k%3f&?info_hash=%1etT%c0%15A*%86r%b2%c4%26A%ac%f7%9d%00%84k%3f&piece=924&ranges=245760-262143 HTTP/1.1" 404 168 "-" "-"
117.92.54.115 - - [06/Aug/2016:11:56:08 +0800] "GET /webseed?info_hash=%1etT%c0%15A*%86r%b2%c4%26A%ac%f7%9d%00%84k%3f&?info_hash=%1etT%c0%15A*%86r%b2%c4%26A%ac%f7%9d%00%84k%3f&piece=1051&ranges=229376-245759 HTTP/1.1" 404 168 "-" "Xfplay Android 4.9.9.2"
117.92.54.115 - - [06/Aug/2016:11:56:08 +0800] "GET /webseed?info_hash=%1etT%c0%15A*%86r%b2%c4%26A%ac%f7%9d%00%84k%3f&?info_hash=%1etT%c0%15A*%86r%b2%c4%26A%ac%f7%9d%00%84k%3f&piece=1051&ranges=245760-262143 HTTP/1.1" 404 168 "-" "-"
117.92.54.115 - - [06/Aug/2016:12:01:09 +0800] "GET /webseed?info_hash=%1etT%c0%15A*%86r%b2%c4%26A%ac%f7%9d%00%84k%3f&?info_hash=%1etT%c0%15A*%86r%b2%c4%26A%ac%f7%9d%00%84k%3f&piece=1123&ranges=0-16383 HTTP/1.1" 404 168 "-" "Xfplay Android 4.9.9.2"
117.92.54.115 - - [06/Aug/2016:12:01:09 +0800] "GET /webseed?info_hash=%1etT%c0%15A*%86r%b2%c4%26A%ac%f7%9d%00%84k%3f&?info_hash=%1etT%c0%15A*%86r%b2%c4%26A%ac%f7%9d%00%84k%3f&piece=1137&ranges=98304-114687 HTTP/1.1" 404 168 "-" "-"
117.92.54.115 - - [06/Aug/2016:12:06:10 +0800] "GET /webseed?info_hash=%1etT%c0%15A*%86r%b2%c4%26A%ac%f7%9d%00%84k%3f&?info_hash=%1etT%c0%15A*%86r%b2%c4%26A%ac%f7%9d%00%84k%3f&piece=1335&ranges=114688-131071 HTTP/1.1" 404 168 "-" "Xfplay Android 4.9.9.2"
117.92.54.115 - - [06/Aug/2016:12:06:10 +0800] "GET /webseed?info_hash=%1etT%c0%15A*%86r%b2%c4%26A%ac%f7%9d%00%84k%3f&?info_hash=%1etT%c0%15A*%86r%b2%c4%26A%ac%f7%9d%00%84k%3f&piece=1335&ranges=131072-147455 HTTP/1.1" 404 168 "-" "-"
117.92.54.115 - - [06/Aug/2016:12:11:10 +0800] "GET /webseed?info_hash=%1etT%c0%15A*%86r%b2%c4%26A%ac%f7%9d%00%84k%3f&?info_hash=%1etT%c0%15A*%86r%b2%c4%26A%ac%f7%9d%00%84k%3f&piece=1606&ranges=147456-163839 HTTP/1.1" 404 168 "-" "Xfplay Android 4.9.9.2"
117.92.54.115 - - [06/Aug/2016:12:11:10 +0800] "GET /webseed?info_hash=%1etT%c0%15A*%86r%b2%c4%26A%ac%f7%9d%00%84k%3f&?info_hash=%1etT%c0%15A*%86r%b2%c4%26A%ac%f7%9d%00%84k%3f&piece=1606&ranges=163840-180223 HTTP/1.1" 404 168 "-" "-"
117.92.54.115 - - [06/Aug/2016:12:16:11 +0800] "GET /webseed?info_hash=%1etT%c0%15A*%86r%b2%c4%26A%ac%f7%9d%00%84k%3f&?info_hash=%1etT%c0%15A*%86r%b2%c4%26A%ac%f7%9d%00%84k%3f&piece=1858&ranges=65536-81919 HTTP/1.1" 404 168 "-" "Xfplay Android 4.9.9.2"
117.92.54.115 - - [06/Aug/2016:12:16:11 +0800] "GET /webseed?info_hash=%1etT%c0%15A*%86r%b2%c4%26A%ac%f7%9d%00%84k%3f&?info_hash=%1etT%c0%15A*%86r%b2%c4%26A%ac%f7%9d%00%84k%3f&piece=1858&ranges=81920-98303 HTTP/1.1" 404 168 "-" "-"
115.239.228.202 - - [06/Aug/2016:12:24:16 +0800] "GET http://zc.qq.com/cgi-bin/common/attr?id=260714&r=0.4901441611250468 HTTP/1.1" 404 570 "-" "Mozilla/5.0 (compatible; MSIE 9.0; Windows NT 6.1; Trident/5.0; 360SE)"
120.52.88.2 - - [06/Aug/2016:12:43:36 +0800] "GET /webseed?info_hash=%1etT%c0%15A*%86r%b2%c4%26A%ac%f7%9d%00%84k%3f&?info_hash=%1etT%c0%15A*%86r%b2%c4%26A%ac%f7%9d%00%84k%3f&piece=2025&ranges=0-16383 HTTP/1.1" 404 168 "-" "Xfplay 9.9.0"
120.52.88.2 - - [06/Aug/2016:12:43:38 +0800] "GET /webseed?info_hash=%1etT%c0%15A*%86r%b2%c4%26A%ac%f7%9d%00%84k%3f&?info_hash=%1etT%c0%15A*%86r%b2%c4%26A%ac%f7%9d%00%84k%3f&piece=2025&ranges=65536-81919 HTTP/1.1" 404 168 "-" "Xfplay 9.9.0"
120.52.88.2 - - [06/Aug/2016:12:43:41 +0800] "GET /webseed?info_hash=%1etT%c0%15A*%86r%b2%c4%26A%ac%f7%9d%00%84k%3f&?info_hash=%1etT%c0%15A*%86r%b2%c4%26A%ac%f7%9d%00%84k%3f&piece=2024&ranges=147456-163839 HTTP/1.1" 404 168 "-" "Xfplay 9.9.0"
120.52.88.2 - - [06/Aug/2016:12:43:41 +0800] "GET /webseed?info_hash=%1etT%c0%15A*%86r%b2%c4%26A%ac%f7%9d%00%84k%3f&?info_hash=%1etT%c0%15A*%86r%b2%c4%26A%ac%f7%9d%00%84k%3f&piece=2024&ranges=163840-180223 HTTP/1.1" 404 168 "-" "-"
120.52.88.2 - - [06/Aug/2016:12:43:50 +0800] "GET /webseed?info_hash=%1etT%c0%15A*%86r%b2%c4%26A%ac%f7%9d%00%84k%3f&?info_hash=%1etT%c0%15A*%86r%b2%c4%26A%ac%f7%9d%00%84k%3f&piece=2024&ranges=163840-180223 HTTP/1.1" 404 168 "-" "Xfplay 9.9.0"
120.52.88.2 - - [06/Aug/2016:12:44:01 +0800] "GET /webseed?info_hash=%1etT%c0%15A*%86r%b2%c4%26A%ac%f7%9d%00%84k%3f&?info_hash=%1etT%c0%15A*%86r%b2%c4%26A%ac%f7%9d%00%84k%3f&piece=2025&ranges=32768-49151 HTTP/1.1" 404 168 "-" "Xfplay 9.9.0"
120.52.88.2 - - [06/Aug/2016:12:44:01 +0800] "GET /webseed?info_hash=%1etT%c0%15A*%86r%b2%c4%26A%ac%f7%9d%00%84k%3f&?info_hash=%1etT%c0%15A*%86r%b2%c4%26A%ac%f7%9d%00%84k%3f&piece=2025&ranges=49152-65535 HTTP/1.1" 404 168 "-" "-"
120.52.88.2 - - [06/Aug/2016:12:44:18 +0800] "GET /webseed?info_hash=%1etT%c0%15A*%86r%b2%c4%26A%ac%f7%9d%00%84k%3f&?info_hash=%1etT%c0%15A*%86r%b2%c4%26A%ac%f7%9d%00%84k%3f&piece=2025&ranges=32768-49151 HTTP/1.1" 404 168 "-" "Xfplay 9.9.0"
120.52.88.2 - - [06/Aug/2016:12:44:18 +0800] "GET /webseed?info_hash=%1etT%c0%15A*%86r%b2%c4%26A%ac%f7%9d%00%84k%3f&?info_hash=%1etT%c0%15A*%86r%b2%c4%26A%ac%f7%9d%00%84k%3f&piece=2025&ranges=49152-65535 HTTP/1.1" 404 168 "-" "-"
120.52.88.2 - - [06/Aug/2016:12:44:38 +0800] "GET /webseed?info_hash=%1etT%c0%15A*%86r%b2%c4%26A%ac%f7%9d%00%84k%3f&?info_hash=%1etT%c0%15A*%86r%b2%c4%26A%ac%f7%9d%00%84k%3f&piece=2024&ranges=98304-114687 HTTP/1.1" 404 168 "-" "Xfplay 9.9.0"
120.52.88.2 - - [06/Aug/2016:12:44:38 +0800] "GET /webseed?info_hash=%1etT%c0%15A*%86r%b2%c4%26A%ac%f7%9d%00%84k%3f&?info_hash=%1etT%c0%15A*%86r%b2%c4%26A%ac%f7%9d%00%84k%3f&piece=2024&ranges=131072-147455 HTTP/1.1" 404 168 "-" "-"
120.52.88.2 - - [06/Aug/2016:12:45:02 +0800] "GET /webseed?info_hash=%1etT%c0%15A*%86r%b2%c4%26A%ac%f7%9d%00%84k%3f&?info_hash=%1etT%c0%15A*%86r%b2%c4%26A%ac%f7%9d%00%84k%3f&piece=2024&ranges=32768-49151 HTTP/1.1" 404 168 "-" "Xfplay 9.9.0"
