120.86.190.19 - - [06/May/2016:18:04:25 +0800] "GET /bangze/assets/sharing-a8ca3a73f2815584415ab40593cb9092.css HTTP/1.1" 200 114166 "http://fh.netbarmon.com/bangze/index.html" "Mozilla/5.0 (iPhone; CPU iPhone OS 7_0_4 like Mac OS X) AppleWebKit/537.51.1 (KHTML, like Gecko) Mobile/11B554a MicroMessenger/6.3.16 NetType/WIFI Language/zh_CN"
120.86.190.19 - - [06/May/2016:18:04:27 +0800] "GET /bangze/fonts/fontawesome-webfont.woff?v=4.5.0 HTTP/1.1" 200 83588 "http://fh.netbarmon.com/bangze/index.html" "Mozilla/5.0 (iPhone; CPU iPhone OS 7_0_4 like Mac OS X) AppleWebKit/537.51.1 (KHTML, like Gecko) Mobile/11B554a MicroMessenger/6.3.16 NetType/WIFI Language/zh_CN"
120.86.190.19 - - [06/May/2016:18:04:27 +0800] "GET /bangze/assets/sharing-f33ca9e0ff1d4844e0c08851009fe46c.js HTTP/1.1" 200 549555 "http://fh.netbarmon.com/bangze/index.html" "Mozilla/5.0 (iPhone; CPU iPhone OS 7_0_4 like Mac OS X) AppleWebKit/537.51.1 (KHTML, like Gecko) Mobile/11B554a MicroMessenger/6.3.16 NetType/WIFI Language/zh_CN"
120.86.190.19 - - [06/May/2016:18:04:27 +0800] "GET /bangze/images/loading.gif HTTP/1.1" 200 6425 "http://fh.netbarmon.com/bangze/index.html" "Mozilla/5.0 (iPhone; CPU iPhone OS 7_0_4 like Mac OS X) AppleWebKit/537.51.1 (KHTML, like Gecko) Mobile/11B554a MicroMessenger/6.3.16 NetType/WIFI Language/zh_CN"
120.86.190.19 - - [06/May/2016:18:04:27 +0800] "GET /bangze/images/icon_android.png HTTP/1.1" 404 168 "http://fh.netbarmon.com/bangze/index.html" "Mozilla/5.0 (iPhone; CPU iPhone OS 7_0_4 like Mac OS X) AppleWebKit/537.51.1 (KHTML, like Gecko) Mobile/11B554a MicroMessenger/6.3.16 NetType/WIFI Language/zh_CN"
120.86.190.19 - - [06/May/2016:18:04:28 +0800] "GET /bangze/images/down-arrow.png HTTP/1.1" 404 168 "http://fh.netbarmon.com/bangze/index.html" "Mozilla/5.0 (iPhone; CPU iPhone OS 7_0_4 like Mac OS X) AppleWebKit/537.51.1 (KHTML, like Gecko) Mobile/11B554a MicroMessenger/6.3.16 NetType/WIFI Language/zh_CN"
120.86.190.19 - - [06/May/2016:18:04:28 +0800] "GET /bangze/images/workspace/global_state_zh-CN.png HTTP/1.1" 404 168 "http://fh.netbarmon.com/bangze/index.html" "Mozilla/5.0 (iPhone; CPU iPhone OS 7_0_4 like Mac OS X) AppleWebKit/537.51.1 (KHTML, like Gecko) Mobile/11B554a MicroMessenger/6.3.16 NetType/WIFI Language/zh_CN"
120.86.190.19 - - [06/May/2016:18:04:28 +0800] "GET /bangze/images/short-arrow.png HTTP/1.1" 404 168 "http://fh.netbarmon.com/bangze/index.html" "Mozilla/5.0 (iPhone; CPU iPhone OS 7_0_4 like Mac OS X) AppleWebKit/537.51.1 (KHTML, like Gecko) Mobile/11B554a MicroMessenger/6.3.16 NetType/WIFI Language/zh_CN"
120.86.190.19 - - [06/May/2016:18:04:31 +0800] "GET /bangze/images/splash.png HTTP/1.1" 200 24357 "http://fh.netbarmon.com/bangze/index.html" "Mozilla/5.0 (iPhone; CPU iPhone OS 7_0_4 like Mac OS X) AppleWebKit/537.51.1 (KHTML, like Gecko) Mobile/11B554a MicroMessenger/6.3.16 NetType/WIFI Language/zh_CN"
120.86.190.19 - - [06/May/2016:18:04:37 +0800] "GET /bangze/images/workspace/staticmap_zh-CN.png HTTP/1.1" 200 132594 "http://fh.netbarmon.com/bangze/index.html" "Mozilla/5.0 (iPhone; CPU iPhone OS 7_0_4 like Mac OS X) AppleWebKit/537.51.1 (KHTML, like Gecko) Mobile/11B554a MicroMessenger/6.3.16 NetType/WIFI Language/zh_CN"
120.86.190.19 - - [06/May/2016:18:04:37 +0800] "GET /bangze/images/3101476/raw_1461596669.jpeg HTTP/1.1" 200 324297 "http://fh.netbarmon.com/bangze/index.html" "Mozilla/5.0 (iPhone; CPU iPhone OS 7_0_4 like Mac OS X) AppleWebKit/537.51.1 (KHTML, like Gecko) Mobile/11B554a MicroMessenger/6.3.16 NetType/WIFI Language/zh_CN"
120.86.190.19 - - [06/May/2016:18:04:37 +0800] "GET /bangze/images/3101479/raw_1461596682.jpeg HTTP/1.1" 200 309953 "http://fh.netbarmon.com/bangze/index.html" "Mozilla/5.0 (iPhone; CPU iPhone OS 7_0_4 like Mac OS X) AppleWebKit/537.51.1 (KHTML, like Gecko) Mobile/11B554a MicroMessenger/6.3.16 NetType/WIFI Language/zh_CN"
120.86.190.19 - - [06/May/2016:18:04:41 +0800] "GET /bangze/images/3101475/raw_1461596656.jpeg HTTP/1.1" 200 352919 "http://fh.netbarmon.com/bangze/index.html" "Mozilla/5.0 (iPhone; CPU iPhone OS 7_0_4 like Mac OS X) AppleWebKit/537.51.1 (KHTML, like Gecko) Mobile/11B554a MicroMessenger/6.3.16 NetType/WIFI Language/zh_CN"
120.86.190.19 - - [06/May/2016:18:04:42 +0800] "GET /bangze/images/3101146/raw_1461592831.jpeg HTTP/1.1" 200 582765 "http://fh.netbarmon.com/bangze/index.html" "Mozilla/5.0 (iPhone; CPU iPhone OS 7_0_4 like Mac OS X) AppleWebKit/537.51.1 (KHTML, like Gecko) Mobile/11B554a MicroMessenger/6.3.16 NetType/WIFI Language/zh_CN"
120.86.190.19 - - [06/May/2016:18:04:46 +0800] "GET /bangze/images/1738926/raw_1449675839.png HTTP/1.1" 200 26214 "http://fh.netbarmon.com/bangze/index.html" "Mozilla/5.0 (iPhone; CPU iPhone OS 7_0_4 like Mac OS X) AppleWebKit/537.51.1 (KHTML, like Gecko) Mobile/11B554a MicroMessenger/6.3.16 NetType/WIFI Language/zh_CN"
120.86.190.19 - - [06/May/2016:18:04:46 +0800] "GET /bangze/images/1976012/raw_1451455211.jpeg HTTP/1.1" 200 6531 "http://fh.netbarmon.com/bangze/index.html" "Mozilla/5.0 (iPhone; CPU iPhone OS 7_0_4 like Mac OS X) AppleWebKit/537.51.1 (KHTML, like Gecko) Mobile/11B554a MicroMessenger/6.3.16 NetType/WIFI Language/zh_CN"
120.86.190.19 - - [06/May/2016:18:04:46 +0800] "GET /bangze/images/2191439/raw_1453203402.png HTTP/1.1" 200 4273 "http://fh.netbarmon.com/bangze/index.html" "Mozilla/5.0 (iPhone; CPU iPhone OS 7_0_4 like Mac OS X) AppleWebKit/537.51.1 (KHTML, like Gecko) Mobile/11B554a MicroMessenger/6.3.16 NetType/WIFI Language/zh_CN"
120.86.190.19 - - [06/May/2016:18:04:46 +0800] "GET /bangze/images/2191445/raw_1453203449.png HTTP/1.1" 200 4141 "http://fh.netbarmon.com/bangze/index.html" "Mozilla/5.0 (iPhone; CPU iPhone OS 7_0_4 like Mac OS X) AppleWebKit/537.51.1 (KHTML, like Gecko) Mobile/11B554a MicroMessenger/6.3.16 NetType/WIFI Language/zh_CN"
120.86.190.19 - - [06/May/2016:18:04:46 +0800] "GET /bangze/images/2191452/raw_1453203516.png HTTP/1.1" 200 3521 "http://fh.netbarmon.com/bangze/index.html" "Mozilla/5.0 (iPhone; CPU iPhone OS 7_0_4 like Mac OS X) AppleWebKit/537.51.1 (KHTML, like Gecko) Mobile/11B554a MicroMessenger/6.3.16 NetType/WIFI Language/zh_CN"
120.86.190.19 - - [06/May/2016:18:04:46 +0800] "GET /bangze/images/2191468/raw_1453203577.png HTTP/1.1" 200 3670 "http://fh.netbarmon.com/bangze/index.html" "Mozilla/5.0 (iPhone; CPU iPhone OS 7_0_4 like Mac OS X) AppleWebKit/537.51.1 (KHTML, like Gecko) Mobile/11B554a MicroMessenger/6.3.16 NetType/WIFI Language/zh_CN"
120.86.190.19 - - [06/May/2016:18:04:49 +0800] "GET /bangze/images/3101748/raw_1461599507.jpeg HTTP/1.1" 200 165190 "http://fh.netbarmon.com/bangze/index.html" "Mozilla/5.0 (iPhone; CPU iPhone OS 7_0_4 like Mac OS X) AppleWebKit/537.51.1 (KHTML, like Gecko) Mobile/11B554a MicroMessenger/6.3.16 NetType/WIFI Language/zh_CN"
120.86.190.19 - - [06/May/2016:18:04:50 +0800] "GET /bangze/images/keyboards/iphone_r_portrait.png HTTP/1.1" 200 25139 "http://fh.netbarmon.com/bangze/index.html" "Mozilla/5.0 (iPhone; CPU iPhone OS 7_0_4 like Mac OS X) AppleWebKit/537.51.1 (KHTML, like Gecko) Mobile/11B554a MicroMessenger/6.3.16 NetType/WIFI Language/zh_CN"
120.86.190.19 - - [06/May/2016:18:05:00 +0800] "GET /bangze/images/1739394/raw_1449695300.jpeg HTTP/1.1" 200 5438 "http://fh.netbarmon.com/bangze/index.html" "Mozilla/5.0 (iPhone; CPU iPhone OS 7_0_4 like Mac OS X) AppleWebKit/537.51.1 (KHTML, like Gecko) Mobile/11B554a MicroMessenger/6.3.16 NetType/WIFI Language/zh_CN"
120.86.190.19 - - [06/May/2016:18:05:02 +0800] "GET /bangze/images/3101886/raw_1461601371.png HTTP/1.1" 200 96243 "http://fh.netbarmon.com/bangze/index.html" "Mozilla/5.0 (iPhone; CPU iPhone OS 7_0_4 like Mac OS X) AppleWebKit/537.51.1 (KHTML, like Gecko) Mobile/11B554a MicroMessenger/6.3.16 NetType/WIFI Language/zh_CN"
120.86.190.19 - - [06/May/2016:18:05:02 +0800] "GET /bangze/images/3101823/raw_1461600130.png HTTP/1.1" 200 160571 "http://fh.netbarmon.com/bangze/index.html" "Mozilla/5.0 (iPhone; CPU iPhone OS 7_0_4 like Mac OS X) AppleWebKit/537.51.1 (KHTML, like Gecko) Mobile/11B554a MicroMessenger/6.3.16 NetType/WIFI Language/zh_CN"
120.86.190.19 - - [06/May/2016:18:05:02 +0800] "GET /bangze/images/3101918/raw_1461602002.png HTTP/1.1" 200 93014 "http://fh.netbarmon.com/bangze/index.html" "Mozilla/5.0 (iPhone; CPU iPhone OS 7_0_4 like Mac OS X) AppleWebKit/537.51.1 (KHTML, like Gecko) Mobile/11B554a MicroMessenger/6.3.16 NetType/WIFI Language/zh_CN"
120.86.190.19 - - [06/May/2016:18:05:03 +0800] "GET /bangze/images/3101839/raw_1461600538.png HTTP/1.1" 200 112274 "http://fh.netbarmon.com/bangze/index.html" "Mozilla/5.0 (iPhone; CPU iPhone OS 7_0_4 like Mac OS X) AppleWebKit/537.51.1 (KHTML, like Gecko) Mobile/11B554a MicroMessenger/6.3.16 NetType/WIFI Language/zh_CN"
120.86.190.19 - - [06/May/2016:18:05:22 +0800] "GET /bangze/images/2192572/raw_1453212196.jpeg HTTP/1.1" 200 30207 "http://fh.netbarmon.com/bangze/index.html" "Mozilla/5.0 (iPhone; CPU iPhone OS 7_0_4 like Mac OS X) AppleWebKit/537.51.1 (KHTML, like Gecko) Mobile/11B554a MicroMessenger/6.3.16 NetType/WIFI Language/zh_CN"
120.86.190.19 - - [06/May/2016:18:05:22 +0800] "GET /bangze/images/2192827/raw_1453215037.png HTTP/1.1" 200 8152 "http://fh.netbarmon.com/bangze/index.html" "Mozilla/5.0 (iPhone; CPU iPhone OS 7_0_4 like Mac OS X) AppleWebKit/537.51.1 (KHTML, like Gecko) Mobile/11B554a MicroMessenger/6.3.16 NetType/WIFI Language/zh_CN"
120.86.190.19 - - [06/May/2016:18:05:26 +0800] "GET /bangze/images/1738876/raw_1449675400.jpeg HTTP/1.1" 200 107390 "http://fh.netbarmon.com/bangze/index.html" "Mozilla/5.0 (iPhone; CPU iPhone OS 7_0_4 like Mac OS X) AppleWebKit/537.51.1 (KHTML, like Gecko) Mobile/11B554a MicroMessenger/6.3.16 NetType/WIFI Language/zh_CN"
120.86.190.19 - - [06/May/2016:18:05:32 +0800] "GET /bangze/images/3129378/raw_1461750158.png HTTP/1.1" 200 3019 "http://fh.netbarmon.com/bangze/index.html" "Mozilla/5.0 (iPhone; CPU iPhone OS 7_0_4 like Mac OS X) AppleWebKit/537.51.1 (KHTML, like Gecko) Mobile/11B554a MicroMessenger/6.3.16 NetType/WIFI Language/zh_CN"
120.86.190.19 - - [06/May/2016:18:05:32 +0800] "GET /bangze/images/3129600/raw_1461750709.png HTTP/1.1" 200 5911 "http://fh.netbarmon.com/bangze/index.html" "Mozilla/5.0 (iPhone; CPU iPhone OS 7_0_4 like Mac OS X) AppleWebKit/537.51.1 (KHTML, like Gecko) Mobile/11B554a MicroMessenger/6.3.16 NetType/WIFI Language/zh_CN"
120.86.190.19 - - [06/May/2016:18:05:51 +0800] "GET /bangze/images/3101996/raw_1461603950.gif HTTP/1.1" 200 187339 "http://fh.netbarmon.com/bangze/index.html" "Mozilla/5.0 (iPhone; CPU iPhone OS 7_0_4 like Mac OS X) AppleWebKit/537.51.1 (KHTML, like Gecko) Mobile/11B554a MicroMessenger/6.3.16 NetType/WIFI Language/zh_CN"
101.226.233.153 - - [06/May/2016:18:07:14 +0800] "POST /WeiXin/tokenCheck.php?signature=8b0ad089081b4e554b2138b3e5d3c15f31c0cb7d&timestamp=1462529235&nonce=1511202261 HTTP/1.0" 200 831 "-" "Mozilla/4.0"
120.86.190.19 - - [06/May/2016:18:07:16 +0800] "GET /bangze/images/icon_android.png HTTP/1.1" 404 168 "http://fh.netbarmon.com/bangze/index.html" "Mozilla/5.0 (iPhone; CPU iPhone OS 7_0_4 like Mac OS X) AppleWebKit/537.51.1 (KHTML, like Gecko) Mobile/11B554a MicroMessenger/6.3.16 NetType/WIFI Language/zh_CN"
120.86.190.19 - - [06/May/2016:18:07:16 +0800] "GET /bangze/images/short-arrow.png HTTP/1.1" 404 168 "http://fh.netbarmon.com/bangze/index.html" "Mozilla/5.0 (iPhone; CPU iPhone OS 7_0_4 like Mac OS X) AppleWebKit/537.51.1 (KHTML, like Gecko) Mobile/11B554a MicroMessenger/6.3.16 NetType/WIFI Language/zh_CN"
120.86.190.19 - - [06/May/2016:18:07:16 +0800] "GET /bangze/images/down-arrow.png HTTP/1.1" 404 168 "http://fh.netbarmon.com/bangze/index.html" "Mozilla/5.0 (iPhone; CPU iPhone OS 7_0_4 like Mac OS X) AppleWebKit/537.51.1 (KHTML, like Gecko) Mobile/11B554a MicroMessenger/6.3.16 NetType/WIFI Language/zh_CN"
120.86.190.19 - - [06/May/2016:18:07:16 +0800] "GET /bangze/images/workspace/global_state_zh-CN.png HTTP/1.1" 404 168 "http://fh.netbarmon.com/bangze/index.html" "Mozilla/5.0 (iPhone; CPU iPhone OS 7_0_4 like Mac OS X) AppleWebKit/537.51.1 (KHTML, like Gecko) Mobile/11B554a MicroMessenger/6.3.16 NetType/WIFI Language/zh_CN"
120.86.190.19 - - [06/May/2016:18:07:17 +0800] "GET /bangze/fonts/fontawesome-webfont.ttf?v=4.5.0 HTTP/1.1" 404 168 "http://fh.netbarmon.com/bangze/index.html" "Mozilla/5.0 (iPhone; CPU iPhone OS 7_0_4 like Mac OS X) AppleWebKit/537.51.1 (KHTML, like Gecko) Mobile/11B554a MicroMessenger/6.3.16 NetType/WIFI Language/zh_CN"
120.86.190.19 - - [06/May/2016:18:07:26 +0800] "GET /bangze/fonts/fontawesome-webfont.svg?v=4.5.0 HTTP/1.1" 200 365616 "http://fh.netbarmon.com/bangze/index.html" "Mozilla/5.0 (iPhone; CPU iPhone OS 7_0_4 like Mac OS X) AppleWebKit/537.51.1 (KHTML, like Gecko) Mobile/11B554a MicroMessenger/6.3.16 NetType/WIFI Language/zh_CN"
120.86.190.19 - - [06/May/2016:18:07:26 +0800] "GET /bangze/images/1976012/raw_1451455211.jpeg HTTP/1.1" 200 6531 "http://fh.netbarmon.com/bangze/index.html" "Mozilla/5.0 (iPhone; CPU iPhone OS 7_0_4 like Mac OS X) AppleWebKit/537.51.1 (KHTML, like Gecko) Mobile/11B554a MicroMessenger/6.3.16 NetType/WIFI Language/zh_CN"
120.86.190.19 - - [06/May/2016:18:07:26 +0800] "GET /bangze/images/2191439/raw_1453203402.png HTTP/1.1" 200 4273 "http://fh.netbarmon.com/bangze/index.html" "Mozilla/5.0 (iPhone; CPU iPhone OS 7_0_4 like Mac OS X) AppleWebKit/537.51.1 (KHTML, like Gecko) Mobile/11B554a MicroMessenger/6.3.16 NetType/WIFI Language/zh_CN"
120.86.190.19 - - [06/May/2016:18:07:26 +0800] "GET /bangze/images/2191445/raw_1453203449.png HTTP/1.1" 200 4141 "http://fh.netbarmon.com/bangze/index.html" "Mozilla/5.0 (iPhone; CPU iPhone OS 7_0_4 like Mac OS X) AppleWebKit/537.51.1 (KHTML, like Gecko) Mobile/11B554a MicroMessenger/6.3.16 NetType/WIFI Language/zh_CN"
120.86.190.19 - - [06/May/2016:18:07:26 +0800] "GET /bangze/images/2191452/raw_1453203516.png HTTP/1.1" 200 3521 "http://fh.netbarmon.com/bangze/index.html" "Mozilla/5.0 (iPhone; CPU iPhone OS 7_0_4 like Mac OS X) AppleWebKit/537.51.1 (KHTML, like Gecko) Mobile/11B554a MicroMessenger/6.3.16 NetType/WIFI Language/zh_CN"
120.86.190.19 - - [06/May/2016:18:07:26 +0800] "GET /bangze/images/2191468/raw_1453203577.png HTTP/1.1" 200 3670 "http://fh.netbarmon.com/bangze/index.html" "Mozilla/5.0 (iPhone; CPU iPhone OS 7_0_4 like Mac OS X) AppleWebKit/537.51.1 (KHTML, like Gecko) Mobile/11B554a MicroMessenger/6.3.16 NetType/WIFI Language/zh_CN"
120.86.190.19 - - [06/May/2016:18:07:35 +0800] "GET /bangze/images/keyboards/iphone_r_portrait.png HTTP/1.1" 200 25139 "http://fh.netbarmon.com/bangze/index.html" "Mozilla/5.0 (iPhone; CPU iPhone OS 7_0_4 like Mac OS X) AppleWebKit/537.51.1 (KHTML, like Gecko) Mobile/11B554a MicroMessenger/6.3.16 NetType/WIFI Language/zh_CN"
101.226.233.141 - - [06/May/2016:18:07:41 +0800] "POST /WeiXin/tokenCheck.php?signature=64ddf22c6cdbae26ff564e0b62f10985ab033a59&timestamp=1462529262&nonce=1760517707 HTTP/1.0" 200 831 "-" "Mozilla/4.0"
120.86.190.19 - - [06/May/2016:18:07:43 +0800] "GET /bangze/images/loading.gif HTTP/1.1" 200 6425 "http://fh.netbarmon.com/bangze/index.html" "Mozilla/5.0 (iPhone; CPU iPhone OS 7_0_4 like Mac OS X) AppleWebKit/537.51.1 (KHTML, like Gecko) Mobile/11B554a MicroMessenger/6.3.16 NetType/WIFI Language/zh_CN"
120.86.190.19 - - [06/May/2016:18:07:43 +0800] "GET /bangze/images/icon_android.png HTTP/1.1" 404 168 "http://fh.netbarmon.com/bangze/index.html" "Mozilla/5.0 (iPhone; CPU iPhone OS 7_0_4 like Mac OS X) AppleWebKit/537.51.1 (KHTML, like Gecko) Mobile/11B554a MicroMessenger/6.3.16 NetType/WIFI Language/zh_CN"
120.86.190.19 - - [06/May/2016:18:07:43 +0800] "GET /bangze/images/short-arrow.png HTTP/1.1" 404 168 "http://fh.netbarmon.com/bangze/index.html" "Mozilla/5.0 (iPhone; CPU iPhone OS 7_0_4 like Mac OS X) AppleWebKit/537.51.1 (KHTML, like Gecko) Mobile/11B554a MicroMessenger/6.3.16 NetType/WIFI Language/zh_CN"
120.86.190.19 - - [06/May/2016:18:07:43 +0800] "GET /bangze/images/down-arrow.png HTTP/1.1" 404 168 "http://fh.netbarmon.com/bangze/index.html" "Mozilla/5.0 (iPhone; CPU iPhone OS 7_0_4 like Mac OS X) AppleWebKit/537.51.1 (KHTML, like Gecko) Mobile/11B554a MicroMessenger/6.3.16 NetType/WIFI Language/zh_CN"
120.86.190.19 - - [06/May/2016:18:07:43 +0800] "GET /bangze/images/workspace/global_state_zh-CN.png HTTP/1.1" 404 168 "http://fh.netbarmon.com/bangze/index.html" "Mozilla/5.0 (iPhone; CPU iPhone OS 7_0_4 like Mac OS X) AppleWebKit/537.51.1 (KHTML, like Gecko) Mobile/11B554a MicroMessenger/6.3.16 NetType/WIFI Language/zh_CN"
120.86.190.19 - - [06/May/2016:18:07:52 +0800] "GET /bangze/images/workspace/staticmap_zh-CN.png HTTP/1.1" 200 132594 "http://fh.netbarmon.com/bangze/index.html" "Mozilla/5.0 (iPhone; CPU iPhone OS 7_0_4 like Mac OS X) AppleWebKit/537.51.1 (KHTML, like Gecko) Mobile/11B554a MicroMessenger/6.3.16 NetType/WIFI Language/zh_CN"
120.86.190.19 - - [06/May/2016:18:07:55 +0800] "GET /bangze/images/1738926/raw_1449675839.png HTTP/1.1" 200 26214 "http://fh.netbarmon.com/bangze/index.html" "Mozilla/5.0 (iPhone; CPU iPhone OS 7_0_4 like Mac OS X) AppleWebKit/537.51.1 (KHTML, like Gecko) Mobile/11B554a MicroMessenger/6.3.16 NetType/WIFI Language/zh_CN"
120.86.190.19 - - [06/May/2016:18:07:56 +0800] "GET /bangze/images/1976012/raw_1451455211.jpeg HTTP/1.1" 200 6531 "http://fh.netbarmon.com/bangze/index.html" "Mozilla/5.0 (iPhone; CPU iPhone OS 7_0_4 like Mac OS X) AppleWebKit/537.51.1 (KHTML, like Gecko) Mobile/11B554a MicroMessenger/6.3.16 NetType/WIFI Language/zh_CN"
120.86.190.19 - - [06/May/2016:18:07:57 +0800] "GET /bangze/images/2191439/raw_1453203402.png HTTP/1.1" 200 4273 "http://fh.netbarmon.com/bangze/index.html" "Mozilla/5.0 (iPhone; CPU iPhone OS 7_0_4 like Mac OS X) AppleWebKit/537.51.1 (KHTML, like Gecko) Mobile/11B554a MicroMessenger/6.3.16 NetType/WIFI Language/zh_CN"
120.86.190.19 - - [06/May/2016:18:07:57 +0800] "GET /bangze/images/2191468/raw_1453203577.png HTTP/1.1" 200 3670 "http://fh.netbarmon.com/bangze/index.html" "Mozilla/5.0 (iPhone; CPU iPhone OS 7_0_4 like Mac OS X) AppleWebKit/537.51.1 (KHTML, like Gecko) Mobile/11B554a MicroMessenger/6.3.16 NetType/WIFI Language/zh_CN"
120.86.190.19 - - [06/May/2016:18:07:57 +0800] "GET /bangze/images/2191452/raw_1453203516.png HTTP/1.1" 200 3521 "http://fh.netbarmon.com/bangze/index.html" "Mozilla/5.0 (iPhone; CPU iPhone OS 7_0_4 like Mac OS X) AppleWebKit/537.51.1 (KHTML, like Gecko) Mobile/11B554a MicroMessenger/6.3.16 NetType/WIFI Language/zh_CN"
120.86.190.19 - - [06/May/2016:18:07:57 +0800] "GET /bangze/images/2191445/raw_1453203449.png HTTP/1.1" 200 4141 "http://fh.netbarmon.com/bangze/index.html" "Mozilla/5.0 (iPhone; CPU iPhone OS 7_0_4 like Mac OS X) AppleWebKit/537.51.1 (KHTML, like Gecko) Mobile/11B554a MicroMessenger/6.3.16 NetType/WIFI Language/zh_CN"
120.86.190.19 - - [06/May/2016:18:07:58 +0800] "GET /bangze/images/3101748/raw_1461599507.jpeg HTTP/1.1" 200 165190 "http://fh.netbarmon.com/bangze/index.html" "Mozilla/5.0 (iPhone; CPU iPhone OS 7_0_4 like Mac OS X) AppleWebKit/537.51.1 (KHTML, like Gecko) Mobile/11B554a MicroMessenger/6.3.16 NetType/WIFI Language/zh_CN"
120.86.190.19 - - [06/May/2016:18:08:00 +0800] "GET /bangze/images/keyboards/iphone_r_portrait.png HTTP/1.1" 200 25139 "http://fh.netbarmon.com/bangze/index.html" "Mozilla/5.0 (iPhone; CPU iPhone OS 7_0_4 like Mac OS X) AppleWebKit/537.51.1 (KHTML, like Gecko) Mobile/11B554a MicroMessenger/6.3.16 NetType/WIFI Language/zh_CN"
120.86.190.19 - - [06/May/2016:18:08:53 +0800] "GET /bangze/images/2191439/raw_1453203402.png HTTP/1.1" 200 4273 "http://fh.netbarmon.com/bangze/index.html" "Mozilla/5.0 (iPhone; CPU iPhone OS 7_0_4 like Mac OS X) AppleWebKit/537.51.1 (KHTML, like Gecko) Mobile/11B554a MicroMessenger/6.3.16 NetType/WIFI Language/zh_CN"
120.86.190.19 - - [06/May/2016:18:08:54 +0800] "GET /bangze/images/1739394/raw_1449695300.jpeg HTTP/1.1" 200 5438 "http://fh.netbarmon.com/bangze/index.html" "Mozilla/5.0 (iPhone; CPU iPhone OS 7_0_4 like Mac OS X) AppleWebKit/537.51.1 (KHTML, like Gecko) Mobile/11B554a MicroMessenger/6.3.16 NetType/WIFI Language/zh_CN"
120.86.190.19 - - [06/May/2016:18:08:54 +0800] "GET /bangze/images/3101918/raw_1461602002.png HTTP/1.1" 200 93014 "http://fh.netbarmon.com/bangze/index.html" "Mozilla/5.0 (iPhone; CPU iPhone OS 7_0_4 like Mac OS X) AppleWebKit/537.51.1 (KHTML, like Gecko) Mobile/11B554a MicroMessenger/6.3.16 NetType/WIFI Language/zh_CN"
120.86.190.19 - - [06/May/2016:18:08:55 +0800] "GET /bangze/images/3101886/raw_1461601371.png HTTP/1.1" 200 96243 "http://fh.netbarmon.com/bangze/index.html" "Mozilla/5.0 (iPhone; CPU iPhone OS 7_0_4 like Mac OS X) AppleWebKit/537.51.1 (KHTML, like Gecko) Mobile/11B554a MicroMessenger/6.3.16 NetType/WIFI Language/zh_CN"
120.86.190.19 - - [06/May/2016:18:08:56 +0800] "GET /bangze/images/3101839/raw_1461600538.png HTTP/1.1" 200 112274 "http://fh.netbarmon.com/bangze/index.html" "Mozilla/5.0 (iPhone; CPU iPhone OS 7_0_4 like Mac OS X) AppleWebKit/537.51.1 (KHTML, like Gecko) Mobile/11B554a MicroMessenger/6.3.16 NetType/WIFI Language/zh_CN"
120.86.190.19 - - [06/May/2016:18:08:57 +0800] "GET /bangze/images/3101823/raw_1461600130.png HTTP/1.1" 200 160571 "http://fh.netbarmon.com/bangze/index.html" "Mozilla/5.0 (iPhone; CPU iPhone OS 7_0_4 like Mac OS X) AppleWebKit/537.51.1 (KHTML, like Gecko) Mobile/11B554a MicroMessenger/6.3.16 NetType/WIFI Language/zh_CN"
120.86.190.19 - - [06/May/2016:18:09:24 +0800] "GET /bangze/images/2192572/raw_1453212196.jpeg HTTP/1.1" 200 30207 "http://fh.netbarmon.com/bangze/index.html" "Mozilla/5.0 (iPhone; CPU iPhone OS 7_0_4 like Mac OS X) AppleWebKit/537.51.1 (KHTML, like Gecko) Mobile/11B554a MicroMessenger/6.3.16 NetType/WIFI Language/zh_CN"
120.86.190.19 - - [06/May/2016:18:09:25 +0800] "GET /bangze/images/2192827/raw_1453215037.png HTTP/1.1" 200 8152 "http://fh.netbarmon.com/bangze/index.html" "Mozilla/5.0 (iPhone; CPU iPhone OS 7_0_4 like Mac OS X) AppleWebKit/537.51.1 (KHTML, like Gecko) Mobile/11B554a MicroMessenger/6.3.16 NetType/WIFI Language/zh_CN"
120.86.190.19 - - [06/May/2016:18:09:26 +0800] "GET /bangze/images/1738876/raw_1449675400.jpeg HTTP/1.1" 200 107390 "http://fh.netbarmon.com/bangze/index.html" "Mozilla/5.0 (iPhone; CPU iPhone OS 7_0_4 like Mac OS X) AppleWebKit/537.51.1 (KHTML, like Gecko) Mobile/11B554a MicroMessenger/6.3.16 NetType/WIFI Language/zh_CN"
101.226.233.141 - - [06/May/2016:18:10:06 +0800] "POST /WeiXin/tokenCheck.php?signature=c92f05d1714a175ce0a7572444a8e8fb3bbbb657&timestamp=1462529407&nonce=1110741661 HTTP/1.0" 200 834 "-" "Mozilla/4.0"
120.86.190.19 - - [06/May/2016:18:10:08 +0800] "GET /js/wificonfigure.php HTTP/1.1" 200 3522 "-" "Mozilla/5.0 (iPhone; CPU iPhone OS 7_0_4 like Mac OS X) AppleWebKit/537.51.1 (KHTML, like Gecko) Mobile/11B554a MicroMessenger/6.3.16 NetType/WIFI Language/zh_CN"
120.86.190.19 - - [06/May/2016:18:10:08 +0800] "GET /js/weixin_dist/example.css HTTP/1.1" 404 168 "http://fh.netbarmon.com/js/wificonfigure.php" "Mozilla/5.0 (iPhone; CPU iPhone OS 7_0_4 like Mac OS X) AppleWebKit/537.51.1 (KHTML, like Gecko) Mobile/11B554a MicroMessenger/6.3.16 NetType/WIFI Language/zh_CN"
101.226.233.146 - - [06/May/2016:18:10:20 +0800] "POST /WeiXin/tokenCheck.php?signature=7e4f8a4ecc064017d3a138278450398ac89bfc20&timestamp=1462529421&nonce=1436246449 HTTP/1.0" 200 831 "-" "Mozilla/4.0"
120.86.190.19 - - [06/May/2016:18:10:21 +0800] "GET /bangze/images/loading.gif HTTP/1.1" 200 6425 "http://fh.netbarmon.com/bangze/index.html" "Mozilla/5.0 (iPhone; CPU iPhone OS 7_0_4 like Mac OS X) AppleWebKit/537.51.1 (KHTML, like Gecko) Mobile/11B554a MicroMessenger/6.3.16 NetType/WIFI Language/zh_CN"
120.86.190.19 - - [06/May/2016:18:10:21 +0800] "GET /bangze/images/short-arrow.png HTTP/1.1" 404 168 "http://fh.netbarmon.com/bangze/index.html" "Mozilla/5.0 (iPhone; CPU iPhone OS 7_0_4 like Mac OS X) AppleWebKit/537.51.1 (KHTML, like Gecko) Mobile/11B554a MicroMessenger/6.3.16 NetType/WIFI Language/zh_CN"
120.86.190.19 - - [06/May/2016:18:10:21 +0800] "GET /bangze/images/workspace/global_state_zh-CN.png HTTP/1.1" 404 168 "http://fh.netbarmon.com/bangze/index.html" "Mozilla/5.0 (iPhone; CPU iPhone OS 7_0_4 like Mac OS X) AppleWebKit/537.51.1 (KHTML, like Gecko) Mobile/11B554a MicroMessenger/6.3.16 NetType/WIFI Language/zh_CN"
120.86.190.19 - - [06/May/2016:18:10:21 +0800] "GET /bangze/images/down-arrow.png HTTP/1.1" 404 168 "http://fh.netbarmon.com/bangze/index.html" "Mozilla/5.0 (iPhone; CPU iPhone OS 7_0_4 like Mac OS X) AppleWebKit/537.51.1 (KHTML, like Gecko) Mobile/11B554a MicroMessenger/6.3.16 NetType/WIFI Language/zh_CN"
120.86.190.19 - - [06/May/2016:18:10:24 +0800] "GET /bangze/images/icon_android.png HTTP/1.1" 404 168 "http://fh.netbarmon.com/bangze/index.html" "Mozilla/5.0 (iPhone; CPU iPhone OS 7_0_4 like Mac OS X) AppleWebKit/537.51.1 (KHTML, like Gecko) Mobile/11B554a MicroMessenger/6.3.16 NetType/WIFI Language/zh_CN"
120.86.190.19 - - [06/May/2016:18:10:25 +0800] "GET /bangze/images/workspace/staticmap_zh-CN.png HTTP/1.1" 200 132594 "http://fh.netbarmon.com/bangze/index.html" "Mozilla/5.0 (iPhone; CPU iPhone OS 7_0_4 like Mac OS X) AppleWebKit/537.51.1 (KHTML, like Gecko) Mobile/11B554a MicroMessenger/6.3.16 NetType/WIFI Language/zh_CN"
120.86.190.19 - - [06/May/2016:18:10:32 +0800] "GET /bangze/images/1976012/raw_1451455211.jpeg HTTP/1.1" 200 6531 "http://fh.netbarmon.com/bangze/index.html" "Mozilla/5.0 (iPhone; CPU iPhone OS 7_0_4 like Mac OS X) AppleWebKit/537.51.1 (KHTML, like Gecko) Mobile/11B554a MicroMessenger/6.3.16 NetType/WIFI Language/zh_CN"
120.86.190.19 - - [06/May/2016:18:10:32 +0800] "GET /bangze/images/2191439/raw_1453203402.png HTTP/1.1" 200 4273 "http://fh.netbarmon.com/bangze/index.html" "Mozilla/5.0 (iPhone; CPU iPhone OS 7_0_4 like Mac OS X) AppleWebKit/537.51.1 (KHTML, like Gecko) Mobile/11B554a MicroMessenger/6.3.16 NetType/WIFI Language/zh_CN"
120.86.190.19 - - [06/May/2016:18:10:33 +0800] "GET /bangze/images/2191445/raw_1453203449.png HTTP/1.1" 200 4141 "http://fh.netbarmon.com/bangze/index.html" "Mozilla/5.0 (iPhone; CPU iPhone OS 7_0_4 like Mac OS X) AppleWebKit/537.51.1 (KHTML, like Gecko) Mobile/11B554a MicroMessenger/6.3.16 NetType/WIFI Language/zh_CN"
120.86.190.19 - - [06/May/2016:18:10:33 +0800] "GET /bangze/images/2191452/raw_1453203516.png HTTP/1.1" 200 3521 "http://fh.netbarmon.com/bangze/index.html" "Mozilla/5.0 (iPhone; CPU iPhone OS 7_0_4 like Mac OS X) AppleWebKit/537.51.1 (KHTML, like Gecko) Mobile/11B554a MicroMessenger/6.3.16 NetType/WIFI Language/zh_CN"
120.86.190.19 - - [06/May/2016:18:10:33 +0800] "GET /bangze/images/2191468/raw_1453203577.png HTTP/1.1" 200 3670 "http://fh.netbarmon.com/bangze/index.html" "Mozilla/5.0 (iPhone; CPU iPhone OS 7_0_4 like Mac OS X) AppleWebKit/537.51.1 (KHTML, like Gecko) Mobile/11B554a MicroMessenger/6.3.16 NetType/WIFI Language/zh_CN"
120.86.190.19 - - [06/May/2016:18:10:38 +0800] "GET /bangze/images/1739394/raw_1449695300.jpeg HTTP/1.1" 200 5438 "http://fh.netbarmon.com/bangze/index.html" "Mozilla/5.0 (iPhone; CPU iPhone OS 7_0_4 like Mac OS X) AppleWebKit/537.51.1 (KHTML, like Gecko) Mobile/11B554a MicroMessenger/6.3.16 NetType/WIFI Language/zh_CN"
120.86.190.19 - - [06/May/2016:18:10:39 +0800] "GET /bangze/images/3101886/raw_1461601371.png HTTP/1.1" 200 96243 "http://fh.netbarmon.com/bangze/index.html" "Mozilla/5.0 (iPhone; CPU iPhone OS 7_0_4 like Mac OS X) AppleWebKit/537.51.1 (KHTML, like Gecko) Mobile/11B554a MicroMessenger/6.3.16 NetType/WIFI Language/zh_CN"
120.86.190.19 - - [06/May/2016:18:10:40 +0800] "GET /bangze/images/3101839/raw_1461600538.png HTTP/1.1" 200 112274 "http://fh.netbarmon.com/bangze/index.html" "Mozilla/5.0 (iPhone; CPU iPhone OS 7_0_4 like Mac OS X) AppleWebKit/537.51.1 (KHTML, like Gecko) Mobile/11B554a MicroMessenger/6.3.16 NetType/WIFI Language/zh_CN"
120.86.190.19 - - [06/May/2016:18:10:40 +0800] "GET /bangze/images/3101823/raw_1461600130.png HTTP/1.1" 200 160571 "http://fh.netbarmon.com/bangze/index.html" "Mozilla/5.0 (iPhone; CPU iPhone OS 7_0_4 like Mac OS X) AppleWebKit/537.51.1 (KHTML, like Gecko) Mobile/11B554a MicroMessenger/6.3.16 NetType/WIFI Language/zh_CN"
120.86.190.19 - - [06/May/2016:18:10:40 +0800] "GET /bangze/images/2192827/raw_1453215037.png HTTP/1.1" 200 8152 "http://fh.netbarmon.com/bangze/index.html" "Mozilla/5.0 (iPhone; CPU iPhone OS 7_0_4 like Mac OS X) AppleWebKit/537.51.1 (KHTML, like Gecko) Mobile/11B554a MicroMessenger/6.3.16 NetType/WIFI Language/zh_CN"
120.86.190.19 - - [06/May/2016:18:10:41 +0800] "GET /bangze/images/1738876/raw_1449675400.jpeg HTTP/1.1" 200 107390 "http://fh.netbarmon.com/bangze/index.html" "Mozilla/5.0 (iPhone; CPU iPhone OS 7_0_4 like Mac OS X) AppleWebKit/537.51.1 (KHTML, like Gecko) Mobile/11B554a MicroMessenger/6.3.16 NetType/WIFI Language/zh_CN"
61.163.242.47 - - [06/May/2016:18:11:16 +0800] "GET http://www.baidu.com/ HTTP/1.1" 200 623 "-" "-"
101.226.233.146 - - [06/May/2016:18:18:02 +0800] "POST /WeiXin/tokenCheck.php?signature=2bcaebfad8d59c750dd89138aa2a601a640afb55&timestamp=1462529882&nonce=1019958703 HTTP/1.0" 200 1348 "-" "Mozilla/4.0"
101.226.233.146 - - [06/May/2016:18:18:45 +0800] "POST /WeiXin/tokenCheck.php?signature=3d80071c621c72aa16cebc2d6a3c9a508efad0e8&timestamp=1462529925&nonce=1896502268 HTTP/1.0" 200 1348 "-" "Mozilla/4.0"
114.119.40.120 - - [06/May/2016:18:41:30 +0800] "GET http://123.125.114.238/ HTTP/1.1" 200 623 "-" "Mozilla/4.0 (compatible; MSIE 6.0; Windows NT 5.1; SV1; .NET CLR 2.0.50727; .NET CLR 3.0.04506.648; .NET CLR 3.5.21022)"
69.58.178.57 - - [06/May/2016:18:41:47 +0800] "GET /robots.txt HTTP/1.1" 404 168 "-" "Mozilla/5.0 (X11; Ubuntu; Linux i686; rv:14.0; ips-agent) Gecko/20100101 Firefox/14.0.1"
69.58.178.57 - - [06/May/2016:18:41:49 +0800] "GET / HTTP/1.1" 200 623 "-" "Mozilla/5.0 (X11; Ubuntu; Linux i686; rv:14.0; ips-agent) Gecko/20100101 Firefox/14.0.1"
69.58.178.57 - - [06/May/2016:18:42:12 +0800] "GET / HTTP/1.1" 200 623 "-" "BlackBerry9000/4.6.0.167 Profile/MIDP-2.0 Configuration/CLDC-1.1 VendorID/102 ips-agent"
42.159.144.101 - - [06/May/2016:18:43:26 +0800] "GET http://g-ecx.images-amazon.com/images/G/01/x-locale/common/transparent-pixel._CB386942464_.gif HTTP/1.0" 404 168 "-" "-"
101.226.233.146 - - [06/May/2016:18:57:10 +0800] "POST /WeiXin/tokenCheck.php?signature=5aedc6d7726997714912fa43d739d41c8859d88e&timestamp=1462532231&nonce=846027637 HTTP/1.0" 200 834 "-" "Mozilla/4.0"
120.86.190.19 - - [06/May/2016:18:57:11 +0800] "GET /js/wificonfigure.php HTTP/1.1" 200 3522 "-" "Mozilla/5.0 (iPhone; CPU iPhone OS 7_0_4 like Mac OS X) AppleWebKit/537.51.1 (KHTML, like Gecko) Mobile/11B554a MicroMessenger/6.3.16 NetType/WIFI Language/zh_CN"
120.86.190.19 - - [06/May/2016:18:57:12 +0800] "GET /js/weixin_dist/example.css HTTP/1.1" 404 168 "http://fh.netbarmon.com/js/wificonfigure.php" "Mozilla/5.0 (iPhone; CPU iPhone OS 7_0_4 like Mac OS X) AppleWebKit/537.51.1 (KHTML, like Gecko) Mobile/11B554a MicroMessenger/6.3.16 NetType/WIFI Language/zh_CN"
120.86.190.19 - - [06/May/2016:18:57:16 +0800] "GET /js/weixin_dist/style/weui.css HTTP/1.1" 200 192663 "http://fh.netbarmon.com/js/wificonfigure.php" "Mozilla/5.0 (iPhone; CPU iPhone OS 7_0_4 like Mac OS X) AppleWebKit/537.51.1 (KHTML, like Gecko) Mobile/11B554a MicroMessenger/6.3.16 NetType/WIFI Language/zh_CN"
101.226.233.146 - - [06/May/2016:19:15:00 +0800] "POST /WeiXin/tokenCheck.php?signature=cdfc1f629b8d671bc82f4ff9fdfac8aa4ae2532f&timestamp=1462533301&nonce=1528063741 HTTP/1.0" 200 831 "-" "Mozilla/4.0"
120.86.190.19 - - [06/May/2016:19:15:08 +0800] "GET /bangze/index.html HTTP/1.1" 200 360448 "-" "Mozilla/5.0 (iPhone; CPU iPhone OS 7_0_4 like Mac OS X) AppleWebKit/537.51.1 (KHTML, like Gecko) Mobile/11B554a MicroMessenger/6.3.16 NetType/WIFI Language/zh_CN"
120.86.190.19 - - [06/May/2016:19:15:08 +0800] "GET /bangze/css/font-awesome.min.css HTTP/1.1" 200 27466 "http://fh.netbarmon.com/bangze/index.html" "Mozilla/5.0 (iPhone; CPU iPhone OS 7_0_4 like Mac OS X) AppleWebKit/537.51.1 (KHTML, like Gecko) Mobile/11B554a MicroMessenger/6.3.16 NetType/WIFI Language/zh_CN"
120.86.190.19 - - [06/May/2016:19:15:08 +0800] "GET /bangze/assets/sharing-a8ca3a73f2815584415ab40593cb9092.css HTTP/1.1" 200 32768 "http://fh.netbarmon.com/bangze/index.html" "Mozilla/5.0 (iPhone; CPU iPhone OS 7_0_4 like Mac OS X) AppleWebKit/537.51.1 (KHTML, like Gecko) Mobile/11B554a MicroMessenger/6.3.16 NetType/WIFI Language/zh_CN"
101.226.233.156 - - [06/May/2016:19:15:32 +0800] "POST /WeiXin/tokenCheck.php?signature=606860c58eb3bf411c2110ecbc94a9d3bfb58942&timestamp=1462533332&nonce=371439431 HTTP/1.0" 200 1348 "-" "Mozilla/4.0"
101.226.233.151 - - [06/May/2016:19:15:54 +0800] "POST /WeiXin/tokenCheck.php?signature=f563ff52e2bd14999883a60b48968dd80500fcac&timestamp=1462533355&nonce=1508301480 HTTP/1.0" 200 936 "-" "Mozilla/4.0"
101.226.233.156 - - [06/May/2016:19:16:12 +0800] "POST /WeiXin/tokenCheck.php?signature=ef7a378128fe4ef140a2a462579113a8d4570ef0&timestamp=1462533373&nonce=2087804387 HTTP/1.0" 200 834 "-" "Mozilla/4.0"
120.86.190.19 - - [06/May/2016:19:16:13 +0800] "GET /js/wificonfigure.php HTTP/1.1" 200 3522 "-" "Mozilla/5.0 (iPhone; CPU iPhone OS 7_0_4 like Mac OS X) AppleWebKit/537.51.1 (KHTML, like Gecko) Mobile/11B554a MicroMessenger/6.3.16 NetType/WIFI Language/zh_CN"
120.86.190.19 - - [06/May/2016:19:16:13 +0800] "GET /js/weixin_dist/example.css HTTP/1.1" 404 168 "http://fh.netbarmon.com/js/wificonfigure.php" "Mozilla/5.0 (iPhone; CPU iPhone OS 7_0_4 like Mac OS X) AppleWebKit/537.51.1 (KHTML, like Gecko) Mobile/11B554a MicroMessenger/6.3.16 NetType/WIFI Language/zh_CN"
101.226.233.156 - - [06/May/2016:19:16:27 +0800] "POST /WeiXin/tokenCheck.php?signature=9f386819193755a15c424f432a6ff5af95b627e6&timestamp=1462533388&nonce=149258466 HTTP/1.0" 200 831 "-" "Mozilla/4.0"
120.86.190.19 - - [06/May/2016:19:16:30 +0800] "GET /bangze/index.html HTTP/1.1" 200 463321 "-" "Mozilla/5.0 (iPhone; CPU iPhone OS 7_0_4 like Mac OS X) AppleWebKit/537.51.1 (KHTML, like Gecko) Mobile/11B554a MicroMessenger/6.3.16 NetType/WIFI Language/zh_CN"
120.86.190.19 - - [06/May/2016:19:16:30 +0800] "GET /bangze/css/font-awesome.min.css HTTP/1.1" 200 27466 "http://fh.netbarmon.com/bangze/index.html" "Mozilla/5.0 (iPhone; CPU iPhone OS 7_0_4 like Mac OS X) AppleWebKit/537.51.1 (KHTML, like Gecko) Mobile/11B554a MicroMessenger/6.3.16 NetType/WIFI Language/zh_CN"
120.86.190.19 - - [06/May/2016:19:16:30 +0800] "GET /bangze/assets/sharing-a8ca3a73f2815584415ab40593cb9092.css HTTP/1.1" 200 114166 "http://fh.netbarmon.com/bangze/index.html" "Mozilla/5.0 (iPhone; CPU iPhone OS 7_0_4 like Mac OS X) AppleWebKit/537.51.1 (KHTML, like Gecko) Mobile/11B554a MicroMessenger/6.3.16 NetType/WIFI Language/zh_CN"
120.86.190.19 - - [06/May/2016:19:16:31 +0800] "GET /bangze/fonts/fontawesome-webfont.woff?v=4.5.0 HTTP/1.1" 200 83588 "http://fh.netbarmon.com/bangze/index.html" "Mozilla/5.0 (iPhone; CPU iPhone OS 7_0_4 like Mac OS X) AppleWebKit/537.51.1 (KHTML, like Gecko) Mobile/11B554a MicroMessenger/6.3.16 NetType/WIFI Language/zh_CN"
120.86.190.19 - - [06/May/2016:19:16:34 +0800] "GET /bangze/assets/sharing-f33ca9e0ff1d4844e0c08851009fe46c.js HTTP/1.1" 200 549555 "http://fh.netbarmon.com/bangze/index.html" "Mozilla/5.0 (iPhone; CPU iPhone OS 7_0_4 like Mac OS X) AppleWebKit/537.51.1 (KHTML, like Gecko) Mobile/11B554a MicroMessenger/6.3.16 NetType/WIFI Language/zh_CN"
120.86.190.19 - - [06/May/2016:19:16:34 +0800] "GET /bangze/images/icon_android.png HTTP/1.1" 404 168 "http://fh.netbarmon.com/bangze/index.html" "Mozilla/5.0 (iPhone; CPU iPhone OS 7_0_4 like Mac OS X) AppleWebKit/537.51.1 (KHTML, like Gecko) Mobile/11B554a MicroMessenger/6.3.16 NetType/WIFI Language/zh_CN"
120.86.190.19 - - [06/May/2016:19:16:34 +0800] "GET /bangze/images/loading.gif HTTP/1.1" 200 6425 "http://fh.netbarmon.com/bangze/index.html" "Mozilla/5.0 (iPhone; CPU iPhone OS 7_0_4 like Mac OS X) AppleWebKit/537.51.1 (KHTML, like Gecko) Mobile/11B554a MicroMessenger/6.3.16 NetType/WIFI Language/zh_CN"
120.86.190.19 - - [06/May/2016:19:16:34 +0800] "GET /bangze/images/short-arrow.png HTTP/1.1" 404 168 "http://fh.netbarmon.com/bangze/index.html" "Mozilla/5.0 (iPhone; CPU iPhone OS 7_0_4 like Mac OS X) AppleWebKit/537.51.1 (KHTML, like Gecko) Mobile/11B554a MicroMessenger/6.3.16 NetType/WIFI Language/zh_CN"
120.86.190.19 - - [06/May/2016:19:16:34 +0800] "GET /bangze/images/workspace/global_state_zh-CN.png HTTP/1.1" 404 168 "http://fh.netbarmon.com/bangze/index.html" "Mozilla/5.0 (iPhone; CPU iPhone OS 7_0_4 like Mac OS X) AppleWebKit/537.51.1 (KHTML, like Gecko) Mobile/11B554a MicroMessenger/6.3.16 NetType/WIFI Language/zh_CN"
120.86.190.19 - - [06/May/2016:19:16:34 +0800] "GET /bangze/images/down-arrow.png HTTP/1.1" 404 168 "http://fh.netbarmon.com/bangze/index.html" "Mozilla/5.0 (iPhone; CPU iPhone OS 7_0_4 like Mac OS X) AppleWebKit/537.51.1 (KHTML, like Gecko) Mobile/11B554a MicroMessenger/6.3.16 NetType/WIFI Language/zh_CN"
120.86.190.19 - - [06/May/2016:19:16:38 +0800] "GET /bangze/images/splash.png HTTP/1.1" 200 24357 "http://fh.netbarmon.com/bangze/index.html" "Mozilla/5.0 (iPhone; CPU iPhone OS 7_0_4 like Mac OS X) AppleWebKit/537.51.1 (KHTML, like Gecko) Mobile/11B554a MicroMessenger/6.3.16 NetType/WIFI Language/zh_CN"
120.86.190.19 - - [06/May/2016:19:16:39 +0800] "GET /bangze/images/workspace/staticmap_zh-CN.png HTTP/1.1" 200 132594 "http://fh.netbarmon.com/bangze/index.html" "Mozilla/5.0 (iPhone; CPU iPhone OS 7_0_4 like Mac OS X) AppleWebKit/537.51.1 (KHTML, like Gecko) Mobile/11B554a MicroMessenger/6.3.16 NetType/WIFI Language/zh_CN"
120.86.190.19 - - [06/May/2016:19:16:44 +0800] "GET /bangze/images/3101479/raw_1461596682.jpeg HTTP/1.1" 200 309953 "http://fh.netbarmon.com/bangze/index.html" "Mozilla/5.0 (iPhone; CPU iPhone OS 7_0_4 like Mac OS X) AppleWebKit/537.51.1 (KHTML, like Gecko) Mobile/11B554a MicroMessenger/6.3.16 NetType/WIFI Language/zh_CN"
120.86.190.19 - - [06/May/2016:19:16:44 +0800] "GET /bangze/images/3101476/raw_1461596669.jpeg HTTP/1.1" 200 324297 "http://fh.netbarmon.com/bangze/index.html" "Mozilla/5.0 (iPhone; CPU iPhone OS 7_0_4 like Mac OS X) AppleWebKit/537.51.1 (KHTML, like Gecko) Mobile/11B554a MicroMessenger/6.3.16 NetType/WIFI Language/zh_CN"
120.86.190.19 - - [06/May/2016:19:16:45 +0800] "GET /bangze/images/3101146/raw_1461592831.jpeg HTTP/1.1" 200 582765 "http://fh.netbarmon.com/bangze/index.html" "Mozilla/5.0 (iPhone; CPU iPhone OS 7_0_4 like Mac OS X) AppleWebKit/537.51.1 (KHTML, like Gecko) Mobile/11B554a MicroMessenger/6.3.16 NetType/WIFI Language/zh_CN"
120.86.190.19 - - [06/May/2016:19:16:45 +0800] "GET /bangze/images/3101475/raw_1461596656.jpeg HTTP/1.1" 200 262144 "http://fh.netbarmon.com/bangze/index.html" "Mozilla/5.0 (iPhone; CPU iPhone OS 7_0_4 like Mac OS X) AppleWebKit/537.51.1 (KHTML, like Gecko) Mobile/11B554a MicroMessenger/6.3.16 NetType/WIFI Language/zh_CN"
115.230.124.164 - - [06/May/2016:19:32:44 +0800] "GET http://zc.qq.com/cgi-bin/common/attr?id=260714&r=0.9608404404363776 HTTP/1.1" 404 570 "-" "Mozilla/5.0 (compatible; MSIE 9.0; Windows NT 6.1; Trident/5.0; 360SE)"
101.226.233.151 - - [06/May/2016:19:35:25 +0800] "POST /WeiXin/tokenCheck.php?signature=04213775ec7a2163168dd4296616ec9456b8ec09&timestamp=1462534525&nonce=605089032 HTTP/1.0" 200 834 "-" "Mozilla/4.0"
120.86.190.19 - - [06/May/2016:19:35:27 +0800] "GET /js/wificonfigure.php HTTP/1.1" 200 3522 "-" "Mozilla/5.0 (iPhone; CPU iPhone OS 7_0_4 like Mac OS X) AppleWebKit/537.51.1 (KHTML, like Gecko) Mobile/11B554a MicroMessenger/6.3.16 NetType/WIFI Language/zh_CN"
120.86.190.19 - - [06/May/2016:19:35:27 +0800] "GET /js/weixin_dist/example.css HTTP/1.1" 404 168 "http://fh.netbarmon.com/js/wificonfigure.php" "Mozilla/5.0 (iPhone; CPU iPhone OS 7_0_4 like Mac OS X) AppleWebKit/537.51.1 (KHTML, like Gecko) Mobile/11B554a MicroMessenger/6.3.16 NetType/WIFI Language/zh_CN"
101.226.233.151 - - [06/May/2016:19:35:34 +0800] "POST /WeiXin/tokenCheck.php?signature=74f63538432f7436fa2dff3d3bd2a8b41c8d21bb&timestamp=1462534535&nonce=1429916911 HTTP/1.0" 200 831 "-" "Mozilla/4.0"
120.86.190.19 - - [06/May/2016:19:35:35 +0800] "GET /bangze/images/loading.gif HTTP/1.1" 200 6425 "http://fh.netbarmon.com/bangze/index.html" "Mozilla/5.0 (iPhone; CPU iPhone OS 7_0_4 like Mac OS X) AppleWebKit/537.51.1 (KHTML, like Gecko) Mobile/11B554a MicroMessenger/6.3.16 NetType/WIFI Language/zh_CN"
120.86.190.19 - - [06/May/2016:19:35:35 +0800] "GET /bangze/images/icon_android.png HTTP/1.1" 404 168 "http://fh.netbarmon.com/bangze/index.html" "Mozilla/5.0 (iPhone; CPU iPhone OS 7_0_4 like Mac OS X) AppleWebKit/537.51.1 (KHTML, like Gecko) Mobile/11B554a MicroMessenger/6.3.16 NetType/WIFI Language/zh_CN"
120.86.190.19 - - [06/May/2016:19:35:35 +0800] "GET /bangze/images/short-arrow.png HTTP/1.1" 404 168 "http://fh.netbarmon.com/bangze/index.html" "Mozilla/5.0 (iPhone; CPU iPhone OS 7_0_4 like Mac OS X) AppleWebKit/537.51.1 (KHTML, like Gecko) Mobile/11B554a MicroMessenger/6.3.16 NetType/WIFI Language/zh_CN"
120.86.190.19 - - [06/May/2016:19:35:35 +0800] "GET /bangze/images/down-arrow.png HTTP/1.1" 404 168 "http://fh.netbarmon.com/bangze/index.html" "Mozilla/5.0 (iPhone; CPU iPhone OS 7_0_4 like Mac OS X) AppleWebKit/537.51.1 (KHTML, like Gecko) Mobile/11B554a MicroMessenger/6.3.16 NetType/WIFI Language/zh_CN"
120.86.190.19 - - [06/May/2016:19:35:35 +0800] "GET /bangze/images/workspace/global_state_zh-CN.png HTTP/1.1" 404 168 "http://fh.netbarmon.com/bangze/index.html" "Mozilla/5.0 (iPhone; CPU iPhone OS 7_0_4 like Mac OS X) AppleWebKit/537.51.1 (KHTML, like Gecko) Mobile/11B554a MicroMessenger/6.3.16 NetType/WIFI Language/zh_CN"
120.86.190.19 - - [06/May/2016:19:35:41 +0800] "GET /bangze/images/3101146/raw_1461592831.jpeg HTTP/1.1" 200 582765 "http://fh.netbarmon.com/bangze/index.html" "Mozilla/5.0 (iPhone; CPU iPhone OS 7_0_4 like Mac OS X) AppleWebKit/537.51.1 (KHTML, like Gecko) Mobile/11B554a MicroMessenger/6.3.16 NetType/WIFI Language/zh_CN"
120.86.190.19 - - [06/May/2016:19:35:42 +0800] "GET /bangze/images/3101476/raw_1461596669.jpeg HTTP/1.1" 200 324297 "http://fh.netbarmon.com/bangze/index.html" "Mozilla/5.0 (iPhone; CPU iPhone OS 7_0_4 like Mac OS X) AppleWebKit/537.51.1 (KHTML, like Gecko) Mobile/11B554a MicroMessenger/6.3.16 NetType/WIFI Language/zh_CN"
120.86.190.19 - - [06/May/2016:19:35:43 +0800] "GET /bangze/images/3101475/raw_1461596656.jpeg HTTP/1.1" 200 352919 "http://fh.netbarmon.com/bangze/index.html" "Mozilla/5.0 (iPhone; CPU iPhone OS 7_0_4 like Mac OS X) AppleWebKit/537.51.1 (KHTML, like Gecko) Mobile/11B554a MicroMessenger/6.3.16 NetType/WIFI Language/zh_CN"
120.86.190.19 - - [06/May/2016:19:35:43 +0800] "GET /bangze/images/3101479/raw_1461596682.jpeg HTTP/1.1" 200 309953 "http://fh.netbarmon.com/bangze/index.html" "Mozilla/5.0 (iPhone; CPU iPhone OS 7_0_4 like Mac OS X) AppleWebKit/537.51.1 (KHTML, like Gecko) Mobile/11B554a MicroMessenger/6.3.16 NetType/WIFI Language/zh_CN"
172.82.166.210 - - [06/May/2016:20:02:56 +0800] "GET http://www.baidu.com/cache/global/img/gs.gif HTTP/1.1" 404 168 "-" "Mozilla"
211.97.11.236 - - [06/May/2016:20:09:49 +0800] "GET /favicon.ico HTTP/1.1" 404 570 "-" "Mozilla/5.0 (Windows; U; MSIE 6.0; Windows NT 5.1; SV1; .NET CLR 2.0.50727; BIDUBrowser 7.6)"
211.97.11.236 - - [06/May/2016:20:09:49 +0800] "GET / HTTP/1.1" 200 623 "-" "Mozilla/5.0 (Windows; U; MSIE 6.0; Windows NT 5.1; SV1; .NET CLR 2.0.50727; BIDUBrowser 7.6)"
211.97.11.236 - - [06/May/2016:20:09:50 +0800] "GET /favicon.ico HTTP/1.1" 404 570 "-" "Mozilla/5.0 (Windows; U; MSIE 6.0; Windows NT 5.1; SV1; .NET CLR 2.0.50727; BIDUBrowser 7.6)"
211.97.11.236 - - [06/May/2016:20:09:50 +0800] "GET / HTTP/1.1" 200 623 "-" "Mozilla/5.0 (Windows; U; MSIE 6.0; Windows NT 5.1; SV1; .NET CLR 2.0.50727; BIDUBrowser 7.6)"
169.229.3.91 - - [06/May/2016:20:21:05 +0800] "J\xE1n\x1E\xB5\x1E\x91\xE1\xC2\xDD<\x94\x7F\xB8T\xB1\x17M\x9D\xBD\xAD\xBC\xB5X\x96\x0CG\xCF\x1Fk~\xDA\x80\xEF\x8E\xFC\x8A\xFF{6\xFD\x05i'\x8FA*\x8C7\x1A8\xD0\x97\xA7\xA4C1\x84\xD7C\xDD\xE1\xBE\xE6" 400 172 "-" "-"
91.196.50.33 - - [06/May/2016:20:27:03 +0800] "GET http://testp4.pospr.waw.pl/testproxy.php HTTP/1.1" 404 36 "-" "Mozilla/5.0 (Windows NT 5.1; rv:32.0) Gecko/20100101 Firefox/31.0"
115.230.124.164 - - [06/May/2016:21:53:05 +0800] "GET http://zc.qq.com/cgi-bin/common/attr?id=260714&r=0.4865764776421326 HTTP/1.1" 404 570 "-" "Mozilla/5.0 (compatible; MSIE 9.0; Windows NT 6.1; Trident/5.0; 360SE)"
101.226.233.141 - - [06/May/2016:22:35:47 +0800] "POST /WeiXin/tokenCheck.php?signature=6a252323a25cf7aa9714dd7ac3c437dcd5ac5854&timestamp=1462545344&nonce=260948261 HTTP/1.0" 200 834 "-" "Mozilla/4.0"
113.105.158.18 - - [06/May/2016:22:37:00 +0800] "GET /js/wificonfigure.php HTTP/1.1" 200 3522 "-" "Mozilla/5.0 (iPhone; CPU iPhone OS 7_0_4 like Mac OS X) AppleWebKit/537.51.1 (KHTML, like Gecko) Mobile/11B554a MicroMessenger/6.3.16 NetType/WIFI Language/zh_CN"
101.251.1.40 - - [06/May/2016:22:37:02 +0800] "GET /js/weixin_dist/example.css HTTP/1.1" 404 168 "http://fh.netbarmon.com/js/wificonfigure.php" "Mozilla/5.0 (iPhone; CPU iPhone OS 7_0_4 like Mac OS X) AppleWebKit/537.51.1 (KHTML, like Gecko) Mobile/11B554a MicroMessenger/6.3.16 NetType/WIFI Language/zh_CN"
113.105.158.18 - - [06/May/2016:22:37:05 +0800] "GET /js/weixin_dist/style/weui.css HTTP/1.1" 200 192663 "http://fh.netbarmon.com/js/wificonfigure.php" "Mozilla/5.0 (iPhone; CPU iPhone OS 7_0_4 like Mac OS X) AppleWebKit/537.51.1 (KHTML, like Gecko) Mobile/11B554a MicroMessenger/6.3.16 NetType/WIFI Language/zh_CN"
101.226.233.141 - - [06/May/2016:22:37:09 +0800] "POST /WeiXin/tokenCheck.php?signature=b201e3cc53ca7b8c0e4c7245ca3de49fafcc73d6&timestamp=1462545427&nonce=1353507812 HTTP/1.0" 200 831 "-" "Mozilla/4.0"
113.105.158.18 - - [06/May/2016:22:37:13 +0800] "GET /bangze/index.html HTTP/1.1" 200 463321 "-" "Mozilla/5.0 (iPhone; CPU iPhone OS 7_0_4 like Mac OS X) AppleWebKit/537.51.1 (KHTML, like Gecko) Mobile/11B554a MicroMessenger/6.3.16 NetType/WIFI Language/zh_CN"
113.105.158.18 - - [06/May/2016:22:37:13 +0800] "GET /bangze/css/font-awesome.min.css HTTP/1.1" 200 27466 "http://fh.netbarmon.com/bangze/index.html" "Mozilla/5.0 (iPhone; CPU iPhone OS 7_0_4 like Mac OS X) AppleWebKit/537.51.1 (KHTML, like Gecko) Mobile/11B554a MicroMessenger/6.3.16 NetType/WIFI Language/zh_CN"
101.251.1.40 - - [06/May/2016:22:37:23 +0800] "GET /bangze/assets/sharing-a8ca3a73f2815584415ab40593cb9092.css HTTP/1.1" 200 114166 "http://fh.netbarmon.com/bangze/index.html" "Mozilla/5.0 (iPhone; CPU iPhone OS 7_0_4 like Mac OS X) AppleWebKit/537.51.1 (KHTML, like Gecko) Mobile/11B554a MicroMessenger/6.3.16 NetType/WIFI Language/zh_CN"
113.105.158.18 - - [06/May/2016:22:37:37 +0800] "GET /bangze/images/loading.gif HTTP/1.1" 200 6425 "http://fh.netbarmon.com/bangze/index.html" "Mozilla/5.0 (iPhone; CPU iPhone OS 7_0_4 like Mac OS X) AppleWebKit/537.51.1 (KHTML, like Gecko) Mobile/11B554a MicroMessenger/6.3.16 NetType/WIFI Language/zh_CN"
101.251.1.40 - - [06/May/2016:22:37:37 +0800] "GET /bangze/assets/sharing-f33ca9e0ff1d4844e0c08851009fe46c.js HTTP/1.1" 200 32768 "http://fh.netbarmon.com/bangze/index.html" "Mozilla/5.0 (iPhone; CPU iPhone OS 7_0_4 like Mac OS X) AppleWebKit/537.51.1 (KHTML, like Gecko) Mobile/11B554a MicroMessenger/6.3.16 NetType/WIFI Language/zh_CN"
101.226.233.141 - - [06/May/2016:22:37:57 +0800] "POST /WeiXin/tokenCheck.php?signature=0bfac36441b4d0b1d9efabff1066937cb0b9d00a&timestamp=1462545478&nonce=1623996654 HTTP/1.0" 200 502 "-" "Mozilla/4.0"
101.226.233.146 - - [06/May/2016:22:44:33 +0800] "POST /WeiXin/tokenCheck.php?signature=e02bb87e205a23d262a3f582684531378d59290e&timestamp=1462545874&nonce=362997500 HTTP/1.0" 200 834 "-" "Mozilla/4.0"
101.251.1.40 - - [06/May/2016:22:45:41 +0800] "GET /js/wificonfigure.php HTTP/1.1" 200 3522 "-" "Mozilla/5.0 (iPhone; CPU iPhone OS 7_0_4 like Mac OS X) AppleWebKit/537.51.1 (KHTML, like Gecko) Mobile/11B554a MicroMessenger/6.3.16 NetType/WIFI Language/zh_CN"
101.251.1.40 - - [06/May/2016:22:45:45 +0800] "GET /js/weixin_dist/style/weui.css HTTP/1.1" 200 65536 "http://fh.netbarmon.com/js/wificonfigure.php" "Mozilla/5.0 (iPhone; CPU iPhone OS 7_0_4 like Mac OS X) AppleWebKit/537.51.1 (KHTML, like Gecko) Mobile/11B554a MicroMessenger/6.3.16 NetType/WIFI Language/zh_CN"
101.251.1.43 - - [06/May/2016:22:45:59 +0800] "GET / HTTP/1.1" 200 623 "-" "Mozilla/5.0 (iPhone; CPU iPhone OS 7_0_4 like Mac OS X) AppleWebKit/537.51.1 (KHTML, like Gecko) Mobile/11B554a MicroMessenger/6.3.16 NetType/WIFI Language/zh_CN"
101.251.1.43 - - [06/May/2016:22:46:26 +0800] "GET /js/wificonfigure.php HTTP/1.1" 200 3522 "-" "Mozilla/5.0 (iPhone; CPU iPhone OS 7_0_4 like Mac OS X) AppleWebKit/537.51.1 (KHTML, like Gecko) Mobile/11B554a MicroMessenger/6.3.16 NetType/WIFI Language/zh_CN"
113.105.158.18 - - [06/May/2016:22:46:31 +0800] "GET /js/weixin_dist/example.css HTTP/1.1" 404 168 "http://fh.netbarmon.com/js/wificonfigure.php" "Mozilla/5.0 (iPhone; CPU iPhone OS 7_0_4 like Mac OS X) AppleWebKit/537.51.1 (KHTML, like Gecko) Mobile/11B554a MicroMessenger/6.3.16 NetType/WIFI Language/zh_CN"
101.226.233.141 - - [06/May/2016:22:46:33 +0800] "POST /WeiXin/tokenCheck.php?signature=afadf97b4b7ac96171808a1d2599aa8bcc1b54f0&timestamp=1462545986&nonce=3072272 HTTP/1.0" 200 834 "-" "Mozilla/4.0"
101.226.233.141 - - [06/May/2016:22:46:36 +0800] "POST /WeiXin/tokenCheck.php?signature=afadf97b4b7ac96171808a1d2599aa8bcc1b54f0&timestamp=1462545986&nonce=3072272 HTTP/1.0" 200 834 "-" "Mozilla/4.0"
101.251.1.43 - - [06/May/2016:22:46:46 +0800] "GET /js/weixin_dist/style/weui.css HTTP/1.1" 200 192663 "http://fh.netbarmon.com/js/wificonfigure.php" "Mozilla/5.0 (iPhone; CPU iPhone OS 7_0_4 like Mac OS X) AppleWebKit/537.51.1 (KHTML, like Gecko) Mobile/11B554a MicroMessenger/6.3.16 NetType/WIFI Language/zh_CN"
101.226.233.151 - - [06/May/2016:22:47:39 +0800] "POST /WeiXin/tokenCheck.php?signature=92913fd2e5b7b997a713a46d79b4d06a4f048b7e&timestamp=1462546060&nonce=649972198 HTTP/1.0" 200 834 "-" "Mozilla/4.0"
