120.52.88.2 - - [06/Aug/2016:12:45:02 +0800] "GET /webseed?info_hash=%1etT%c0%15A*%86r%b2%c4%26A%ac%f7%9d%00%84k%3f&?info_hash=%1etT%c0%15A*%86r%b2%c4%26A%ac%f7%9d%00%84k%3f&piece=2024&ranges=49152-65535 HTTP/1.1" 404 168 "-" "-"
120.52.88.2 - - [06/Aug/2016:12:45:30 +0800] "GET /webseed?info_hash=%1etT%c0%15A*%86r%b2%c4%26A%ac%f7%9d%00%84k%3f&?info_hash=%1etT%c0%15A*%86r%b2%c4%26A%ac%f7%9d%00%84k%3f&piece=2024&ranges=212992-229375 HTTP/1.1" 404 168 "-" "Xfplay 9.9.0"
120.52.88.2 - - [06/Aug/2016:12:45:30 +0800] "GET /webseed?info_hash=%1etT%c0%15A*%86r%b2%c4%26A%ac%f7%9d%00%84k%3f&?info_hash=%1etT%c0%15A*%86r%b2%c4%26A%ac%f7%9d%00%84k%3f&piece=2024&ranges=229376-245759 HTTP/1.1" 404 168 "-" "-"
120.52.88.2 - - [06/Aug/2016:12:46:02 +0800] "GET /webseed?info_hash=%1etT%c0%15A*%86r%b2%c4%26A%ac%f7%9d%00%84k%3f&?info_hash=%1etT%c0%15A*%86r%b2%c4%26A%ac%f7%9d%00%84k%3f&piece=2024&ranges=229376-245759 HTTP/1.1" 404 168 "-" "Xfplay 9.9.0"
120.52.88.2 - - [06/Aug/2016:12:46:02 +0800] "GET /webseed?info_hash=%1etT%c0%15A*%86r%b2%c4%26A%ac%f7%9d%00%84k%3f&?info_hash=%1etT%c0%15A*%86r%b2%c4%26A%ac%f7%9d%00%84k%3f&piece=2023&ranges=0-16383 HTTP/1.1" 404 168 "-" "-"
120.52.88.2 - - [06/Aug/2016:12:51:03 +0800] "GET /webseed?info_hash=%1etT%c0%15A*%86r%b2%c4%26A%ac%f7%9d%00%84k%3f&?info_hash=%1etT%c0%15A*%86r%b2%c4%26A%ac%f7%9d%00%84k%3f&piece=1&ranges=229376-245759 HTTP/1.1" 404 168 "-" "Xfplay 9.9.0"
120.52.88.2 - - [06/Aug/2016:12:51:03 +0800] "GET /webseed?info_hash=%1etT%c0%15A*%86r%b2%c4%26A%ac%f7%9d%00%84k%3f&?info_hash=%1etT%c0%15A*%86r%b2%c4%26A%ac%f7%9d%00%84k%3f&piece=1&ranges=245760-262143 HTTP/1.1" 404 168 "-" "-"
120.52.88.2 - - [06/Aug/2016:12:52:02 +0800] "GET /webseed?info_hash=%1etT%c0%15A*%86r%b2%c4%26A%ac%f7%9d%00%84k%3f&?info_hash=%1etT%c0%15A*%86r%b2%c4%26A%ac%f7%9d%00%84k%3f&piece=7&ranges=229376-245759 HTTP/1.1" 404 168 "-" "Xfplay 9.9.0"
120.52.88.2 - - [06/Aug/2016:12:52:02 +0800] "GET /webseed?info_hash=%1etT%c0%15A*%86r%b2%c4%26A%ac%f7%9d%00%84k%3f&?info_hash=%1etT%c0%15A*%86r%b2%c4%26A%ac%f7%9d%00%84k%3f&piece=7&ranges=245760-262143 HTTP/1.1" 404 168 "-" "-"
120.52.88.2 - - [06/Aug/2016:12:53:03 +0800] "GET /webseed?info_hash=%1etT%c0%15A*%86r%b2%c4%26A%ac%f7%9d%00%84k%3f&?info_hash=%1etT%c0%15A*%86r%b2%c4%26A%ac%f7%9d%00%84k%3f&piece=12&ranges=229376-245759 HTTP/1.1" 404 168 "-" "Xfplay 9.9.0"
120.52.88.2 - - [06/Aug/2016:12:54:03 +0800] "GET /webseed?info_hash=%1etT%c0%15A*%86r%b2%c4%26A%ac%f7%9d%00%84k%3f&?info_hash=%1etT%c0%15A*%86r%b2%c4%26A%ac%f7%9d%00%84k%3f&piece=15&ranges=98304-114687 HTTP/1.1" 404 168 "-" "Xfplay 9.9.0"
120.52.88.2 - - [06/Aug/2016:12:54:03 +0800] "GET /webseed?info_hash=%1etT%c0%15A*%86r%b2%c4%26A%ac%f7%9d%00%84k%3f&?info_hash=%1etT%c0%15A*%86r%b2%c4%26A%ac%f7%9d%00%84k%3f&piece=15&ranges=114688-131071 HTTP/1.1" 404 168 "-" "-"
120.52.88.2 - - [06/Aug/2016:12:55:05 +0800] "GET /webseed?info_hash=%1etT%c0%15A*%86r%b2%c4%26A%ac%f7%9d%00%84k%3f&?info_hash=%1etT%c0%15A*%86r%b2%c4%26A%ac%f7%9d%00%84k%3f&piece=17&ranges=98304-114687 HTTP/1.1" 404 168 "-" "Xfplay 9.9.0"
120.52.88.2 - - [06/Aug/2016:12:55:05 +0800] "GET /webseed?info_hash=%1etT%c0%15A*%86r%b2%c4%26A%ac%f7%9d%00%84k%3f&?info_hash=%1etT%c0%15A*%86r%b2%c4%26A%ac%f7%9d%00%84k%3f&piece=17&ranges=114688-131071 HTTP/1.1" 404 168 "-" "-"
120.52.88.2 - - [06/Aug/2016:12:56:04 +0800] "GET /webseed?info_hash=%1etT%c0%15A*%86r%b2%c4%26A%ac%f7%9d%00%84k%3f&?info_hash=%1etT%c0%15A*%86r%b2%c4%26A%ac%f7%9d%00%84k%3f&piece=18&ranges=49152-65535 HTTP/1.1" 404 168 "-" "Xfplay 9.9.0"
120.52.88.2 - - [06/Aug/2016:12:56:04 +0800] "GET /webseed?info_hash=%1etT%c0%15A*%86r%b2%c4%26A%ac%f7%9d%00%84k%3f&?info_hash=%1etT%c0%15A*%86r%b2%c4%26A%ac%f7%9d%00%84k%3f&piece=18&ranges=65536-81919 HTTP/1.1" 404 168 "-" "-"
120.52.88.2 - - [06/Aug/2016:12:57:07 +0800] "GET /webseed?info_hash=%1etT%c0%15A*%86r%b2%c4%26A%ac%f7%9d%00%84k%3f&?info_hash=%1etT%c0%15A*%86r%b2%c4%26A%ac%f7%9d%00%84k%3f&piece=18&ranges=114688-131071 HTTP/1.1" 404 168 "-" "Xfplay 9.9.0"
120.52.88.2 - - [06/Aug/2016:12:58:04 +0800] "GET /webseed?info_hash=%1etT%c0%15A*%86r%b2%c4%26A%ac%f7%9d%00%84k%3f&?info_hash=%1etT%c0%15A*%86r%b2%c4%26A%ac%f7%9d%00%84k%3f&piece=21&ranges=147456-163839 HTTP/1.1" 404 168 "-" "Xfplay 9.9.0"
120.52.88.2 - - [06/Aug/2016:12:58:04 +0800] "GET /webseed?info_hash=%1etT%c0%15A*%86r%b2%c4%26A%ac%f7%9d%00%84k%3f&?info_hash=%1etT%c0%15A*%86r%b2%c4%26A%ac%f7%9d%00%84k%3f&piece=21&ranges=163840-180223 HTTP/1.1" 404 168 "-" "-"
120.52.88.2 - - [06/Aug/2016:12:59:04 +0800] "GET /webseed?info_hash=%1etT%c0%15A*%86r%b2%c4%26A%ac%f7%9d%00%84k%3f&?info_hash=%1etT%c0%15A*%86r%b2%c4%26A%ac%f7%9d%00%84k%3f&piece=371&ranges=229376-245759 HTTP/1.1" 404 168 "-" "Xfplay 9.9.0"
120.52.88.2 - - [06/Aug/2016:12:59:04 +0800] "GET /webseed?info_hash=%1etT%c0%15A*%86r%b2%c4%26A%ac%f7%9d%00%84k%3f&?info_hash=%1etT%c0%15A*%86r%b2%c4%26A%ac%f7%9d%00%84k%3f&piece=371&ranges=245760-262143 HTTP/1.1" 404 168 "-" "-"
120.52.88.2 - - [06/Aug/2016:13:00:04 +0800] "GET /webseed?info_hash=%1etT%c0%15A*%86r%b2%c4%26A%ac%f7%9d%00%84k%3f&?info_hash=%1etT%c0%15A*%86r%b2%c4%26A%ac%f7%9d%00%84k%3f&piece=380&ranges=32768-49151 HTTP/1.1" 404 168 "-" "Xfplay 9.9.0"
120.52.88.2 - - [06/Aug/2016:13:00:04 +0800] "GET /webseed?info_hash=%1etT%c0%15A*%86r%b2%c4%26A%ac%f7%9d%00%84k%3f&?info_hash=%1etT%c0%15A*%86r%b2%c4%26A%ac%f7%9d%00%84k%3f&piece=380&ranges=49152-65535 HTTP/1.1" 404 168 "-" "-"
120.52.88.2 - - [06/Aug/2016:13:01:04 +0800] "GET /webseed?info_hash=%1etT%c0%15A*%86r%b2%c4%26A%ac%f7%9d%00%84k%3f&?info_hash=%1etT%c0%15A*%86r%b2%c4%26A%ac%f7%9d%00%84k%3f&piece=391&ranges=180224-196607 HTTP/1.1" 404 168 "-" "Xfplay 9.9.0"
120.52.88.2 - - [06/Aug/2016:13:01:04 +0800] "GET /webseed?info_hash=%1etT%c0%15A*%86r%b2%c4%26A%ac%f7%9d%00%84k%3f&?info_hash=%1etT%c0%15A*%86r%b2%c4%26A%ac%f7%9d%00%84k%3f&piece=391&ranges=196608-212991 HTTP/1.1" 404 168 "-" "-"
120.52.88.2 - - [06/Aug/2016:13:02:08 +0800] "GET /webseed?info_hash=%1etT%c0%15A*%86r%b2%c4%26A%ac%f7%9d%00%84k%3f&?info_hash=%1etT%c0%15A*%86r%b2%c4%26A%ac%f7%9d%00%84k%3f&piece=405&ranges=16384-32767 HTTP/1.1" 404 168 "-" "Xfplay 9.9.0"
120.52.88.2 - - [06/Aug/2016:13:02:08 +0800] "GET /webseed?info_hash=%1etT%c0%15A*%86r%b2%c4%26A%ac%f7%9d%00%84k%3f&?info_hash=%1etT%c0%15A*%86r%b2%c4%26A%ac%f7%9d%00%84k%3f&piece=405&ranges=32768-49151 HTTP/1.1" 404 168 "-" "-"
120.52.88.2 - - [06/Aug/2016:13:03:05 +0800] "GET /webseed?info_hash=%1etT%c0%15A*%86r%b2%c4%26A%ac%f7%9d%00%84k%3f&?info_hash=%1etT%c0%15A*%86r%b2%c4%26A%ac%f7%9d%00%84k%3f&piece=415&ranges=81920-98303 HTTP/1.1" 404 168 "-" "Xfplay 9.9.0"
120.52.88.2 - - [06/Aug/2016:13:03:05 +0800] "GET /webseed?info_hash=%1etT%c0%15A*%86r%b2%c4%26A%ac%f7%9d%00%84k%3f&?info_hash=%1etT%c0%15A*%86r%b2%c4%26A%ac%f7%9d%00%84k%3f&piece=415&ranges=98304-114687 HTTP/1.1" 404 168 "-" "-"
120.52.88.2 - - [06/Aug/2016:13:04:05 +0800] "GET /webseed?info_hash=%1etT%c0%15A*%86r%b2%c4%26A%ac%f7%9d%00%84k%3f&?info_hash=%1etT%c0%15A*%86r%b2%c4%26A%ac%f7%9d%00%84k%3f&piece=423&ranges=229376-245759 HTTP/1.1" 404 168 "-" "Xfplay 9.9.0"
120.52.88.2 - - [06/Aug/2016:13:04:05 +0800] "GET /webseed?info_hash=%1etT%c0%15A*%86r%b2%c4%26A%ac%f7%9d%00%84k%3f&?info_hash=%1etT%c0%15A*%86r%b2%c4%26A%ac%f7%9d%00%84k%3f&piece=423&ranges=245760-262143 HTTP/1.1" 404 168 "-" "-"
120.52.88.2 - - [06/Aug/2016:13:05:05 +0800] "GET /webseed?info_hash=%1etT%c0%15A*%86r%b2%c4%26A%ac%f7%9d%00%84k%3f&?info_hash=%1etT%c0%15A*%86r%b2%c4%26A%ac%f7%9d%00%84k%3f&piece=429&ranges=98304-114687 HTTP/1.1" 404 168 "-" "Xfplay 9.9.0"
120.52.88.2 - - [06/Aug/2016:13:05:05 +0800] "GET /webseed?info_hash=%1etT%c0%15A*%86r%b2%c4%26A%ac%f7%9d%00%84k%3f&?info_hash=%1etT%c0%15A*%86r%b2%c4%26A%ac%f7%9d%00%84k%3f&piece=431&ranges=229376-245759 HTTP/1.1" 404 168 "-" "-"
120.52.88.2 - - [06/Aug/2016:13:06:11 +0800] "GET /webseed?info_hash=%1etT%c0%15A*%86r%b2%c4%26A%ac%f7%9d%00%84k%3f&?info_hash=%1etT%c0%15A*%86r%b2%c4%26A%ac%f7%9d%00%84k%3f&piece=441&ranges=16384-32767 HTTP/1.1" 404 168 "-" "Xfplay 9.9.0"
120.52.88.2 - - [06/Aug/2016:13:06:11 +0800] "GET /webseed?info_hash=%1etT%c0%15A*%86r%b2%c4%26A%ac%f7%9d%00%84k%3f&?info_hash=%1etT%c0%15A*%86r%b2%c4%26A%ac%f7%9d%00%84k%3f&piece=441&ranges=32768-49151 HTTP/1.1" 404 168 "-" "-"
120.52.88.2 - - [06/Aug/2016:13:07:05 +0800] "GET /webseed?info_hash=%1etT%c0%15A*%86r%b2%c4%26A%ac%f7%9d%00%84k%3f&?info_hash=%1etT%c0%15A*%86r%b2%c4%26A%ac%f7%9d%00%84k%3f&piece=448&ranges=180224-196607 HTTP/1.1" 404 168 "-" "Xfplay 9.9.0"
120.52.88.2 - - [06/Aug/2016:13:07:05 +0800] "GET /webseed?info_hash=%1etT%c0%15A*%86r%b2%c4%26A%ac%f7%9d%00%84k%3f&?info_hash=%1etT%c0%15A*%86r%b2%c4%26A%ac%f7%9d%00%84k%3f&piece=448&ranges=196608-212991 HTTP/1.1" 404 168 "-" "-"
120.52.88.2 - - [06/Aug/2016:13:08:05 +0800] "GET /webseed?info_hash=%1etT%c0%15A*%86r%b2%c4%26A%ac%f7%9d%00%84k%3f&?info_hash=%1etT%c0%15A*%86r%b2%c4%26A%ac%f7%9d%00%84k%3f&piece=456&ranges=131072-147455 HTTP/1.1" 404 168 "-" "Xfplay 9.9.0"
120.52.88.2 - - [06/Aug/2016:13:08:05 +0800] "GET /webseed?info_hash=%1etT%c0%15A*%86r%b2%c4%26A%ac%f7%9d%00%84k%3f&?info_hash=%1etT%c0%15A*%86r%b2%c4%26A%ac%f7%9d%00%84k%3f&piece=456&ranges=147456-163839 HTTP/1.1" 404 168 "-" "-"
120.52.88.2 - - [06/Aug/2016:13:09:06 +0800] "GET /webseed?info_hash=%1etT%c0%15A*%86r%b2%c4%26A%ac%f7%9d%00%84k%3f&?info_hash=%1etT%c0%15A*%86r%b2%c4%26A%ac%f7%9d%00%84k%3f&piece=464&ranges=131072-147455 HTTP/1.1" 404 168 "-" "Xfplay 9.9.0"
120.52.88.2 - - [06/Aug/2016:13:09:06 +0800] "GET /webseed?info_hash=%1etT%c0%15A*%86r%b2%c4%26A%ac%f7%9d%00%84k%3f&?info_hash=%1etT%c0%15A*%86r%b2%c4%26A%ac%f7%9d%00%84k%3f&piece=464&ranges=147456-163839 HTTP/1.1" 404 168 "-" "-"
120.52.88.2 - - [06/Aug/2016:13:10:05 +0800] "GET /webseed?info_hash=%1etT%c0%15A*%86r%b2%c4%26A%ac%f7%9d%00%84k%3f&?info_hash=%1etT%c0%15A*%86r%b2%c4%26A%ac%f7%9d%00%84k%3f&piece=473&ranges=245760-262143 HTTP/1.1" 404 168 "-" "Xfplay 9.9.0"
120.52.88.2 - - [06/Aug/2016:13:11:05 +0800] "GET /webseed?info_hash=%1etT%c0%15A*%86r%b2%c4%26A%ac%f7%9d%00%84k%3f&?info_hash=%1etT%c0%15A*%86r%b2%c4%26A%ac%f7%9d%00%84k%3f&piece=482&ranges=98304-114687 HTTP/1.1" 404 168 "-" "Xfplay 9.9.0"
120.52.88.2 - - [06/Aug/2016:13:11:05 +0800] "GET /webseed?info_hash=%1etT%c0%15A*%86r%b2%c4%26A%ac%f7%9d%00%84k%3f&?info_hash=%1etT%c0%15A*%86r%b2%c4%26A%ac%f7%9d%00%84k%3f&piece=482&ranges=114688-131071 HTTP/1.1" 404 168 "-" "-"
120.52.88.2 - - [06/Aug/2016:13:12:05 +0800] "GET /webseed?info_hash=%1etT%c0%15A*%86r%b2%c4%26A%ac%f7%9d%00%84k%3f&?info_hash=%1etT%c0%15A*%86r%b2%c4%26A%ac%f7%9d%00%84k%3f&piece=487&ranges=131072-147455 HTTP/1.1" 404 168 "-" "Xfplay 9.9.0"
120.52.88.2 - - [06/Aug/2016:13:12:05 +0800] "GET /webseed?info_hash=%1etT%c0%15A*%86r%b2%c4%26A%ac%f7%9d%00%84k%3f&?info_hash=%1etT%c0%15A*%86r%b2%c4%26A%ac%f7%9d%00%84k%3f&piece=487&ranges=147456-163839 HTTP/1.1" 404 168 "-" "-"
120.52.88.2 - - [06/Aug/2016:13:13:06 +0800] "GET /webseed?info_hash=%1etT%c0%15A*%86r%b2%c4%26A%ac%f7%9d%00%84k%3f&?info_hash=%1etT%c0%15A*%86r%b2%c4%26A%ac%f7%9d%00%84k%3f&piece=492&ranges=212992-229375 HTTP/1.1" 404 168 "-" "Xfplay 9.9.0"
120.52.88.2 - - [06/Aug/2016:13:13:06 +0800] "GET /webseed?info_hash=%1etT%c0%15A*%86r%b2%c4%26A%ac%f7%9d%00%84k%3f&?info_hash=%1etT%c0%15A*%86r%b2%c4%26A%ac%f7%9d%00%84k%3f&piece=492&ranges=229376-245759 HTTP/1.1" 404 168 "-" "-"
120.52.88.2 - - [06/Aug/2016:13:14:06 +0800] "GET /webseed?info_hash=%1etT%c0%15A*%86r%b2%c4%26A%ac%f7%9d%00%84k%3f&?info_hash=%1etT%c0%15A*%86r%b2%c4%26A%ac%f7%9d%00%84k%3f&piece=497&ranges=0-16383 HTTP/1.1" 404 168 "-" "Xfplay 9.9.0"
120.52.88.2 - - [06/Aug/2016:13:14:06 +0800] "GET /webseed?info_hash=%1etT%c0%15A*%86r%b2%c4%26A%ac%f7%9d%00%84k%3f&?info_hash=%1etT%c0%15A*%86r%b2%c4%26A%ac%f7%9d%00%84k%3f&piece=497&ranges=16384-32767 HTTP/1.1" 404 168 "-" "-"
120.52.88.2 - - [06/Aug/2016:13:15:08 +0800] "GET /webseed?info_hash=%1etT%c0%15A*%86r%b2%c4%26A%ac%f7%9d%00%84k%3f&?info_hash=%1etT%c0%15A*%86r%b2%c4%26A%ac%f7%9d%00%84k%3f&piece=500&ranges=180224-196607 HTTP/1.1" 404 168 "-" "Xfplay 9.9.0"
120.52.88.2 - - [06/Aug/2016:13:15:08 +0800] "GET /webseed?info_hash=%1etT%c0%15A*%86r%b2%c4%26A%ac%f7%9d%00%84k%3f&?info_hash=%1etT%c0%15A*%86r%b2%c4%26A%ac%f7%9d%00%84k%3f&piece=500&ranges=196608-212991 HTTP/1.1" 404 168 "-" "-"
182.254.154.72 - - [06/Aug/2016:13:15:53 +0800] "GET http://115.159.79.85/check_proxy.php HTTP/1.1" 499 0 "-" "Java/1.8.0_51"
120.52.88.2 - - [06/Aug/2016:13:16:06 +0800] "GET /webseed?info_hash=%1etT%c0%15A*%86r%b2%c4%26A%ac%f7%9d%00%84k%3f&?info_hash=%1etT%c0%15A*%86r%b2%c4%26A%ac%f7%9d%00%84k%3f&piece=503&ranges=180224-196607 HTTP/1.1" 404 168 "-" "Xfplay 9.9.0"
120.52.88.2 - - [06/Aug/2016:13:16:06 +0800] "GET /webseed?info_hash=%1etT%c0%15A*%86r%b2%c4%26A%ac%f7%9d%00%84k%3f&?info_hash=%1etT%c0%15A*%86r%b2%c4%26A%ac%f7%9d%00%84k%3f&piece=503&ranges=196608-212991 HTTP/1.1" 404 168 "-" "-"
120.52.88.2 - - [06/Aug/2016:13:17:07 +0800] "GET /webseed?info_hash=%1etT%c0%15A*%86r%b2%c4%26A%ac%f7%9d%00%84k%3f&?info_hash=%1etT%c0%15A*%86r%b2%c4%26A%ac%f7%9d%00%84k%3f&piece=1442&ranges=131072-147455 HTTP/1.1" 404 168 "-" "Xfplay 9.9.0"
120.52.88.2 - - [06/Aug/2016:13:17:07 +0800] "GET /webseed?info_hash=%1etT%c0%15A*%86r%b2%c4%26A%ac%f7%9d%00%84k%3f&?info_hash=%1etT%c0%15A*%86r%b2%c4%26A%ac%f7%9d%00%84k%3f&piece=1442&ranges=147456-163839 HTTP/1.1" 404 168 "-" "-"
120.52.88.2 - - [06/Aug/2016:13:18:06 +0800] "GET /webseed?info_hash=%1etT%c0%15A*%86r%b2%c4%26A%ac%f7%9d%00%84k%3f&?info_hash=%1etT%c0%15A*%86r%b2%c4%26A%ac%f7%9d%00%84k%3f&piece=1444&ranges=98304-114687 HTTP/1.1" 404 168 "-" "Xfplay 9.9.0"
120.52.88.2 - - [06/Aug/2016:13:18:06 +0800] "GET /webseed?info_hash=%1etT%c0%15A*%86r%b2%c4%26A%ac%f7%9d%00%84k%3f&?info_hash=%1etT%c0%15A*%86r%b2%c4%26A%ac%f7%9d%00%84k%3f&piece=1444&ranges=114688-131071 HTTP/1.1" 404 168 "-" "-"
120.52.88.2 - - [06/Aug/2016:13:19:06 +0800] "GET /webseed?info_hash=%1etT%c0%15A*%86r%b2%c4%26A%ac%f7%9d%00%84k%3f&?info_hash=%1etT%c0%15A*%86r%b2%c4%26A%ac%f7%9d%00%84k%3f&piece=1448&ranges=114688-131071 HTTP/1.1" 404 168 "-" "Xfplay 9.9.0"
120.52.88.2 - - [06/Aug/2016:13:19:06 +0800] "GET /webseed?info_hash=%1etT%c0%15A*%86r%b2%c4%26A%ac%f7%9d%00%84k%3f&?info_hash=%1etT%c0%15A*%86r%b2%c4%26A%ac%f7%9d%00%84k%3f&piece=1448&ranges=131072-147455 HTTP/1.1" 404 168 "-" "-"
120.52.88.2 - - [06/Aug/2016:13:20:07 +0800] "GET /webseed?info_hash=%1etT%c0%15A*%86r%b2%c4%26A%ac%f7%9d%00%84k%3f&?info_hash=%1etT%c0%15A*%86r%b2%c4%26A%ac%f7%9d%00%84k%3f&piece=1452&ranges=81920-98303 HTTP/1.1" 404 168 "-" "Xfplay 9.9.0"
120.52.88.2 - - [06/Aug/2016:13:20:07 +0800] "GET /webseed?info_hash=%1etT%c0%15A*%86r%b2%c4%26A%ac%f7%9d%00%84k%3f&?info_hash=%1etT%c0%15A*%86r%b2%c4%26A%ac%f7%9d%00%84k%3f&piece=1452&ranges=98304-114687 HTTP/1.1" 404 168 "-" "-"
120.52.88.2 - - [06/Aug/2016:13:21:07 +0800] "GET /webseed?info_hash=%1etT%c0%15A*%86r%b2%c4%26A%ac%f7%9d%00%84k%3f&?info_hash=%1etT%c0%15A*%86r%b2%c4%26A%ac%f7%9d%00%84k%3f&piece=1454&ranges=65536-81919 HTTP/1.1" 404 168 "-" "Xfplay 9.9.0"
120.52.88.2 - - [06/Aug/2016:13:21:07 +0800] "GET /webseed?info_hash=%1etT%c0%15A*%86r%b2%c4%26A%ac%f7%9d%00%84k%3f&?info_hash=%1etT%c0%15A*%86r%b2%c4%26A%ac%f7%9d%00%84k%3f&piece=1454&ranges=81920-98303 HTTP/1.1" 404 168 "-" "-"
120.52.88.2 - - [06/Aug/2016:13:22:07 +0800] "GET /webseed?info_hash=%1etT%c0%15A*%86r%b2%c4%26A%ac%f7%9d%00%84k%3f&?info_hash=%1etT%c0%15A*%86r%b2%c4%26A%ac%f7%9d%00%84k%3f&piece=1458&ranges=147456-163839 HTTP/1.1" 404 168 "-" "Xfplay 9.9.0"
120.52.88.2 - - [06/Aug/2016:13:22:07 +0800] "GET /webseed?info_hash=%1etT%c0%15A*%86r%b2%c4%26A%ac%f7%9d%00%84k%3f&?info_hash=%1etT%c0%15A*%86r%b2%c4%26A%ac%f7%9d%00%84k%3f&piece=1458&ranges=163840-180223 HTTP/1.1" 404 168 "-" "-"
120.52.88.2 - - [06/Aug/2016:13:23:07 +0800] "GET /webseed?info_hash=%1etT%c0%15A*%86r%b2%c4%26A%ac%f7%9d%00%84k%3f&?info_hash=%1etT%c0%15A*%86r%b2%c4%26A%ac%f7%9d%00%84k%3f&piece=1464&ranges=81920-98303 HTTP/1.1" 404 168 "-" "Xfplay 9.9.0"
120.52.88.2 - - [06/Aug/2016:13:23:07 +0800] "GET /webseed?info_hash=%1etT%c0%15A*%86r%b2%c4%26A%ac%f7%9d%00%84k%3f&?info_hash=%1etT%c0%15A*%86r%b2%c4%26A%ac%f7%9d%00%84k%3f&piece=1464&ranges=98304-114687 HTTP/1.1" 404 168 "-" "-"
120.52.88.2 - - [06/Aug/2016:13:24:07 +0800] "GET /webseed?info_hash=%1etT%c0%15A*%86r%b2%c4%26A%ac%f7%9d%00%84k%3f&?info_hash=%1etT%c0%15A*%86r%b2%c4%26A%ac%f7%9d%00%84k%3f&piece=1467&ranges=49152-65535 HTTP/1.1" 404 168 "-" "Xfplay 9.9.0"
120.52.88.2 - - [06/Aug/2016:13:24:07 +0800] "GET /webseed?info_hash=%1etT%c0%15A*%86r%b2%c4%26A%ac%f7%9d%00%84k%3f&?info_hash=%1etT%c0%15A*%86r%b2%c4%26A%ac%f7%9d%00%84k%3f&piece=1467&ranges=65536-81919 HTTP/1.1" 404 168 "-" "-"
120.52.88.2 - - [06/Aug/2016:13:25:10 +0800] "GET /webseed?info_hash=%1etT%c0%15A*%86r%b2%c4%26A%ac%f7%9d%00%84k%3f&?info_hash=%1etT%c0%15A*%86r%b2%c4%26A%ac%f7%9d%00%84k%3f&piece=1471&ranges=196608-212991 HTTP/1.1" 404 168 "-" "Xfplay 9.9.0"
120.52.88.2 - - [06/Aug/2016:13:25:10 +0800] "GET /webseed?info_hash=%1etT%c0%15A*%86r%b2%c4%26A%ac%f7%9d%00%84k%3f&?info_hash=%1etT%c0%15A*%86r%b2%c4%26A%ac%f7%9d%00%84k%3f&piece=1471&ranges=212992-229375 HTTP/1.1" 404 168 "-" "-"
120.52.88.2 - - [06/Aug/2016:13:26:07 +0800] "GET /webseed?info_hash=%1etT%c0%15A*%86r%b2%c4%26A%ac%f7%9d%00%84k%3f&?info_hash=%1etT%c0%15A*%86r%b2%c4%26A%ac%f7%9d%00%84k%3f&piece=1475&ranges=98304-114687 HTTP/1.1" 404 168 "-" "Xfplay 9.9.0"
120.52.88.2 - - [06/Aug/2016:13:26:07 +0800] "GET /webseed?info_hash=%1etT%c0%15A*%86r%b2%c4%26A%ac%f7%9d%00%84k%3f&?info_hash=%1etT%c0%15A*%86r%b2%c4%26A%ac%f7%9d%00%84k%3f&piece=1475&ranges=114688-131071 HTTP/1.1" 404 168 "-" "-"
120.52.88.2 - - [06/Aug/2016:13:31:09 +0800] "GET /webseed?info_hash=%1etT%c0%15A*%86r%b2%c4%26A%ac%f7%9d%00%84k%3f&?info_hash=%1etT%c0%15A*%86r%b2%c4%26A%ac%f7%9d%00%84k%3f&piece=1495&ranges=131072-147455 HTTP/1.1" 404 168 "-" "Xfplay 9.9.0"
120.52.88.2 - - [06/Aug/2016:13:31:09 +0800] "GET /webseed?info_hash=%1etT%c0%15A*%86r%b2%c4%26A%ac%f7%9d%00%84k%3f&?info_hash=%1etT%c0%15A*%86r%b2%c4%26A%ac%f7%9d%00%84k%3f&piece=1495&ranges=147456-163839 HTTP/1.1" 404 168 "-" "-"
120.52.88.2 - - [06/Aug/2016:13:33:09 +0800] "GET /webseed?info_hash=%1etT%c0%15A*%86r%b2%c4%26A%ac%f7%9d%00%84k%3f&?info_hash=%1etT%c0%15A*%86r%b2%c4%26A%ac%f7%9d%00%84k%3f&piece=1501&ranges=245760-262143 HTTP/1.1" 404 168 "-" "Xfplay 9.9.0"
120.52.88.2 - - [06/Aug/2016:13:33:09 +0800] "GET /webseed?info_hash=%1etT%c0%15A*%86r%b2%c4%26A%ac%f7%9d%00%84k%3f&?info_hash=%1etT%c0%15A*%86r%b2%c4%26A%ac%f7%9d%00%84k%3f&piece=1502&ranges=0-16383 HTTP/1.1" 404 168 "-" "-"
120.52.88.2 - - [06/Aug/2016:13:35:12 +0800] "GET /webseed?info_hash=%1etT%c0%15A*%86r%b2%c4%26A%ac%f7%9d%00%84k%3f&?info_hash=%1etT%c0%15A*%86r%b2%c4%26A%ac%f7%9d%00%84k%3f&piece=1511&ranges=0-16383 HTTP/1.1" 404 168 "-" "Xfplay 9.9.0"
120.52.88.2 - - [06/Aug/2016:13:35:12 +0800] "GET /webseed?info_hash=%1etT%c0%15A*%86r%b2%c4%26A%ac%f7%9d%00%84k%3f&?info_hash=%1etT%c0%15A*%86r%b2%c4%26A%ac%f7%9d%00%84k%3f&piece=1511&ranges=16384-32767 HTTP/1.1" 404 168 "-" "-"
120.52.88.2 - - [06/Aug/2016:13:37:27 +0800] "GET /webseed?info_hash=%1etT%c0%15A*%86r%b2%c4%26A%ac%f7%9d%00%84k%3f&?info_hash=%1etT%c0%15A*%86r%b2%c4%26A%ac%f7%9d%00%84k%3f&piece=1520&ranges=65536-81919 HTTP/1.1" 404 168 "-" "Xfplay 9.9.0"
120.52.88.2 - - [06/Aug/2016:13:37:27 +0800] "GET /webseed?info_hash=%1etT%c0%15A*%86r%b2%c4%26A%ac%f7%9d%00%84k%3f&?info_hash=%1etT%c0%15A*%86r%b2%c4%26A%ac%f7%9d%00%84k%3f&piece=1520&ranges=81920-98303 HTTP/1.1" 404 168 "-" "-"
115.239.228.202 - - [06/Aug/2016:13:37:29 +0800] "GET http://zc.qq.com/cgi-bin/common/attr?id=260714&r=0.7246596285269414 HTTP/1.1" 404 570 "-" "Mozilla/5.0 (compatible; MSIE 9.0; Windows NT 6.1; Trident/5.0; 360SE)"
120.52.88.2 - - [06/Aug/2016:13:39:10 +0800] "GET /webseed?info_hash=%1etT%c0%15A*%86r%b2%c4%26A%ac%f7%9d%00%84k%3f&?info_hash=%1etT%c0%15A*%86r%b2%c4%26A%ac%f7%9d%00%84k%3f&piece=1527&ranges=98304-114687 HTTP/1.1" 404 168 "-" "Xfplay 9.9.0"
120.52.88.2 - - [06/Aug/2016:13:39:10 +0800] "GET /webseed?info_hash=%1etT%c0%15A*%86r%b2%c4%26A%ac%f7%9d%00%84k%3f&?info_hash=%1etT%c0%15A*%86r%b2%c4%26A%ac%f7%9d%00%84k%3f&piece=1527&ranges=114688-131071 HTTP/1.1" 404 168 "-" "-"
120.52.88.2 - - [06/Aug/2016:13:41:21 +0800] "GET /webseed?info_hash=%1etT%c0%15A*%86r%b2%c4%26A%ac%f7%9d%00%84k%3f&?info_hash=%1etT%c0%15A*%86r%b2%c4%26A%ac%f7%9d%00%84k%3f&piece=1533&ranges=98304-114687 HTTP/1.1" 404 168 "-" "Xfplay 9.9.0"
120.52.88.2 - - [06/Aug/2016:13:41:21 +0800] "GET /webseed?info_hash=%1etT%c0%15A*%86r%b2%c4%26A%ac%f7%9d%00%84k%3f&?info_hash=%1etT%c0%15A*%86r%b2%c4%26A%ac%f7%9d%00%84k%3f&piece=1533&ranges=114688-131071 HTTP/1.1" 404 168 "-" "-"
120.52.88.2 - - [06/Aug/2016:13:43:10 +0800] "GET /webseed?info_hash=%1etT%c0%15A*%86r%b2%c4%26A%ac%f7%9d%00%84k%3f&?info_hash=%1etT%c0%15A*%86r%b2%c4%26A%ac%f7%9d%00%84k%3f&piece=1540&ranges=196608-212991 HTTP/1.1" 404 168 "-" "Xfplay 9.9.0"
120.52.88.2 - - [06/Aug/2016:13:43:10 +0800] "GET /webseed?info_hash=%1etT%c0%15A*%86r%b2%c4%26A%ac%f7%9d%00%84k%3f&?info_hash=%1etT%c0%15A*%86r%b2%c4%26A%ac%f7%9d%00%84k%3f&piece=1540&ranges=212992-229375 HTTP/1.1" 404 168 "-" "-"
120.52.88.2 - - [06/Aug/2016:13:45:10 +0800] "GET /webseed?info_hash=%1etT%c0%15A*%86r%b2%c4%26A%ac%f7%9d%00%84k%3f&?info_hash=%1etT%c0%15A*%86r%b2%c4%26A%ac%f7%9d%00%84k%3f&piece=1549&ranges=81920-98303 HTTP/1.1" 404 168 "-" "Xfplay 9.9.0"
120.52.88.2 - - [06/Aug/2016:13:45:10 +0800] "GET /webseed?info_hash=%1etT%c0%15A*%86r%b2%c4%26A%ac%f7%9d%00%84k%3f&?info_hash=%1etT%c0%15A*%86r%b2%c4%26A%ac%f7%9d%00%84k%3f&piece=1549&ranges=98304-114687 HTTP/1.1" 404 168 "-" "-"
120.52.88.2 - - [06/Aug/2016:13:53:05 +0800] "GET /webseed?info_hash=%1etT%c0%15A*%86r%b2%c4%26A%ac%f7%9d%00%84k%3f&?info_hash=%1etT%c0%15A*%86r%b2%c4%26A%ac%f7%9d%00%84k%3f&piece=507&ranges=65536-81919 HTTP/1.1" 404 168 "-" "Xfplay 9.9.0"
120.52.88.2 - - [06/Aug/2016:13:55:05 +0800] "GET /webseed?info_hash=%1etT%c0%15A*%86r%b2%c4%26A%ac%f7%9d%00%84k%3f&?info_hash=%1etT%c0%15A*%86r%b2%c4%26A%ac%f7%9d%00%84k%3f&piece=1560&ranges=98304-114687 HTTP/1.1" 404 168 "-" "Xfplay 9.9.0"
120.52.88.2 - - [06/Aug/2016:13:55:05 +0800] "GET /webseed?info_hash=%1etT%c0%15A*%86r%b2%c4%26A%ac%f7%9d%00%84k%3f&?info_hash=%1etT%c0%15A*%86r%b2%c4%26A%ac%f7%9d%00%84k%3f&piece=1560&ranges=114688-131071 HTTP/1.1" 404 168 "-" "-"
120.52.88.2 - - [06/Aug/2016:13:57:05 +0800] "GET /webseed?info_hash=%1etT%c0%15A*%86r%b2%c4%26A%ac%f7%9d%00%84k%3f&?info_hash=%1etT%c0%15A*%86r%b2%c4%26A%ac%f7%9d%00%84k%3f&piece=1566&ranges=81920-98303 HTTP/1.1" 404 168 "-" "Xfplay 9.9.0"
120.52.88.2 - - [06/Aug/2016:13:57:05 +0800] "GET /webseed?info_hash=%1etT%c0%15A*%86r%b2%c4%26A%ac%f7%9d%00%84k%3f&?info_hash=%1etT%c0%15A*%86r%b2%c4%26A%ac%f7%9d%00%84k%3f&piece=1566&ranges=98304-114687 HTTP/1.1" 404 168 "-" "-"
120.52.88.2 - - [06/Aug/2016:13:59:05 +0800] "GET /webseed?info_hash=%1etT%c0%15A*%86r%b2%c4%26A%ac%f7%9d%00%84k%3f&?info_hash=%1etT%c0%15A*%86r%b2%c4%26A%ac%f7%9d%00%84k%3f&piece=1573&ranges=180224-196607 HTTP/1.1" 404 168 "-" "Xfplay 9.9.0"
120.52.88.2 - - [06/Aug/2016:13:59:05 +0800] "GET /webseed?info_hash=%1etT%c0%15A*%86r%b2%c4%26A%ac%f7%9d%00%84k%3f&?info_hash=%1etT%c0%15A*%86r%b2%c4%26A%ac%f7%9d%00%84k%3f&piece=1573&ranges=196608-212991 HTTP/1.1" 404 168 "-" "-"
120.52.88.2 - - [06/Aug/2016:14:04:05 +0800] "GET /webseed?info_hash=%1etT%c0%15A*%86r%b2%c4%26A%ac%f7%9d%00%84k%3f&?info_hash=%1etT%c0%15A*%86r%b2%c4%26A%ac%f7%9d%00%84k%3f&piece=1596&ranges=245760-262143 HTTP/1.1" 404 168 "-" "Xfplay 9.9.0"
120.52.88.2 - - [06/Aug/2016:14:06:05 +0800] "GET /webseed?info_hash=%1etT%c0%15A*%86r%b2%c4%26A%ac%f7%9d%00%84k%3f&?info_hash=%1etT%c0%15A*%86r%b2%c4%26A%ac%f7%9d%00%84k%3f&piece=1611&ranges=98304-114687 HTTP/1.1" 404 168 "-" "Xfplay 9.9.0"
120.52.88.2 - - [06/Aug/2016:14:06:05 +0800] "GET /webseed?info_hash=%1etT%c0%15A*%86r%b2%c4%26A%ac%f7%9d%00%84k%3f&?info_hash=%1etT%c0%15A*%86r%b2%c4%26A%ac%f7%9d%00%84k%3f&piece=1611&ranges=114688-131071 HTTP/1.1" 404 168 "-" "-"
120.52.88.2 - - [06/Aug/2016:14:08:06 +0800] "GET /webseed?info_hash=%1etT%c0%15A*%86r%b2%c4%26A%ac%f7%9d%00%84k%3f&?info_hash=%1etT%c0%15A*%86r%b2%c4%26A%ac%f7%9d%00%84k%3f&piece=1624&ranges=212992-229375 HTTP/1.1" 404 168 "-" "Xfplay 9.9.0"
120.52.88.2 - - [06/Aug/2016:14:08:06 +0800] "GET /webseed?info_hash=%1etT%c0%15A*%86r%b2%c4%26A%ac%f7%9d%00%84k%3f&?info_hash=%1etT%c0%15A*%86r%b2%c4%26A%ac%f7%9d%00%84k%3f&piece=1624&ranges=229376-245759 HTTP/1.1" 404 168 "-" "-"
220.166.229.140 - - [06/Aug/2016:14:09:17 +0800] "GET / HTTP/1.1" 200 623 "-" "Mozilla/4.0 (compatible; MSIE 6.0; Windows NT 5.0)"
120.52.88.2 - - [06/Aug/2016:14:10:06 +0800] "GET /webseed?info_hash=%1etT%c0%15A*%86r%b2%c4%26A%ac%f7%9d%00%84k%3f&?info_hash=%1etT%c0%15A*%86r%b2%c4%26A%ac%f7%9d%00%84k%3f&piece=1638&ranges=196608-212991 HTTP/1.1" 404 168 "-" "Xfplay 9.9.0"
120.52.88.2 - - [06/Aug/2016:14:10:06 +0800] "GET /webseed?info_hash=%1etT%c0%15A*%86r%b2%c4%26A%ac%f7%9d%00%84k%3f&?info_hash=%1etT%c0%15A*%86r%b2%c4%26A%ac%f7%9d%00%84k%3f&piece=1638&ranges=212992-229375 HTTP/1.1" 404 168 "-" "-"
120.52.88.2 - - [06/Aug/2016:14:12:06 +0800] "GET /webseed?info_hash=%1etT%c0%15A*%86r%b2%c4%26A%ac%f7%9d%00%84k%3f&?info_hash=%1etT%c0%15A*%86r%b2%c4%26A%ac%f7%9d%00%84k%3f&piece=1669&ranges=81920-98303 HTTP/1.1" 404 168 "-" "Xfplay 9.9.0"
120.52.88.2 - - [06/Aug/2016:14:12:06 +0800] "GET /webseed?info_hash=%1etT%c0%15A*%86r%b2%c4%26A%ac%f7%9d%00%84k%3f&?info_hash=%1etT%c0%15A*%86r%b2%c4%26A%ac%f7%9d%00%84k%3f&piece=1669&ranges=98304-114687 HTTP/1.1" 404 168 "-" "-"
120.52.88.2 - - [06/Aug/2016:14:14:06 +0800] "GET /webseed?info_hash=%1etT%c0%15A*%86r%b2%c4%26A%ac%f7%9d%00%84k%3f&?info_hash=%1etT%c0%15A*%86r%b2%c4%26A%ac%f7%9d%00%84k%3f&piece=1710&ranges=98304-114687 HTTP/1.1" 404 168 "-" "Xfplay 9.9.0"
120.52.88.2 - - [06/Aug/2016:14:16:06 +0800] "GET /webseed?info_hash=%1etT%c0%15A*%86r%b2%c4%26A%ac%f7%9d%00%84k%3f&?info_hash=%1etT%c0%15A*%86r%b2%c4%26A%ac%f7%9d%00%84k%3f&piece=1737&ranges=147456-163839 HTTP/1.1" 404 168 "-" "Xfplay 9.9.0"
120.52.88.2 - - [06/Aug/2016:14:16:06 +0800] "GET /webseed?info_hash=%1etT%c0%15A*%86r%b2%c4%26A%ac%f7%9d%00%84k%3f&?info_hash=%1etT%c0%15A*%86r%b2%c4%26A%ac%f7%9d%00%84k%3f&piece=1737&ranges=163840-180223 HTTP/1.1" 404 168 "-" "-"
120.52.88.2 - - [06/Aug/2016:14:18:06 +0800] "GET /webseed?info_hash=%1etT%c0%15A*%86r%b2%c4%26A%ac%f7%9d%00%84k%3f&?info_hash=%1etT%c0%15A*%86r%b2%c4%26A%ac%f7%9d%00%84k%3f&piece=1766&ranges=131072-147455 HTTP/1.1" 404 168 "-" "Xfplay 9.9.0"
120.52.88.2 - - [06/Aug/2016:14:18:06 +0800] "GET /webseed?info_hash=%1etT%c0%15A*%86r%b2%c4%26A%ac%f7%9d%00%84k%3f&?info_hash=%1etT%c0%15A*%86r%b2%c4%26A%ac%f7%9d%00%84k%3f&piece=1766&ranges=147456-163839 HTTP/1.1" 404 168 "-" "-"
103.44.207.40 - - [06/Aug/2016:14:19:57 +0800] "GET /manager/html HTTP/1.1" 404 168 "-" "Mozilla/3.0 (compatible; Indy Library)"
120.52.88.2 - - [06/Aug/2016:14:20:07 +0800] "GET /webseed?info_hash=%1etT%c0%15A*%86r%b2%c4%26A%ac%f7%9d%00%84k%3f&?info_hash=%1etT%c0%15A*%86r%b2%c4%26A%ac%f7%9d%00%84k%3f&piece=1804&ranges=81920-98303 HTTP/1.1" 404 168 "-" "Xfplay 9.9.0"
120.52.88.2 - - [06/Aug/2016:14:20:07 +0800] "GET /webseed?info_hash=%1etT%c0%15A*%86r%b2%c4%26A%ac%f7%9d%00%84k%3f&?info_hash=%1etT%c0%15A*%86r%b2%c4%26A%ac%f7%9d%00%84k%3f&piece=1804&ranges=98304-114687 HTTP/1.1" 404 168 "-" "-"
120.52.88.2 - - [06/Aug/2016:14:22:07 +0800] "GET /webseed?info_hash=%1etT%c0%15A*%86r%b2%c4%26A%ac%f7%9d%00%84k%3f&?info_hash=%1etT%c0%15A*%86r%b2%c4%26A%ac%f7%9d%00%84k%3f&piece=1839&ranges=229376-245759 HTTP/1.1" 404 168 "-" "Xfplay 9.9.0"
120.52.88.2 - - [06/Aug/2016:14:22:07 +0800] "GET /webseed?info_hash=%1etT%c0%15A*%86r%b2%c4%26A%ac%f7%9d%00%84k%3f&?info_hash=%1etT%c0%15A*%86r%b2%c4%26A%ac%f7%9d%00%84k%3f&piece=1839&ranges=245760-262143 HTTP/1.1" 404 168 "-" "-"
120.52.88.2 - - [06/Aug/2016:14:24:07 +0800] "GET /webseed?info_hash=%1etT%c0%15A*%86r%b2%c4%26A%ac%f7%9d%00%84k%3f&?info_hash=%1etT%c0%15A*%86r%b2%c4%26A%ac%f7%9d%00%84k%3f&piece=1877&ranges=245760-262143 HTTP/1.1" 404 168 "-" "Xfplay 9.9.0"
120.52.88.2 - - [06/Aug/2016:14:24:07 +0800] "GET /webseed?info_hash=%1etT%c0%15A*%86r%b2%c4%26A%ac%f7%9d%00%84k%3f&?info_hash=%1etT%c0%15A*%86r%b2%c4%26A%ac%f7%9d%00%84k%3f&piece=1878&ranges=0-16383 HTTP/1.1" 404 168 "-" "-"
120.52.88.2 - - [06/Aug/2016:14:26:07 +0800] "GET /webseed?info_hash=%1etT%c0%15A*%86r%b2%c4%26A%ac%f7%9d%00%84k%3f&?info_hash=%1etT%c0%15A*%86r%b2%c4%26A%ac%f7%9d%00%84k%3f&piece=1914&ranges=245760-262143 HTTP/1.1" 404 168 "-" "Xfplay 9.9.0"
120.52.88.2 - - [06/Aug/2016:14:28:07 +0800] "GET /webseed?info_hash=%1etT%c0%15A*%86r%b2%c4%26A%ac%f7%9d%00%84k%3f&?info_hash=%1etT%c0%15A*%86r%b2%c4%26A%ac%f7%9d%00%84k%3f&piece=1954&ranges=81920-98303 HTTP/1.1" 404 168 "-" "Xfplay 9.9.0"
120.52.88.2 - - [06/Aug/2016:14:28:07 +0800] "GET /webseed?info_hash=%1etT%c0%15A*%86r%b2%c4%26A%ac%f7%9d%00%84k%3f&?info_hash=%1etT%c0%15A*%86r%b2%c4%26A%ac%f7%9d%00%84k%3f&piece=1954&ranges=98304-114687 HTTP/1.1" 404 168 "-" "-"
120.52.88.2 - - [06/Aug/2016:14:30:07 +0800] "GET /webseed?info_hash=%1etT%c0%15A*%86r%b2%c4%26A%ac%f7%9d%00%84k%3f&?info_hash=%1etT%c0%15A*%86r%b2%c4%26A%ac%f7%9d%00%84k%3f&piece=1994&ranges=32768-49151 HTTP/1.1" 404 168 "-" "Xfplay 9.9.0"
120.52.88.2 - - [06/Aug/2016:14:30:07 +0800] "GET /webseed?info_hash=%1etT%c0%15A*%86r%b2%c4%26A%ac%f7%9d%00%84k%3f&?info_hash=%1etT%c0%15A*%86r%b2%c4%26A%ac%f7%9d%00%84k%3f&piece=1994&ranges=49152-65535 HTTP/1.1" 404 168 "-" "-"
115.239.228.202 - - [06/Aug/2016:14:50:36 +0800] "GET http://zc.qq.com/cgi-bin/common/attr?id=260714&r=0.9153430785350553 HTTP/1.1" 404 570 "-" "Mozilla/5.0 (compatible; MSIE 9.0; Windows NT 6.1; Trident/5.0; 360SE)"
61.151.214.21 - - [06/Aug/2016:15:55:40 +0800] "HEAD / HTTP/1.1" 200 0 "-" "-"
61.151.214.21 - - [06/Aug/2016:15:55:40 +0800] "GET / HTTP/1.1" 200 623 "-" "-"
115.239.228.202 - - [06/Aug/2016:16:03:10 +0800] "GET http://zc.qq.com/cgi-bin/common/attr?id=260714&r=0.3435901696546265 HTTP/1.1" 404 570 "-" "Mozilla/5.0 (compatible; MSIE 9.0; Windows NT 6.1; Trident/5.0; 360SE)"
61.151.214.21 - - [06/Aug/2016:16:07:34 +0800] "HEAD / HTTP/1.1" 200 0 "-" "-"
61.151.214.21 - - [06/Aug/2016:16:07:35 +0800] "GET / HTTP/1.1" 200 623 "-" "-"
111.248.119.13 - - [06/Aug/2016:16:18:36 +0800] "CONNECT 163mx01.mxmail.netease.com:25 HTTP/1.0" 400 172 "-" "-"
123.151.42.61 - - [06/Aug/2016:17:39:02 +0800] "GET http://www.baidu.com/ HTTP/1.1" 200 623 "-" "-"
115.239.228.202 - - [06/Aug/2016:19:42:05 +0800] "GET http://zc.qq.com/cgi-bin/common/attr?id=260714&r=0.8894717442060155 HTTP/1.1" 404 570 "-" "Mozilla/5.0 (compatible; MSIE 9.0; Windows NT 6.1; Trident/5.0; 360SE)"
106.75.29.120 - - [06/Aug/2016:20:33:59 +0800] "CONNECT 106.75.29.120:44444 HTTP/1.1" 400 172 "-" "-"
115.239.228.202 - - [06/Aug/2016:20:55:10 +0800] "GET http://zc.qq.com/cgi-bin/common/attr?id=260714&r=0.8431754304674931 HTTP/1.1" 404 570 "-" "Mozilla/5.0 (compatible; MSIE 9.0; Windows NT 6.1; Trident/5.0; 360SE)"
115.230.124.174 - - [06/Aug/2016:21:16:47 +0800] "GET http://zc.qq.com/cgi-bin/common/attr?id=260714&r=0.2092221903386903 HTTP/1.1" 404 570 "-" "Mozilla/5.0 (compatible; MSIE 9.0; Windows NT 6.1; Trident/5.0; 360SE)"
220.160.232.29 - - [06/Aug/2016:21:27:47 +0800] "GET / HTTP/1.1" 200 623 "-" "Mozilla/4.0 (compatible; MSIE 6.0; Windows NT 5.0)"
115.160.171.43 - - [06/Aug/2016:21:35:17 +0800] "GET /manager/html HTTP/1.1" 404 168 "-" "Mozilla/3.0 (compatible; Indy Library)"
115.239.228.202 - - [06/Aug/2016:22:08:54 +0800] "GET http://zc.qq.com/cgi-bin/common/attr?id=260714&r=0.0413101885202947 HTTP/1.1" 404 570 "-" "Mozilla/5.0 (compatible; MSIE 9.0; Windows NT 6.1; Trident/5.0; 360SE)"
111.148.8.220 - - [06/Aug/2016:22:51:50 +0800] "GET /manager/html HTTP/1.1" 404 168 "-" "Mozilla/3.0 (compatible; Indy Library)"
222.186.50.43 - - [06/Aug/2016:23:23:46 +0800] "GET / HTTP/1.1" 200 623 "-" "python-requests/2.8.1"
115.239.228.202 - - [07/Aug/2016:00:35:46 +0800] "GET http://zc.qq.com/cgi-bin/common/attr?id=260714&r=0.8881930304940292 HTTP/1.1" 404 570 "-" "Mozilla/5.0 (compatible; MSIE 9.0; Windows NT 6.1; Trident/5.0; 360SE)"
222.186.138.11 - - [07/Aug/2016:00:52:57 +0800] "GET /manager/html HTTP/1.1" 404 570 "-" "Mozilla/5.0 (compatible; MSIE 10.0; Windows NT 6.2; WOW64; Trident/6.0)"
115.239.228.202 - - [07/Aug/2016:01:48:22 +0800] "GET http://zc.qq.com/cgi-bin/common/attr?id=260714&r=0.1309792762363232 HTTP/1.1" 404 570 "-" "Mozilla/5.0 (compatible; MSIE 9.0; Windows NT 6.1; Trident/5.0; 360SE)"
222.186.58.244 - - [07/Aug/2016:01:57:50 +0800] "GET /script HTTP/1.1" 404 168 "-" "python-requests/2.7.0 CPython/2.7.8 Windows/2003Server"
91.236.75.4 - - [07/Aug/2016:02:46:06 +0800] "GET http://www.google.com/reader/about/ HTTP/1.1" 404 570 "-" "Mozilla/4.0 (compatible; MSIE 6.0; Windows NT 5.1)"
115.239.228.202 - - [07/Aug/2016:03:01:23 +0800] "GET http://zc.qq.com/cgi-bin/common/attr?id=260714&r=0.1579950744524775 HTTP/1.1" 404 570 "-" "Mozilla/5.0 (compatible; MSIE 9.0; Windows NT 6.1; Trident/5.0; 360SE)"
101.200.75.138 - - [07/Aug/2016:03:13:07 +0800] "GET http://www.izhongsai.com/ HTTP/1.1" 200 623 "-" "Mozilla/5.0 (compatible; MSIE 9.0; AOL 9.0; Windows NT 6.0; Trident/5.0)"
123.151.42.61 - - [07/Aug/2016:04:00:21 +0800] "GET http://www.baidu.com/ HTTP/1.1" 200 623 "-" "-"
112.74.206.117 - - [07/Aug/2016:04:04:33 +0800] "GET / HTTP/1.1" 200 623 "-" "-"
115.239.228.202 - - [07/Aug/2016:04:14:18 +0800] "GET http://zc.qq.com/cgi-bin/common/attr?id=260714&r=0.0950125183183696 HTTP/1.1" 404 570 "-" "Mozilla/5.0 (compatible; MSIE 9.0; Windows NT 6.1; Trident/5.0; 360SE)"
106.75.29.120 - - [07/Aug/2016:04:19:12 +0800] "CONNECT 106.75.29.120:44444 HTTP/1.1" 400 172 "-" "-"
115.239.228.202 - - [07/Aug/2016:05:27:31 +0800] "GET http://zc.qq.com/cgi-bin/common/attr?id=260714&r=0.0825160647563184 HTTP/1.1" 404 570 "-" "Mozilla/5.0 (compatible; MSIE 9.0; Windows NT 6.1; Trident/5.0; 360SE)"
182.254.154.72 - - [07/Aug/2016:05:37:57 +0800] "GET http://115.159.79.85/check_proxy.php HTTP/1.1" 499 0 "-" "Java/1.8.0_51"
222.186.56.88 - - [07/Aug/2016:06:08:13 +0800] "GET / HTTP/1.1" 200 623 "-" "Mozilla/4.0 (compatible; MSIE 6.0; Windows NT 5.1"
80.82.78.38 - - [07/Aug/2016:06:32:27 +0800] "GET http://www.baidu.com/cache/global/img/gs.gif HTTP/1.1" 404 168 "-" "Mozilla"
115.239.228.202 - - [07/Aug/2016:06:41:08 +0800] "GET http://zc.qq.com/cgi-bin/common/attr?id=260714&r=0.2720929795478533 HTTP/1.1" 404 570 "-" "Mozilla/5.0 (compatible; MSIE 9.0; Windows NT 6.1; Trident/5.0; 360SE)"
115.239.228.202 - - [07/Aug/2016:07:53:53 +0800] "GET http://zc.qq.com/cgi-bin/common/attr?id=260714&r=0.0480200741986490 HTTP/1.1" 404 570 "-" "Mozilla/5.0 (compatible; MSIE 9.0; Windows NT 6.1; Trident/5.0; 360SE)"
58.221.72.198 - - [07/Aug/2016:08:16:18 +0800] "GET /manager/html HTTP/1.1" 404 168 "-" "Mozilla/3.0 (compatible; Indy Library)"
182.254.154.72 - - [07/Aug/2016:08:39:58 +0800] "GET http://115.159.79.85/check_proxy.php HTTP/1.1" 499 0 "-" "Java/1.8.0_51"
115.239.228.202 - - [07/Aug/2016:09:07:03 +0800] "GET http://zc.qq.com/cgi-bin/common/attr?id=260714&r=0.3660907429642745 HTTP/1.1" 404 570 "-" "Mozilla/5.0 (compatible; MSIE 9.0; Windows NT 6.1; Trident/5.0; 360SE)"
222.186.50.158 - - [07/Aug/2016:09:34:29 +0800] "GET /manager/html HTTP/1.1" 404 168 "-" "Mozilla/3.0 (compatible; Indy Library)"
93.174.93.136 - - [07/Aug/2016:09:40:18 +0800] "GET http://www.baidu.com/cache/global/img/gs.gif HTTP/1.1" 404 168 "-" "Mozilla"
117.21.191.10 - - [07/Aug/2016:10:38:44 +0800] "GET /computer HTTP/1.1" 404 168 "-" "python-requests/2.8.1"
115.239.228.202 - - [07/Aug/2016:11:33:41 +0800] "GET http://zc.qq.com/cgi-bin/common/attr?id=260714&r=0.7544605504589588 HTTP/1.1" 404 570 "-" "Mozilla/5.0 (compatible; MSIE 9.0; Windows NT 6.1; Trident/5.0; 360SE)"
101.201.53.64 - - [07/Aug/2016:11:41:38 +0800] "GET /manager/html HTTP/1.1" 404 570 "-" "Mozilla/5.0 (compatible; MSIE 10.0; Windows NT 6.2; WOW64; Trident/6.0)"
185.25.148.240 - - [07/Aug/2016:12:23:45 +0800] "GET http://testp1.piwo.pila.pl/testproxy.php HTTP/1.1" 499 0 "-" "Mozilla/5.0 (Windows NT 5.1; rv:32.0) Gecko/20100101 Firefox/31.0"
182.254.154.72 - - [07/Aug/2016:12:34:12 +0800] "GET http://115.159.79.85/check_proxy.php HTTP/1.1" 499 0 "-" "Java/1.8.0_51"
101.200.78.64 - - [07/Aug/2016:12:36:23 +0800] "GET / HTTP/1.1" 200 623 "-" "-"
115.239.228.202 - - [07/Aug/2016:12:46:43 +0800] "GET http://zc.qq.com/cgi-bin/common/attr?id=260714&r=0.8748641779410934 HTTP/1.1" 404 570 "-" "Mozilla/5.0 (compatible; MSIE 9.0; Windows NT 6.1; Trident/5.0; 360SE)"
94.102.49.174 - - [07/Aug/2016:12:53:26 +0800] "GET http://www.baidu.com/cache/global/img/gs.gif HTTP/1.1" 404 168 "-" "Mozilla"
222.186.56.88 - - [07/Aug/2016:13:51:19 +0800] "GET /manager/html HTTP/1.1" 404 570 "-" "Mozilla/5.0 (compatible; MSIE 10.0; Windows NT 6.2; WOW64; Trident/6.0)"
115.239.228.202 - - [07/Aug/2016:13:59:23 +0800] "GET http://zc.qq.com/cgi-bin/common/attr?id=260714&r=0.2574374908575188 HTTP/1.1" 404 570 "-" "Mozilla/5.0 (compatible; MSIE 9.0; Windows NT 6.1; Trident/5.0; 360SE)"
58.221.72.198 - - [07/Aug/2016:14:34:10 +0800] "GET /manager/html HTTP/1.1" 404 168 "-" "Mozilla/3.0 (compatible; Indy Library)"
222.186.56.88 - - [07/Aug/2016:14:37:50 +0800] "GET / HTTP/1.1" 200 623 "-" "Mozilla/4.0 (compatible; MSIE 6.0; Windows NT 5.1"
115.239.228.202 - - [07/Aug/2016:15:12:49 +0800] "GET http://zc.qq.com/cgi-bin/common/attr?id=260714&r=0.7314250119749508 HTTP/1.1" 404 570 "-" "Mozilla/5.0 (compatible; MSIE 9.0; Windows NT 6.1; Trident/5.0; 360SE)"
58.221.49.38 - - [07/Aug/2016:15:22:35 +0800] "GET /script HTTP/1.1" 404 168 "-" "python-requests/2.7.0 CPython/2.7.9 Windows/2003Server"
180.97.215.100 - - [07/Aug/2016:15:34:17 +0800] "GET /manager/html HTTP/1.1" 404 570 "-" "Mozilla/5.0 (compatible; MSIE 10.0; Windows NT 6.2; WOW64; Trident/6.0)"
222.186.21.68 - - [07/Aug/2016:15:47:07 +0800] "GET /manager/html HTTP/1.1" 404 570 "-" "Mozilla/5.0 (compatible; MSIE 10.0; Windows NT 6.2; WOW64; Trident/6.0)"
123.151.42.61 - - [07/Aug/2016:15:59:11 +0800] "GET http://www.baidu.com/ HTTP/1.1" 200 623 "-" "-"
115.239.228.202 - - [07/Aug/2016:16:26:06 +0800] "GET http://zc.qq.com/cgi-bin/common/attr?id=260714&r=0.6379682397033997 HTTP/1.1" 404 570 "-" "Mozilla/5.0 (compatible; MSIE 9.0; Windows NT 6.1; Trident/5.0; 360SE)"
204.93.154.220 - - [07/Aug/2016:16:28:18 +0800] "GET / HTTP/1.0" 200 623 "-" "-"
115.239.248.50 - - [07/Aug/2016:17:01:10 +0800] "GET /manager/html HTTP/1.1" 404 570 "-" "Mozilla/5.0 (compatible; MSIE 10.0; Windows NT 6.2; WOW64; Trident/6.0)"
163.172.173.181 - - [07/Aug/2016:17:16:11 +0800] "GET http://www.baidu.com/cache/global/img/gs.gif HTTP/1.1" 404 168 "-" "Mozilla"
115.239.228.202 - - [07/Aug/2016:17:39:28 +0800] "GET http://zc.qq.com/cgi-bin/common/attr?id=260714&r=0.7630359163974636 HTTP/1.1" 404 570 "-" "Mozilla/5.0 (compatible; MSIE 9.0; Windows NT 6.1; Trident/5.0; 360SE)"
222.186.58.140 - - [07/Aug/2016:17:55:42 +0800] "GET /script HTTP/1.1" 404 168 "-" "python-requests/2.7.0 CPython/2.7.9 Windows/2003Server"
198.44.177.59 - - [07/Aug/2016:17:56:01 +0800] "GET /manager/html HTTP/1.1" 404 570 "-" "Mozilla/5.0 (compatible; MSIE 10.0; Windows NT 6.2; WOW64; Trident/6.0)"
23.251.40.103 - - [07/Aug/2016:19:05:15 +0800] "GET http://fr.cyberpods.net/ HTTP/1.1" 200 623 "-" "Mozilla/5.0 (compatible; MSIE 6.0; Windows NT 5.1; Trident/5.0)"
23.251.40.103 - - [07/Aug/2016:19:05:16 +0800] "CONNECT www.alipay.com:443 HTTP/1.0" 400 172 "-" "-"
58.221.49.38 - - [07/Aug/2016:19:23:31 +0800] "GET /script HTTP/1.1" 404 168 "-" "python-requests/2.7.0 CPython/2.7.9 Windows/2003Server"
115.239.228.202 - - [07/Aug/2016:20:05:30 +0800] "GET http://zc.qq.com/cgi-bin/common/attr?id=260714&r=0.2330906817194421 HTTP/1.1" 404 570 "-" "Mozilla/5.0 (compatible; MSIE 9.0; Windows NT 6.1; Trident/5.0; 360SE)"
115.239.228.202 - - [07/Aug/2016:21:18:27 +0800] "GET http://zc.qq.com/cgi-bin/common/attr?id=260714&r=0.0702871241530760 HTTP/1.1" 404 570 "-" "Mozilla/5.0 (compatible; MSIE 9.0; Windows NT 6.1; Trident/5.0; 360SE)"
121.199.70.200 - - [07/Aug/2016:21:52:57 +0800] "GET / HTTP/1.1" 200 623 "-" "-"
115.160.171.43 - - [07/Aug/2016:23:13:02 +0800] "GET /manager/html HTTP/1.1" 404 168 "-" "Mozilla/3.0 (compatible; Indy Library)"
182.254.154.72 - - [07/Aug/2016:23:32:25 +0800] "GET http://115.159.79.85/check_proxy.php HTTP/1.1" 499 0 "-" "Java/1.8.0_51"
115.239.228.202 - - [07/Aug/2016:23:44:52 +0800] "GET http://zc.qq.com/cgi-bin/common/attr?id=260714&r=0.3598732899583828 HTTP/1.1" 404 570 "-" "Mozilla/5.0 (compatible; MSIE 9.0; Windows NT 6.1; Trident/5.0; 360SE)"
115.239.228.202 - - [08/Aug/2016:02:10:56 +0800] "GET http://zc.qq.com/cgi-bin/common/attr?id=260714&r=0.2538613847331087 HTTP/1.1" 404 570 "-" "Mozilla/5.0 (compatible; MSIE 9.0; Windows NT 6.1; Trident/5.0; 360SE)"
111.73.46.143 - - [08/Aug/2016:02:21:01 +0800] "GET / HTTP/1.1" 200 623 "-" "Mozilla/4.0 (compatible; MSIE 6.0; Windows NT 5.1"
96.228.211.79 - - [08/Aug/2016:03:10:57 +0800] "\x00" 400 172 "-" "-"
96.228.211.79 - - [08/Aug/2016:03:11:47 +0800] "GET http://httpheader.net/ HTTP/1.1" 200 623 "-" "Mozilla/5.0 (Windows; U; Windows NT 6.1; en-US; rv:1.9.2.28) Gecko/20120306 Firefox/3.6.28 (.NET CLR 3.5.30729)"
96.228.211.79 - - [08/Aug/2016:03:11:49 +0800] "\x04\x01\x00P\xC0c\xF660\x00" 400 172 "-" "-"
96.228.211.79 - - [08/Aug/2016:03:11:49 +0800] "\x04\x01\x00P\xC0c\xF660\x00" 400 172 "-" "-"
96.228.211.79 - - [08/Aug/2016:03:11:50 +0800] "\x05\x01\x00" 400 172 "-" "-"
115.239.228.202 - - [08/Aug/2016:03:24:10 +0800] "GET http://zc.qq.com/cgi-bin/common/attr?id=260714&r=0.2586962889534367 HTTP/1.1" 404 570 "-" "Mozilla/5.0 (compatible; MSIE 9.0; Windows NT 6.1; Trident/5.0; 360SE)"
115.239.228.202 - - [08/Aug/2016:04:37:40 +0800] "GET http://zc.qq.com/cgi-bin/common/attr?id=260714&r=0.2662478700266975 HTTP/1.1" 404 570 "-" "Mozilla/5.0 (compatible; MSIE 9.0; Windows NT 6.1; Trident/5.0; 360SE)"
80.82.78.38 - - [08/Aug/2016:04:48:47 +0800] "GET http://www.baidu.com/cache/global/img/gs.gif HTTP/1.1" 404 168 "-" "Mozilla"
222.35.18.100 - - [08/Aug/2016:05:39:02 +0800] "GET /manager/html HTTP/1.1" 404 168 "-" "Mozilla/3.0 (compatible; Indy Library)"
115.239.228.202 - - [08/Aug/2016:05:50:43 +0800] "GET http://zc.qq.com/cgi-bin/common/attr?id=260714&r=0.6470362766782496 HTTP/1.1" 404 570 "-" "Mozilla/5.0 (compatible; MSIE 9.0; Windows NT 6.1; Trident/5.0; 360SE)"
182.254.154.72 - - [08/Aug/2016:05:59:53 +0800] "GET http://115.159.79.85/check_proxy.php HTTP/1.1" 499 0 "-" "Java/1.8.0_51"
111.73.46.143 - - [08/Aug/2016:06:05:53 +0800] "GET / HTTP/1.1" 200 623 "-" "Mozilla/4.0 (compatible; MSIE 6.0; Windows NT 5.1"
115.239.228.202 - - [08/Aug/2016:07:03:34 +0800] "GET http://zc.qq.com/cgi-bin/common/attr?id=260714&r=0.9670140837096494 HTTP/1.1" 404 570 "-" "Mozilla/5.0 (compatible; MSIE 9.0; Windows NT 6.1; Trident/5.0; 360SE)"
115.239.228.202 - - [08/Aug/2016:08:17:01 +0800] "GET http://zc.qq.com/cgi-bin/common/attr?id=260714&r=0.7123249450904146 HTTP/1.1" 404 570 "-" "Mozilla/5.0 (compatible; MSIE 9.0; Windows NT 6.1; Trident/5.0; 360SE)"
111.73.46.143 - - [08/Aug/2016:09:21:04 +0800] "GET / HTTP/1.1" 200 623 "-" "Mozilla/4.0 (compatible; MSIE 6.0; Windows NT 5.1"
115.239.228.202 - - [08/Aug/2016:10:43:09 +0800] "GET http://zc.qq.com/cgi-bin/common/attr?id=260714&r=0.3993187033925451 HTTP/1.1" 404 570 "-" "Mozilla/5.0 (compatible; MSIE 9.0; Windows NT 6.1; Trident/5.0; 360SE)"
183.129.160.229 - - [08/Aug/2016:10:56:01 +0800] "GET / HTTP/1.1" 200 623 "-" "Mozilla/5.0 (Macintosh; Intel Mac OS X 10.11; rv:47.0) Gecko/20100101 Firefox/47.0"
183.129.160.229 - - [08/Aug/2016:10:56:06 +0800] "test" 400 172 "-" "-"
111.248.123.143 - - [08/Aug/2016:11:29:45 +0800] "CONNECT 163mx00.mxmail.netease.com:25 HTTP/1.0" 400 172 "-" "-"
122.224.121.146 - - [08/Aug/2016:11:51:16 +0800] "HEAD http://www.baidu.com/ HTTP/1.1" 200 0 "-" "Java/1.8.0_77"
115.239.228.202 - - [08/Aug/2016:11:56:11 +0800] "GET http://zc.qq.com/cgi-bin/common/attr?id=260714&r=0.1207742928213873 HTTP/1.1" 404 570 "-" "Mozilla/5.0 (compatible; MSIE 9.0; Windows NT 6.1; Trident/5.0; 360SE)"
115.239.228.202 - - [08/Aug/2016:13:09:02 +0800] "GET http://zc.qq.com/cgi-bin/common/attr?id=260714&r=0.9289749653859771 HTTP/1.1" 404 570 "-" "Mozilla/5.0 (compatible; MSIE 9.0; Windows NT 6.1; Trident/5.0; 360SE)"
122.224.121.146 - - [08/Aug/2016:13:27:17 +0800] "HEAD http://www.baidu.com/ HTTP/1.1" 200 0 "-" "Java/1.8.0_65"
122.224.121.146 - - [08/Aug/2016:13:53:22 +0800] "HEAD http://www.baidu.com/ HTTP/1.1" 200 0 "-" "Java/1.8.0_65"
93.174.93.136 - - [08/Aug/2016:14:14:18 +0800] "GET http://www.baidu.com/cache/global/img/gs.gif HTTP/1.1" 404 168 "-" "Mozilla"
185.25.151.159 - - [08/Aug/2016:14:21:33 +0800] "GET http://testp3.pospr.waw.pl/testproxy.php HTTP/1.1" 499 0 "-" "Mozilla/5.0 (Windows NT 5.1; rv:32.0) Gecko/20100101 Firefox/31.0"
115.239.228.202 - - [08/Aug/2016:14:22:20 +0800] "GET http://zc.qq.com/cgi-bin/common/attr?id=260714&r=0.6684064071754642 HTTP/1.1" 404 570 "-" "Mozilla/5.0 (compatible; MSIE 9.0; Windows NT 6.1; Trident/5.0; 360SE)"
91.236.75.4 - - [08/Aug/2016:14:39:35 +0800] "GET http://www.google.com/reader/about/ HTTP/1.1" 404 570 "-" "Mozilla/4.0 (compatible; MSIE 6.0; Windows NT 5.1)"
111.73.46.143 - - [08/Aug/2016:15:25:27 +0800] "GET / HTTP/1.1" 200 623 "-" "Mozilla/4.0 (compatible; MSIE 6.0; Windows NT 5.1"
115.239.228.202 - - [08/Aug/2016:15:35:30 +0800] "GET http://zc.qq.com/cgi-bin/common/attr?id=260714&r=0.7476013440597966 HTTP/1.1" 404 570 "-" "Mozilla/5.0 (compatible; MSIE 9.0; Windows NT 6.1; Trident/5.0; 360SE)"
182.254.154.72 - - [08/Aug/2016:15:52:41 +0800] "GET http://115.159.79.85/check_proxy.php HTTP/1.1" 499 0 "-" "Java/1.8.0_51"
123.151.42.61 - - [08/Aug/2016:16:39:22 +0800] "GET http://www.baidu.com/ HTTP/1.1" 200 623 "-" "-"
115.239.228.202 - - [08/Aug/2016:16:48:35 +0800] "GET http://zc.qq.com/cgi-bin/common/attr?id=260714&r=0.5862421049002072 HTTP/1.1" 404 570 "-" "Mozilla/5.0 (compatible; MSIE 9.0; Windows NT 6.1; Trident/5.0; 360SE)"
23.247.5.48 - - [08/Aug/2016:17:13:05 +0800] "GET /manager/html HTTP/1.1" 404 168 "-" "Mozilla/3.0 (compatible; Indy Library)"
123.249.45.178 - - [08/Aug/2016:17:16:15 +0800] "GET /script HTTP/1.1" 404 168 "-" "python-requests/2.7.0 CPython/2.7.9 Windows/2003Server"
115.239.228.202 - - [08/Aug/2016:18:01:34 +0800] "GET http://zc.qq.com/cgi-bin/common/attr?id=260714&r=0.8448979856160263 HTTP/1.1" 404 570 "-" "Mozilla/5.0 (compatible; MSIE 9.0; Windows NT 6.1; Trident/5.0; 360SE)"
91.236.75.4 - - [08/Aug/2016:18:21:48 +0800] "GET http://www.google.com/reader/about/ HTTP/1.1" 404 570 "-" "Mozilla/4.0 (compatible; MSIE 6.0; Windows NT 5.1)"
111.73.46.143 - - [08/Aug/2016:18:57:23 +0800] "GET / HTTP/1.1" 200 623 "-" "Mozilla/4.0 (compatible; MSIE 6.0; Windows NT 5.1"
120.132.50.135 - - [08/Aug/2016:19:13:13 +0800] "GET http://www.elong.com/ HTTP/1.1" 200 623 "-" "Mozilla/5.0 (Windows NT 6.1; WOW64; rv:29.0) Gecko/20100101 Firefox/29.0"
120.132.50.135 - - [08/Aug/2016:19:13:26 +0800] "GET http://www.ctrip.com/ HTTP/1.1" 200 623 "-" "Mozilla/5.0 (Windows NT 6.1; WOW64; rv:29.0) Gecko/20100101 Firefox/29.0"
115.239.228.202 - - [08/Aug/2016:19:14:26 +0800] "GET http://zc.qq.com/cgi-bin/common/attr?id=260714&r=0.3706667937747190 HTTP/1.1" 404 570 "-" "Mozilla/5.0 (compatible; MSIE 9.0; Windows NT 6.1; Trident/5.0; 360SE)"
111.73.46.143 - - [08/Aug/2016:19:31:10 +0800] "GET / HTTP/1.1" 200 623 "-" "Mozilla/4.0 (compatible; MSIE 6.0; Windows NT 5.1"
222.186.34.69 - - [08/Aug/2016:19:55:36 +0800] "GET /manager/html HTTP/1.1" 404 570 "-" "Mozilla/5.0 (compatible; MSIE 10.0; Windows NT 6.2; WOW64; Trident/6.0)"
183.142.193.27 - - [08/Aug/2016:20:21:23 +0800] "GET /webseed?info_hash=%ba%1c)%fc%c4%88%d5G0c%e7u%b7%e2%ac%9f%eb%a2%d9%c1&?info_hash=%ba%1c)%fc%c4%88%d5G0c%e7u%b7%e2%ac%9f%eb%a2%d9%c1&piece=1668&ranges=98304-114687 HTTP/1.1" 404 168 "-" "Xfplay 9.9.3"
183.142.193.27 - - [08/Aug/2016:20:21:23 +0800] "GET /webseed?info_hash=%ba%1c)%fc%c4%88%d5G0c%e7u%b7%e2%ac%9f%eb%a2%d9%c1&?info_hash=%ba%1c)%fc%c4%88%d5G0c%e7u%b7%e2%ac%9f%eb%a2%d9%c1&piece=1668&ranges=114688-131071 HTTP/1.1" 404 168 "-" "-"
125.120.116.225 - - [08/Aug/2016:20:25:15 +0800] "GET /webseed?info_hash=%ba%1c)%fc%c4%88%d5G0c%e7u%b7%e2%ac%9f%eb%a2%d9%c1&?info_hash=%ba%1c)%fc%c4%88%d5G0c%e7u%b7%e2%ac%9f%eb%a2%d9%c1&piece=1667&ranges=0-16383 HTTP/1.1" 404 168 "-" "Xfplay Android 4.9.9.2"
125.120.116.225 - - [08/Aug/2016:20:25:15 +0800] "GET /webseed?info_hash=%ba%1c)%fc%c4%88%d5G0c%e7u%b7%e2%ac%9f%eb%a2%d9%c1&?info_hash=%ba%1c)%fc%c4%88%d5G0c%e7u%b7%e2%ac%9f%eb%a2%d9%c1&piece=1667&ranges=16384-32767 HTTP/1.1" 404 168 "-" "-"
115.239.228.202 - - [08/Aug/2016:20:28:06 +0800] "GET http://zc.qq.com/cgi-bin/common/attr?id=260714&r=0.0742509367619918 HTTP/1.1" 404 570 "-" "Mozilla/5.0 (compatible; MSIE 9.0; Windows NT 6.1; Trident/5.0; 360SE)"
125.120.116.225 - - [08/Aug/2016:20:30:16 +0800] "GET /webseed?info_hash=%ba%1c)%fc%c4%88%d5G0c%e7u%b7%e2%ac%9f%eb%a2%d9%c1&?info_hash=%ba%1c)%fc%c4%88%d5G0c%e7u%b7%e2%ac%9f%eb%a2%d9%c1&piece=131&ranges=32768-49151 HTTP/1.1" 404 168 "-" "Xfplay Android 4.9.9.2"
125.120.116.225 - - [08/Aug/2016:20:30:16 +0800] "GET /webseed?info_hash=%ba%1c)%fc%c4%88%d5G0c%e7u%b7%e2%ac%9f%eb%a2%d9%c1&?info_hash=%ba%1c)%fc%c4%88%d5G0c%e7u%b7%e2%ac%9f%eb%a2%d9%c1&piece=131&ranges=49152-65535 HTTP/1.1" 404 168 "-" "-"
125.120.116.225 - - [08/Aug/2016:20:35:17 +0800] "GET /webseed?info_hash=%ba%1c)%fc%c4%88%d5G0c%e7u%b7%e2%ac%9f%eb%a2%d9%c1&?info_hash=%ba%1c)%fc%c4%88%d5G0c%e7u%b7%e2%ac%9f%eb%a2%d9%c1&piece=222&ranges=65536-81919 HTTP/1.1" 404 168 "-" "Xfplay Android 4.9.9.2"
125.120.116.225 - - [08/Aug/2016:20:35:17 +0800] "GET /webseed?info_hash=%ba%1c)%fc%c4%88%d5G0c%e7u%b7%e2%ac%9f%eb%a2%d9%c1&?info_hash=%ba%1c)%fc%c4%88%d5G0c%e7u%b7%e2%ac%9f%eb%a2%d9%c1&piece=222&ranges=81920-98303 HTTP/1.1" 404 168 "-" "-"
